<html>
<body>
<pre>
<h1>µVision Build Log</h1>
<h2>Tool Versions:</h2>
IDE-Version: ¦ÌVision V5.35.0.0
Copyright (C) 2021 ARM Ltd and ARM Germany GmbH. All rights reserved.
License Information: 1 lll-kee, 11, LIC=47GU5-GS4GJ-RA7DM-XUBWB-SJ4CV-EM61K
 
Tool Versions:
Toolchain:       MDK-ARM Plus  Version: 5.35.0.2
Toolchain Path:  D:\k5\ARM\ARMCC\Bin
C Compiler:      Armcc.exe V5.06 update 7 (build 960)
Assembler:       Armasm.exe V5.06 update 7 (build 960)
Linker/Locator:  ArmLink.exe V5.06 update 7 (build 960)
Library Manager: ArmAr.exe V5.06 update 7 (build 960)
Hex Converter:   FromElf.exe V5.06 update 7 (build 960)
CPU DLL:         SARMCM3.DLL V5.35.0.2
Dialog DLL:      DCM.DLL V1.17.3.0
Target DLL:      STLink\ST-LINKIII-KEIL_SWO.dll V3.0.1.0
Dialog DLL:      TCM.DLL V1.53.0.0
 
<h2>Project:</h2>
C:\Users\lll-kee\Desktop\version 3\OBJ\template-ploject.uvprojx
Project File Date:  08/04/2022

<h2>Output:</h2>
*** Using Compiler 'V5.06 update 7 (build 960)', folder: 'D:\k5\ARM\ARMCC\Bin'
Build target 'Target 1'
compiling main.c...
..\User\main.c(68): warning:  #177-D: function "oled_and_data_task"  was declared but never referenced
  static void oled_and_data_task(void)
..\User\main.c(91): warning:  #177-D: function "light_system_task"  was declared but never referenced
  static void light_system_task(void)
..\User\main.c(150): warning:  #177-D: function "soil_system_task"  was declared but never referenced
  static void soil_system_task(void)
..\User\main.c(171): warning:  #177-D: function "Processing_data_task"  was declared but never referenced
  static void Processing_data_task(void)
..\User\main.c: 4 warnings, 0 errors
linking...
Program Size: Code=19724 RO-data=2400 RW-data=324 ZI-data=2676  
FromELF: creating hex file...
".\template-ploject.axf" - 0 Error(s), 4 Warning(s).

<h2>Software Packages used:</h2>

Package Vendor: Keil
                http://www.keil.com/pack/Keil.STM32F1xx_DFP.2.3.0.pack
                Keil.STM32F1xx_DFP.2.3.0
                STMicroelectronics STM32F1 Series Device Support, Drivers and Examples

<h2>Collection of Component include folders:</h2>
  D:\k5\Keil\STM32F1xx_DFP\2.3.0\Device\Include

<h2>Collection of Component Files used:</h2>
Build Time Elapsed:  00:00:03
</pre>
</body>
</html>
