<!doctype html public "-//w3c//dtd html 4.0 transitional//en">
<html><head>
<title>Static Call Graph - [.\template-ploject.axf]</title></head>
<body><HR>
<H1>Static Call Graph for image .\template-ploject.axf</H1><HR>
<BR><P>#&#060CALLGRAPH&#062# ARM Linker, 5060960: Last Updated: Thu Aug 04 21:08:47 2022
<BR><P>
<H3>Maximum Stack Usage =        376 bytes + Unknown(Functions without stacksize, Cycles, Untraceable Function Pointers)</H3><H3>
Call chain for Maximum Stack Depth:</H3>
__rt_entry_main &rArr; main &rArr; LOS_KernelInit &rArr; osSwTmrInit &rArr; osSwTmrTaskCreate &rArr; LOS_TaskCreate &rArr; LOS_TaskCreateOnly &rArr; LOS_MemAllocAlign &rArr; osHeapAllocAlign &rArr; osHeapAlloc &rArr; __2printf &rArr; _printf_char_file &rArr; _printf_char_common &rArr; __printf
<P>
<H3>
Functions with no stack information
</H3><UL>
 <LI><a href="#[71]">__user_initial_stackheap</a>
 <LI><a href="#[ca]">LOS_StartToRun</a>
 <LI><a href="#[b9]">LOS_IntLock</a>
 <LI><a href="#[15c]">LOS_IntUnLock</a>
 <LI><a href="#[ba]">LOS_IntRestore</a>
 <LI><a href="#[c7]">osTaskSchedule</a>
 <LI><a href="#[c]">PendSV_Handler</a>
</UL>
</UL>
<P>
<H3>
Mutually Recursive functions
</H3> <LI><a href="#[20]">ADC1_2_IRQHandler</a>&nbsp;&nbsp;&nbsp;&rArr;&nbsp;&nbsp;&nbsp;<a href="#[20]">ADC1_2_IRQHandler</a><BR>
 <LI><a href="#[107]">rbWrite</a>&nbsp;&nbsp;&nbsp;&rArr;&nbsp;&nbsp;&nbsp;<a href="#[107]">rbWrite</a><BR>
</UL>
<P>
<H3>
Function Pointers
</H3><UL>
 <LI><a href="#[20]">ADC1_2_IRQHandler</a> from startup_stm32f10x_md.o(.text) referenced from startup_stm32f10x_md.o(RESET)
 <LI><a href="#[8]">BusFault_Handler</a> from stm32f10x_it.o(i.BusFault_Handler) referenced from startup_stm32f10x_md.o(RESET)
 <LI><a href="#[23]">CAN1_RX1_IRQHandler</a> from startup_stm32f10x_md.o(.text) referenced from startup_stm32f10x_md.o(RESET)
 <LI><a href="#[24]">CAN1_SCE_IRQHandler</a> from startup_stm32f10x_md.o(.text) referenced from startup_stm32f10x_md.o(RESET)
 <LI><a href="#[3f]">DHT11_task</a> from main.o(i.DHT11_task) referenced from main.o(i.AppTaskCreate)
 <LI><a href="#[19]">DMA1_Channel1_IRQHandler</a> from startup_stm32f10x_md.o(.text) referenced from startup_stm32f10x_md.o(RESET)
 <LI><a href="#[1a]">DMA1_Channel2_IRQHandler</a> from dma1.o(i.DMA1_Channel2_IRQHandler) referenced from startup_stm32f10x_md.o(RESET)
 <LI><a href="#[1b]">DMA1_Channel3_IRQHandler</a> from startup_stm32f10x_md.o(.text) referenced from startup_stm32f10x_md.o(RESET)
 <LI><a href="#[1c]">DMA1_Channel4_IRQHandler</a> from startup_stm32f10x_md.o(.text) referenced from startup_stm32f10x_md.o(RESET)
 <LI><a href="#[1d]">DMA1_Channel5_IRQHandler</a> from startup_stm32f10x_md.o(.text) referenced from startup_stm32f10x_md.o(RESET)
 <LI><a href="#[1e]">DMA1_Channel6_IRQHandler</a> from startup_stm32f10x_md.o(.text) referenced from startup_stm32f10x_md.o(RESET)
 <LI><a href="#[1f]">DMA1_Channel7_IRQHandler</a> from startup_stm32f10x_md.o(.text) referenced from startup_stm32f10x_md.o(RESET)
 <LI><a href="#[b]">DebugMon_Handler</a> from stm32f10x_it.o(i.DebugMon_Handler) referenced from startup_stm32f10x_md.o(RESET)
 <LI><a href="#[14]">EXTI0_IRQHandler</a> from startup_stm32f10x_md.o(.text) referenced from startup_stm32f10x_md.o(RESET)
 <LI><a href="#[36]">EXTI15_10_IRQHandler</a> from startup_stm32f10x_md.o(.text) referenced from startup_stm32f10x_md.o(RESET)
 <LI><a href="#[15]">EXTI1_IRQHandler</a> from startup_stm32f10x_md.o(.text) referenced from startup_stm32f10x_md.o(RESET)
 <LI><a href="#[16]">EXTI2_IRQHandler</a> from startup_stm32f10x_md.o(.text) referenced from startup_stm32f10x_md.o(RESET)
 <LI><a href="#[17]">EXTI3_IRQHandler</a> from startup_stm32f10x_md.o(.text) referenced from startup_stm32f10x_md.o(RESET)
 <LI><a href="#[18]">EXTI4_IRQHandler</a> from startup_stm32f10x_md.o(.text) referenced from startup_stm32f10x_md.o(RESET)
 <LI><a href="#[25]">EXTI9_5_IRQHandler</a> from startup_stm32f10x_md.o(.text) referenced from startup_stm32f10x_md.o(RESET)
 <LI><a href="#[12]">FLASH_IRQHandler</a> from startup_stm32f10x_md.o(.text) referenced from startup_stm32f10x_md.o(RESET)
 <LI><a href="#[6]">HardFault_Handler</a> from stm32f10x_it.o(i.HardFault_Handler) referenced from startup_stm32f10x_md.o(RESET)
 <LI><a href="#[2e]">I2C1_ER_IRQHandler</a> from startup_stm32f10x_md.o(.text) referenced from startup_stm32f10x_md.o(RESET)
 <LI><a href="#[2d]">I2C1_EV_IRQHandler</a> from startup_stm32f10x_md.o(.text) referenced from startup_stm32f10x_md.o(RESET)
 <LI><a href="#[30]">I2C2_ER_IRQHandler</a> from startup_stm32f10x_md.o(.text) referenced from startup_stm32f10x_md.o(RESET)
 <LI><a href="#[2f]">I2C2_EV_IRQHandler</a> from startup_stm32f10x_md.o(.text) referenced from startup_stm32f10x_md.o(RESET)
 <LI><a href="#[3d]">Led1Task</a> from main.o(i.Led1Task) referenced from main.o(i.AppTaskCreate)
 <LI><a href="#[3e]">Led2Task</a> from main.o(i.Led2Task) referenced from main.o(i.AppTaskCreate)
 <LI><a href="#[7]">MemManage_Handler</a> from stm32f10x_it.o(i.MemManage_Handler) referenced from startup_stm32f10x_md.o(RESET)
 <LI><a href="#[5]">NMI_Handler</a> from stm32f10x_it.o(i.NMI_Handler) referenced from startup_stm32f10x_md.o(RESET)
 <LI><a href="#[f]">PVD_IRQHandler</a> from startup_stm32f10x_md.o(.text) referenced from startup_stm32f10x_md.o(RESET)
 <LI><a href="#[c]">PendSV_Handler</a> from los_dispatch_keil.o(.text) referenced from startup_stm32f10x_md.o(RESET)
 <LI><a href="#[13]">RCC_IRQHandler</a> from startup_stm32f10x_md.o(.text) referenced from startup_stm32f10x_md.o(RESET)
 <LI><a href="#[37]">RTCAlarm_IRQHandler</a> from startup_stm32f10x_md.o(.text) referenced from startup_stm32f10x_md.o(RESET)
 <LI><a href="#[11]">RTC_IRQHandler</a> from startup_stm32f10x_md.o(.text) referenced from startup_stm32f10x_md.o(RESET)
 <LI><a href="#[4]">Reset_Handler</a> from startup_stm32f10x_md.o(.text) referenced from startup_stm32f10x_md.o(RESET)
 <LI><a href="#[31]">SPI1_IRQHandler</a> from startup_stm32f10x_md.o(.text) referenced from startup_stm32f10x_md.o(RESET)
 <LI><a href="#[32]">SPI2_IRQHandler</a> from startup_stm32f10x_md.o(.text) referenced from startup_stm32f10x_md.o(RESET)
 <LI><a href="#[a]">SVC_Handler</a> from stm32f10x_it.o(i.SVC_Handler) referenced from startup_stm32f10x_md.o(RESET)
 <LI><a href="#[d]">SysTick_Handler</a> from los_hwi.o(i.SysTick_Handler) referenced from startup_stm32f10x_md.o(RESET)
 <LI><a href="#[39]">SystemInit</a> from system_stm32f10x.o(i.SystemInit) referenced from startup_stm32f10x_md.o(.text)
 <LI><a href="#[10]">TAMPER_IRQHandler</a> from startup_stm32f10x_md.o(.text) referenced from startup_stm32f10x_md.o(RESET)
 <LI><a href="#[26]">TIM1_BRK_IRQHandler</a> from startup_stm32f10x_md.o(.text) referenced from startup_stm32f10x_md.o(RESET)
 <LI><a href="#[29]">TIM1_CC_IRQHandler</a> from startup_stm32f10x_md.o(.text) referenced from startup_stm32f10x_md.o(RESET)
 <LI><a href="#[28]">TIM1_TRG_COM_IRQHandler</a> from startup_stm32f10x_md.o(.text) referenced from startup_stm32f10x_md.o(RESET)
 <LI><a href="#[27]">TIM1_UP_IRQHandler</a> from startup_stm32f10x_md.o(.text) referenced from startup_stm32f10x_md.o(RESET)
 <LI><a href="#[2a]">TIM2_IRQHandler</a> from startup_stm32f10x_md.o(.text) referenced from startup_stm32f10x_md.o(RESET)
 <LI><a href="#[2b]">TIM3_IRQHandler</a> from timer.o(i.TIM3_IRQHandler) referenced from startup_stm32f10x_md.o(RESET)
 <LI><a href="#[2c]">TIM4_IRQHandler</a> from startup_stm32f10x_md.o(.text) referenced from startup_stm32f10x_md.o(RESET)
 <LI><a href="#[33]">USART1_IRQHandler</a> from usart.o(i.USART1_IRQHandler) referenced from startup_stm32f10x_md.o(RESET)
 <LI><a href="#[34]">USART2_IRQHandler</a> from startup_stm32f10x_md.o(.text) referenced from startup_stm32f10x_md.o(RESET)
 <LI><a href="#[35]">USART3_IRQHandler</a> from usart3.o(i.USART3_IRQHandler) referenced from startup_stm32f10x_md.o(RESET)
 <LI><a href="#[38]">USBWakeUp_IRQHandler</a> from startup_stm32f10x_md.o(.text) referenced from startup_stm32f10x_md.o(RESET)
 <LI><a href="#[21]">USB_HP_CAN1_TX_IRQHandler</a> from startup_stm32f10x_md.o(.text) referenced from startup_stm32f10x_md.o(RESET)
 <LI><a href="#[22]">USB_LP_CAN1_RX0_IRQHandler</a> from startup_stm32f10x_md.o(.text) referenced from startup_stm32f10x_md.o(RESET)
 <LI><a href="#[9]">UsageFault_Handler</a> from stm32f10x_it.o(i.UsageFault_Handler) referenced from startup_stm32f10x_md.o(RESET)
 <LI><a href="#[e]">WWDG_IRQHandler</a> from startup_stm32f10x_md.o(.text) referenced from startup_stm32f10x_md.o(RESET)
 <LI><a href="#[45]">__main</a> from __main.o(!!!main) referenced from startup_stm32f10x_md.o(.text)
 <LI><a href="#[3c]">_printf_input_char</a> from _printf_char_common.o(.text) referenced from _printf_char_common.o(.text)
 <LI><a href="#[3b]">fputc</a> from usart.o(i.fputc) referenced from _printf_char_file.o(.text)
 <LI><a href="#[40]">osIdleTask</a> from los_task.o(i.osIdleTask) referenced from los_task.o(i.LOS_TaskCreateOnly)
 <LI><a href="#[40]">osIdleTask</a> from los_task.o(i.osIdleTask) referenced from los_task.o(i.osIdleTaskCreate)
 <LI><a href="#[41]">osSwTmrTask</a> from los_swtmr.o(i.osSwTmrTask) referenced from los_swtmr.o(i.osSwTmrTaskCreate)
 <LI><a href="#[44]">osTaskEntry</a> from los_task.o(i.osTaskEntry) referenced from los_hw.o(i.osTskStackInit)
 <LI><a href="#[43]">osTaskExit</a> from los_hw.o(i.osTaskExit) referenced from los_hw.o(i.osTskStackInit)
 <LI><a href="#[42]">osTaskSwitchCheck</a> from los_task.o(i.osTaskSwitchCheck) referenced from los_task.o(i.osTaskMonInit)
</UL>
<P>
<H3>
Global Symbols
</H3>
<P><STRONG><a name="[45]"></a>__main</STRONG> (Thumb, 8 bytes, Stack size 0 bytes, __main.o(!!!main))
<BR><BR>[Calls]<UL><LI><a href="#[47]">&gt;&gt;</a>&nbsp;&nbsp;&nbsp;__rt_entry
<LI><a href="#[46]">&gt;&gt;</a>&nbsp;&nbsp;&nbsp;__scatterload
</UL>

<P><STRONG><a name="[46]"></a>__scatterload</STRONG> (Thumb, 0 bytes, Stack size unknown bytes, __scatter.o(!!!scatter))
<BR><BR>[Called By]<UL><LI><a href="#[45]">&gt;&gt;</a>&nbsp;&nbsp;&nbsp;__main
</UL>

<P><STRONG><a name="[48]"></a>__scatterload_rt2</STRONG> (Thumb, 44 bytes, Stack size unknown bytes, __scatter.o(!!!scatter), UNUSED)
<BR><BR>[Calls]<UL><LI><a href="#[47]">&gt;&gt;</a>&nbsp;&nbsp;&nbsp;__rt_entry
</UL>

<P><STRONG><a name="[135]"></a>__scatterload_rt2_thumb_only</STRONG> (Thumb, 0 bytes, Stack size unknown bytes, __scatter.o(!!!scatter), UNUSED)

<P><STRONG><a name="[136]"></a>__scatterload_null</STRONG> (Thumb, 0 bytes, Stack size unknown bytes, __scatter.o(!!!scatter), UNUSED)

<P><STRONG><a name="[137]"></a>__decompress</STRONG> (Thumb, 90 bytes, Stack size unknown bytes, __dczerorl2.o(!!dczerorl2), UNUSED)

<P><STRONG><a name="[138]"></a>__decompress1</STRONG> (Thumb, 0 bytes, Stack size unknown bytes, __dczerorl2.o(!!dczerorl2), UNUSED)

<P><STRONG><a name="[139]"></a>__scatterload_zeroinit</STRONG> (Thumb, 28 bytes, Stack size unknown bytes, __scatter_zi.o(!!handler_zi), UNUSED)

<P><STRONG><a name="[49]"></a>_printf_p</STRONG> (Thumb, 0 bytes, Stack size unknown bytes, _printf_p.o(.ARM.Collect$$_printf_percent$$00000002))
<BR><BR>[Stack]<UL><LI>Max Depth = 64 + Unknown Stack Size
<LI>Call Chain = _printf_p &rArr; _printf_hex_ptr &rArr; _printf_longlong_hex &rArr; _printf_int_common &rArr; _printf_post_padding
</UL>
<BR>[Calls]<UL><LI><a href="#[4a]">&gt;&gt;</a>&nbsp;&nbsp;&nbsp;_printf_hex_ptr
</UL>

<P><STRONG><a name="[65]"></a>_printf_percent</STRONG> (Thumb, 0 bytes, Stack size unknown bytes, _printf_percent.o(.ARM.Collect$$_printf_percent$$00000000))
<BR><BR>[Called By]<UL><LI><a href="#[63]">&gt;&gt;</a>&nbsp;&nbsp;&nbsp;__printf
</UL>

<P><STRONG><a name="[4b]"></a>_printf_d</STRONG> (Thumb, 0 bytes, Stack size unknown bytes, _printf_d.o(.ARM.Collect$$_printf_percent$$00000009))
<BR><BR>[Stack]<UL><LI>Max Depth = 72 + Unknown Stack Size
<LI>Call Chain = _printf_d &rArr; _printf_int_dec &rArr; _printf_int_common &rArr; _printf_post_padding
</UL>
<BR>[Calls]<UL><LI><a href="#[4c]">&gt;&gt;</a>&nbsp;&nbsp;&nbsp;_printf_int_dec
</UL>

<P><STRONG><a name="[4d]"></a>_printf_x</STRONG> (Thumb, 0 bytes, Stack size unknown bytes, _printf_x.o(.ARM.Collect$$_printf_percent$$0000000C))
<BR><BR>[Stack]<UL><LI>Max Depth = 80 + Unknown Stack Size
<LI>Call Chain = _printf_x &rArr; _printf_int_hex &rArr; _printf_longlong_hex &rArr; _printf_int_common &rArr; _printf_post_padding
</UL>
<BR>[Calls]<UL><LI><a href="#[4e]">&gt;&gt;</a>&nbsp;&nbsp;&nbsp;_printf_int_hex
</UL>

<P><STRONG><a name="[4f]"></a>_printf_s</STRONG> (Thumb, 0 bytes, Stack size unknown bytes, _printf_s.o(.ARM.Collect$$_printf_percent$$00000014))
<BR><BR>[Stack]<UL><LI>Max Depth = 40 + Unknown Stack Size
<LI>Call Chain = _printf_s &rArr; _printf_string &rArr; _printf_cs_common &rArr; _printf_str &rArr; _printf_post_padding
</UL>
<BR>[Calls]<UL><LI><a href="#[50]">&gt;&gt;</a>&nbsp;&nbsp;&nbsp;_printf_string
</UL>

<P><STRONG><a name="[13a]"></a>_printf_percent_end</STRONG> (Thumb, 0 bytes, Stack size unknown bytes, _printf_percent_end.o(.ARM.Collect$$_printf_percent$$00000017))

<P><STRONG><a name="[54]"></a>__rt_lib_init</STRONG> (Thumb, 0 bytes, Stack size unknown bytes, libinit.o(.ARM.Collect$$libinit$$00000000))
<BR><BR>[Called By]<UL><LI><a href="#[53]">&gt;&gt;</a>&nbsp;&nbsp;&nbsp;__rt_entry_li
</UL>

<P><STRONG><a name="[13b]"></a>__rt_lib_init_alloca_1</STRONG> (Thumb, 0 bytes, Stack size unknown bytes, libinit2.o(.ARM.Collect$$libinit$$0000002E))

<P><STRONG><a name="[13c]"></a>__rt_lib_init_argv_1</STRONG> (Thumb, 0 bytes, Stack size unknown bytes, libinit2.o(.ARM.Collect$$libinit$$0000002C))

<P><STRONG><a name="[13d]"></a>__rt_lib_init_atexit_1</STRONG> (Thumb, 0 bytes, Stack size unknown bytes, libinit2.o(.ARM.Collect$$libinit$$0000001B))

<P><STRONG><a name="[13e]"></a>__rt_lib_init_clock_1</STRONG> (Thumb, 0 bytes, Stack size unknown bytes, libinit2.o(.ARM.Collect$$libinit$$00000021))

<P><STRONG><a name="[13f]"></a>__rt_lib_init_cpp_1</STRONG> (Thumb, 0 bytes, Stack size unknown bytes, libinit2.o(.ARM.Collect$$libinit$$00000032))

<P><STRONG><a name="[140]"></a>__rt_lib_init_exceptions_1</STRONG> (Thumb, 0 bytes, Stack size unknown bytes, libinit2.o(.ARM.Collect$$libinit$$00000030))

<P><STRONG><a name="[141]"></a>__rt_lib_init_fp_1</STRONG> (Thumb, 0 bytes, Stack size unknown bytes, libinit2.o(.ARM.Collect$$libinit$$00000002))

<P><STRONG><a name="[142]"></a>__rt_lib_init_fp_trap_1</STRONG> (Thumb, 0 bytes, Stack size unknown bytes, libinit2.o(.ARM.Collect$$libinit$$0000001F))

<P><STRONG><a name="[143]"></a>__rt_lib_init_getenv_1</STRONG> (Thumb, 0 bytes, Stack size unknown bytes, libinit2.o(.ARM.Collect$$libinit$$00000023))

<P><STRONG><a name="[144]"></a>__rt_lib_init_heap_1</STRONG> (Thumb, 0 bytes, Stack size unknown bytes, libinit2.o(.ARM.Collect$$libinit$$0000000A))

<P><STRONG><a name="[145]"></a>__rt_lib_init_lc_collate_1</STRONG> (Thumb, 0 bytes, Stack size unknown bytes, libinit2.o(.ARM.Collect$$libinit$$00000011))

<P><STRONG><a name="[146]"></a>__rt_lib_init_lc_ctype_1</STRONG> (Thumb, 0 bytes, Stack size unknown bytes, libinit2.o(.ARM.Collect$$libinit$$00000013))

<P><STRONG><a name="[147]"></a>__rt_lib_init_lc_monetary_1</STRONG> (Thumb, 0 bytes, Stack size unknown bytes, libinit2.o(.ARM.Collect$$libinit$$00000015))

<P><STRONG><a name="[148]"></a>__rt_lib_init_lc_numeric_1</STRONG> (Thumb, 0 bytes, Stack size unknown bytes, libinit2.o(.ARM.Collect$$libinit$$00000017))

<P><STRONG><a name="[149]"></a>__rt_lib_init_lc_time_1</STRONG> (Thumb, 0 bytes, Stack size unknown bytes, libinit2.o(.ARM.Collect$$libinit$$00000019))

<P><STRONG><a name="[14a]"></a>__rt_lib_init_preinit_1</STRONG> (Thumb, 0 bytes, Stack size unknown bytes, libinit2.o(.ARM.Collect$$libinit$$00000004))

<P><STRONG><a name="[14b]"></a>__rt_lib_init_rand_1</STRONG> (Thumb, 0 bytes, Stack size unknown bytes, libinit2.o(.ARM.Collect$$libinit$$0000000E))

<P><STRONG><a name="[14c]"></a>__rt_lib_init_return</STRONG> (Thumb, 0 bytes, Stack size unknown bytes, libinit2.o(.ARM.Collect$$libinit$$00000033))

<P><STRONG><a name="[14d]"></a>__rt_lib_init_signal_1</STRONG> (Thumb, 0 bytes, Stack size unknown bytes, libinit2.o(.ARM.Collect$$libinit$$0000001D))

<P><STRONG><a name="[14e]"></a>__rt_lib_init_stdio_1</STRONG> (Thumb, 0 bytes, Stack size unknown bytes, libinit2.o(.ARM.Collect$$libinit$$00000025))

<P><STRONG><a name="[14f]"></a>__rt_lib_init_user_alloc_1</STRONG> (Thumb, 0 bytes, Stack size unknown bytes, libinit2.o(.ARM.Collect$$libinit$$0000000C))

<P><STRONG><a name="[59]"></a>__rt_lib_shutdown</STRONG> (Thumb, 0 bytes, Stack size unknown bytes, libshutdown.o(.ARM.Collect$$libshutdown$$00000000))
<BR><BR>[Called By]<UL><LI><a href="#[58]">&gt;&gt;</a>&nbsp;&nbsp;&nbsp;__rt_exit_ls
</UL>

<P><STRONG><a name="[150]"></a>__rt_lib_shutdown_cpp_1</STRONG> (Thumb, 0 bytes, Stack size unknown bytes, libshutdown2.o(.ARM.Collect$$libshutdown$$00000004))

<P><STRONG><a name="[151]"></a>__rt_lib_shutdown_fini_1</STRONG> (Thumb, 0 bytes, Stack size unknown bytes, libshutdown2.o(.ARM.Collect$$libshutdown$$00000002))

<P><STRONG><a name="[152]"></a>__rt_lib_shutdown_fp_trap_1</STRONG> (Thumb, 0 bytes, Stack size unknown bytes, libshutdown2.o(.ARM.Collect$$libshutdown$$00000009))

<P><STRONG><a name="[153]"></a>__rt_lib_shutdown_heap_1</STRONG> (Thumb, 0 bytes, Stack size unknown bytes, libshutdown2.o(.ARM.Collect$$libshutdown$$00000011))

<P><STRONG><a name="[154]"></a>__rt_lib_shutdown_return</STRONG> (Thumb, 0 bytes, Stack size unknown bytes, libshutdown2.o(.ARM.Collect$$libshutdown$$00000012))

<P><STRONG><a name="[155]"></a>__rt_lib_shutdown_signal_1</STRONG> (Thumb, 0 bytes, Stack size unknown bytes, libshutdown2.o(.ARM.Collect$$libshutdown$$0000000C))

<P><STRONG><a name="[156]"></a>__rt_lib_shutdown_stdio_1</STRONG> (Thumb, 0 bytes, Stack size unknown bytes, libshutdown2.o(.ARM.Collect$$libshutdown$$00000006))

<P><STRONG><a name="[157]"></a>__rt_lib_shutdown_user_alloc_1</STRONG> (Thumb, 0 bytes, Stack size unknown bytes, libshutdown2.o(.ARM.Collect$$libshutdown$$0000000E))

<P><STRONG><a name="[47]"></a>__rt_entry</STRONG> (Thumb, 0 bytes, Stack size unknown bytes, __rtentry.o(.ARM.Collect$$rtentry$$00000000))
<BR><BR>[Called By]<UL><LI><a href="#[45]">&gt;&gt;</a>&nbsp;&nbsp;&nbsp;__main
<LI><a href="#[48]">&gt;&gt;</a>&nbsp;&nbsp;&nbsp;__scatterload_rt2
</UL>

<P><STRONG><a name="[158]"></a>__rt_entry_presh_1</STRONG> (Thumb, 0 bytes, Stack size unknown bytes, __rtentry2.o(.ARM.Collect$$rtentry$$00000002))

<P><STRONG><a name="[51]"></a>__rt_entry_sh</STRONG> (Thumb, 0 bytes, Stack size unknown bytes, __rtentry4.o(.ARM.Collect$$rtentry$$00000004))
<BR><BR>[Stack]<UL><LI>Max Depth = 8 + Unknown Stack Size
<LI>Call Chain = __rt_entry_sh &rArr; __user_setup_stackheap
</UL>
<BR>[Calls]<UL><LI><a href="#[52]">&gt;&gt;</a>&nbsp;&nbsp;&nbsp;__user_setup_stackheap
</UL>

<P><STRONG><a name="[53]"></a>__rt_entry_li</STRONG> (Thumb, 0 bytes, Stack size unknown bytes, __rtentry2.o(.ARM.Collect$$rtentry$$0000000A))
<BR><BR>[Calls]<UL><LI><a href="#[54]">&gt;&gt;</a>&nbsp;&nbsp;&nbsp;__rt_lib_init
</UL>

<P><STRONG><a name="[159]"></a>__rt_entry_postsh_1</STRONG> (Thumb, 0 bytes, Stack size unknown bytes, __rtentry2.o(.ARM.Collect$$rtentry$$00000009))

<P><STRONG><a name="[55]"></a>__rt_entry_main</STRONG> (Thumb, 0 bytes, Stack size unknown bytes, __rtentry2.o(.ARM.Collect$$rtentry$$0000000D))
<BR><BR>[Stack]<UL><LI>Max Depth = 376 + Unknown Stack Size
<LI>Call Chain = __rt_entry_main &rArr; main &rArr; LOS_KernelInit &rArr; osSwTmrInit &rArr; osSwTmrTaskCreate &rArr; LOS_TaskCreate &rArr; LOS_TaskCreateOnly &rArr; LOS_MemAllocAlign &rArr; osHeapAllocAlign &rArr; osHeapAlloc &rArr; __2printf &rArr; _printf_char_file &rArr; _printf_char_common &rArr; __printf
</UL>
<BR>[Calls]<UL><LI><a href="#[56]">&gt;&gt;</a>&nbsp;&nbsp;&nbsp;main
<LI><a href="#[57]">&gt;&gt;</a>&nbsp;&nbsp;&nbsp;exit
</UL>

<P><STRONG><a name="[15a]"></a>__rt_entry_postli_1</STRONG> (Thumb, 0 bytes, Stack size unknown bytes, __rtentry2.o(.ARM.Collect$$rtentry$$0000000C))

<P><STRONG><a name="[72]"></a>__rt_exit</STRONG> (Thumb, 0 bytes, Stack size unknown bytes, rtexit.o(.ARM.Collect$$rtexit$$00000000))
<BR><BR>[Called By]<UL><LI><a href="#[57]">&gt;&gt;</a>&nbsp;&nbsp;&nbsp;exit
</UL>

<P><STRONG><a name="[58]"></a>__rt_exit_ls</STRONG> (Thumb, 0 bytes, Stack size unknown bytes, rtexit2.o(.ARM.Collect$$rtexit$$00000003))
<BR><BR>[Calls]<UL><LI><a href="#[59]">&gt;&gt;</a>&nbsp;&nbsp;&nbsp;__rt_lib_shutdown
</UL>

<P><STRONG><a name="[15b]"></a>__rt_exit_prels_1</STRONG> (Thumb, 0 bytes, Stack size unknown bytes, rtexit2.o(.ARM.Collect$$rtexit$$00000002))

<P><STRONG><a name="[5a]"></a>__rt_exit_exit</STRONG> (Thumb, 0 bytes, Stack size unknown bytes, rtexit2.o(.ARM.Collect$$rtexit$$00000004))
<BR><BR>[Calls]<UL><LI><a href="#[5b]">&gt;&gt;</a>&nbsp;&nbsp;&nbsp;_sys_exit
</UL>

<P><STRONG><a name="[4]"></a>Reset_Handler</STRONG> (Thumb, 8 bytes, Stack size 0 bytes, startup_stm32f10x_md.o(.text))
<BR>[Address Reference Count : 1]<UL><LI> startup_stm32f10x_md.o(RESET)
</UL>
<P><STRONG><a name="[20]"></a>ADC1_2_IRQHandler</STRONG> (Thumb, 0 bytes, Stack size 0 bytes, startup_stm32f10x_md.o(.text))
<BR><BR>[Calls]<UL><LI><a href="#[20]">&gt;&gt;</a>&nbsp;&nbsp;&nbsp;ADC1_2_IRQHandler
</UL>
<BR>[Called By]<UL><LI><a href="#[20]">&gt;&gt;</a>&nbsp;&nbsp;&nbsp;ADC1_2_IRQHandler
</UL>
<BR>[Address Reference Count : 1]<UL><LI> startup_stm32f10x_md.o(RESET)
</UL>
<P><STRONG><a name="[23]"></a>CAN1_RX1_IRQHandler</STRONG> (Thumb, 0 bytes, Stack size 0 bytes, startup_stm32f10x_md.o(.text))
<BR>[Address Reference Count : 1]<UL><LI> startup_stm32f10x_md.o(RESET)
</UL>
<P><STRONG><a name="[24]"></a>CAN1_SCE_IRQHandler</STRONG> (Thumb, 0 bytes, Stack size 0 bytes, startup_stm32f10x_md.o(.text))
<BR>[Address Reference Count : 1]<UL><LI> startup_stm32f10x_md.o(RESET)
</UL>
<P><STRONG><a name="[19]"></a>DMA1_Channel1_IRQHandler</STRONG> (Thumb, 0 bytes, Stack size 0 bytes, startup_stm32f10x_md.o(.text))
<BR>[Address Reference Count : 1]<UL><LI> startup_stm32f10x_md.o(RESET)
</UL>
<P><STRONG><a name="[1b]"></a>DMA1_Channel3_IRQHandler</STRONG> (Thumb, 0 bytes, Stack size 0 bytes, startup_stm32f10x_md.o(.text))
<BR>[Address Reference Count : 1]<UL><LI> startup_stm32f10x_md.o(RESET)
</UL>
<P><STRONG><a name="[1c]"></a>DMA1_Channel4_IRQHandler</STRONG> (Thumb, 0 bytes, Stack size 0 bytes, startup_stm32f10x_md.o(.text))
<BR>[Address Reference Count : 1]<UL><LI> startup_stm32f10x_md.o(RESET)
</UL>
<P><STRONG><a name="[1d]"></a>DMA1_Channel5_IRQHandler</STRONG> (Thumb, 0 bytes, Stack size 0 bytes, startup_stm32f10x_md.o(.text))
<BR>[Address Reference Count : 1]<UL><LI> startup_stm32f10x_md.o(RESET)
</UL>
<P><STRONG><a name="[1e]"></a>DMA1_Channel6_IRQHandler</STRONG> (Thumb, 0 bytes, Stack size 0 bytes, startup_stm32f10x_md.o(.text))
<BR>[Address Reference Count : 1]<UL><LI> startup_stm32f10x_md.o(RESET)
</UL>
<P><STRONG><a name="[1f]"></a>DMA1_Channel7_IRQHandler</STRONG> (Thumb, 0 bytes, Stack size 0 bytes, startup_stm32f10x_md.o(.text))
<BR>[Address Reference Count : 1]<UL><LI> startup_stm32f10x_md.o(RESET)
</UL>
<P><STRONG><a name="[14]"></a>EXTI0_IRQHandler</STRONG> (Thumb, 0 bytes, Stack size 0 bytes, startup_stm32f10x_md.o(.text))
<BR>[Address Reference Count : 1]<UL><LI> startup_stm32f10x_md.o(RESET)
</UL>
<P><STRONG><a name="[36]"></a>EXTI15_10_IRQHandler</STRONG> (Thumb, 0 bytes, Stack size 0 bytes, startup_stm32f10x_md.o(.text))
<BR>[Address Reference Count : 1]<UL><LI> startup_stm32f10x_md.o(RESET)
</UL>
<P><STRONG><a name="[15]"></a>EXTI1_IRQHandler</STRONG> (Thumb, 0 bytes, Stack size 0 bytes, startup_stm32f10x_md.o(.text))
<BR>[Address Reference Count : 1]<UL><LI> startup_stm32f10x_md.o(RESET)
</UL>
<P><STRONG><a name="[16]"></a>EXTI2_IRQHandler</STRONG> (Thumb, 0 bytes, Stack size 0 bytes, startup_stm32f10x_md.o(.text))
<BR>[Address Reference Count : 1]<UL><LI> startup_stm32f10x_md.o(RESET)
</UL>
<P><STRONG><a name="[17]"></a>EXTI3_IRQHandler</STRONG> (Thumb, 0 bytes, Stack size 0 bytes, startup_stm32f10x_md.o(.text))
<BR>[Address Reference Count : 1]<UL><LI> startup_stm32f10x_md.o(RESET)
</UL>
<P><STRONG><a name="[18]"></a>EXTI4_IRQHandler</STRONG> (Thumb, 0 bytes, Stack size 0 bytes, startup_stm32f10x_md.o(.text))
<BR>[Address Reference Count : 1]<UL><LI> startup_stm32f10x_md.o(RESET)
</UL>
<P><STRONG><a name="[25]"></a>EXTI9_5_IRQHandler</STRONG> (Thumb, 0 bytes, Stack size 0 bytes, startup_stm32f10x_md.o(.text))
<BR>[Address Reference Count : 1]<UL><LI> startup_stm32f10x_md.o(RESET)
</UL>
<P><STRONG><a name="[12]"></a>FLASH_IRQHandler</STRONG> (Thumb, 0 bytes, Stack size 0 bytes, startup_stm32f10x_md.o(.text))
<BR>[Address Reference Count : 1]<UL><LI> startup_stm32f10x_md.o(RESET)
</UL>
<P><STRONG><a name="[2e]"></a>I2C1_ER_IRQHandler</STRONG> (Thumb, 0 bytes, Stack size 0 bytes, startup_stm32f10x_md.o(.text))
<BR>[Address Reference Count : 1]<UL><LI> startup_stm32f10x_md.o(RESET)
</UL>
<P><STRONG><a name="[2d]"></a>I2C1_EV_IRQHandler</STRONG> (Thumb, 0 bytes, Stack size 0 bytes, startup_stm32f10x_md.o(.text))
<BR>[Address Reference Count : 1]<UL><LI> startup_stm32f10x_md.o(RESET)
</UL>
<P><STRONG><a name="[30]"></a>I2C2_ER_IRQHandler</STRONG> (Thumb, 0 bytes, Stack size 0 bytes, startup_stm32f10x_md.o(.text))
<BR>[Address Reference Count : 1]<UL><LI> startup_stm32f10x_md.o(RESET)
</UL>
<P><STRONG><a name="[2f]"></a>I2C2_EV_IRQHandler</STRONG> (Thumb, 0 bytes, Stack size 0 bytes, startup_stm32f10x_md.o(.text))
<BR>[Address Reference Count : 1]<UL><LI> startup_stm32f10x_md.o(RESET)
</UL>
<P><STRONG><a name="[f]"></a>PVD_IRQHandler</STRONG> (Thumb, 0 bytes, Stack size 0 bytes, startup_stm32f10x_md.o(.text))
<BR>[Address Reference Count : 1]<UL><LI> startup_stm32f10x_md.o(RESET)
</UL>
<P><STRONG><a name="[13]"></a>RCC_IRQHandler</STRONG> (Thumb, 0 bytes, Stack size 0 bytes, startup_stm32f10x_md.o(.text))
<BR>[Address Reference Count : 1]<UL><LI> startup_stm32f10x_md.o(RESET)
</UL>
<P><STRONG><a name="[37]"></a>RTCAlarm_IRQHandler</STRONG> (Thumb, 0 bytes, Stack size 0 bytes, startup_stm32f10x_md.o(.text))
<BR>[Address Reference Count : 1]<UL><LI> startup_stm32f10x_md.o(RESET)
</UL>
<P><STRONG><a name="[11]"></a>RTC_IRQHandler</STRONG> (Thumb, 0 bytes, Stack size 0 bytes, startup_stm32f10x_md.o(.text))
<BR>[Address Reference Count : 1]<UL><LI> startup_stm32f10x_md.o(RESET)
</UL>
<P><STRONG><a name="[31]"></a>SPI1_IRQHandler</STRONG> (Thumb, 0 bytes, Stack size 0 bytes, startup_stm32f10x_md.o(.text))
<BR>[Address Reference Count : 1]<UL><LI> startup_stm32f10x_md.o(RESET)
</UL>
<P><STRONG><a name="[32]"></a>SPI2_IRQHandler</STRONG> (Thumb, 0 bytes, Stack size 0 bytes, startup_stm32f10x_md.o(.text))
<BR>[Address Reference Count : 1]<UL><LI> startup_stm32f10x_md.o(RESET)
</UL>
<P><STRONG><a name="[10]"></a>TAMPER_IRQHandler</STRONG> (Thumb, 0 bytes, Stack size 0 bytes, startup_stm32f10x_md.o(.text))
<BR>[Address Reference Count : 1]<UL><LI> startup_stm32f10x_md.o(RESET)
</UL>
<P><STRONG><a name="[26]"></a>TIM1_BRK_IRQHandler</STRONG> (Thumb, 0 bytes, Stack size 0 bytes, startup_stm32f10x_md.o(.text))
<BR>[Address Reference Count : 1]<UL><LI> startup_stm32f10x_md.o(RESET)
</UL>
<P><STRONG><a name="[29]"></a>TIM1_CC_IRQHandler</STRONG> (Thumb, 0 bytes, Stack size 0 bytes, startup_stm32f10x_md.o(.text))
<BR>[Address Reference Count : 1]<UL><LI> startup_stm32f10x_md.o(RESET)
</UL>
<P><STRONG><a name="[28]"></a>TIM1_TRG_COM_IRQHandler</STRONG> (Thumb, 0 bytes, Stack size 0 bytes, startup_stm32f10x_md.o(.text))
<BR>[Address Reference Count : 1]<UL><LI> startup_stm32f10x_md.o(RESET)
</UL>
<P><STRONG><a name="[27]"></a>TIM1_UP_IRQHandler</STRONG> (Thumb, 0 bytes, Stack size 0 bytes, startup_stm32f10x_md.o(.text))
<BR>[Address Reference Count : 1]<UL><LI> startup_stm32f10x_md.o(RESET)
</UL>
<P><STRONG><a name="[2a]"></a>TIM2_IRQHandler</STRONG> (Thumb, 0 bytes, Stack size 0 bytes, startup_stm32f10x_md.o(.text))
<BR>[Address Reference Count : 1]<UL><LI> startup_stm32f10x_md.o(RESET)
</UL>
<P><STRONG><a name="[2c]"></a>TIM4_IRQHandler</STRONG> (Thumb, 0 bytes, Stack size 0 bytes, startup_stm32f10x_md.o(.text))
<BR>[Address Reference Count : 1]<UL><LI> startup_stm32f10x_md.o(RESET)
</UL>
<P><STRONG><a name="[34]"></a>USART2_IRQHandler</STRONG> (Thumb, 0 bytes, Stack size 0 bytes, startup_stm32f10x_md.o(.text))
<BR>[Address Reference Count : 1]<UL><LI> startup_stm32f10x_md.o(RESET)
</UL>
<P><STRONG><a name="[38]"></a>USBWakeUp_IRQHandler</STRONG> (Thumb, 0 bytes, Stack size 0 bytes, startup_stm32f10x_md.o(.text))
<BR>[Address Reference Count : 1]<UL><LI> startup_stm32f10x_md.o(RESET)
</UL>
<P><STRONG><a name="[21]"></a>USB_HP_CAN1_TX_IRQHandler</STRONG> (Thumb, 0 bytes, Stack size 0 bytes, startup_stm32f10x_md.o(.text))
<BR>[Address Reference Count : 1]<UL><LI> startup_stm32f10x_md.o(RESET)
</UL>
<P><STRONG><a name="[22]"></a>USB_LP_CAN1_RX0_IRQHandler</STRONG> (Thumb, 0 bytes, Stack size 0 bytes, startup_stm32f10x_md.o(.text))
<BR>[Address Reference Count : 1]<UL><LI> startup_stm32f10x_md.o(RESET)
</UL>
<P><STRONG><a name="[e]"></a>WWDG_IRQHandler</STRONG> (Thumb, 0 bytes, Stack size 0 bytes, startup_stm32f10x_md.o(.text))
<BR>[Address Reference Count : 1]<UL><LI> startup_stm32f10x_md.o(RESET)
</UL>
<P><STRONG><a name="[71]"></a>__user_initial_stackheap</STRONG> (Thumb, 0 bytes, Stack size unknown bytes, startup_stm32f10x_md.o(.text))
<BR><BR>[Called By]<UL><LI><a href="#[52]">&gt;&gt;</a>&nbsp;&nbsp;&nbsp;__user_setup_stackheap
</UL>

<P><STRONG><a name="[ca]"></a>LOS_StartToRun</STRONG> (Thumb, 0 bytes, Stack size unknown bytes, los_dispatch_keil.o(.text))
<BR><BR>[Called By]<UL><LI><a href="#[c8]">&gt;&gt;</a>&nbsp;&nbsp;&nbsp;LOS_Start
</UL>

<P><STRONG><a name="[b9]"></a>LOS_IntLock</STRONG> (Thumb, 0 bytes, Stack size unknown bytes, los_dispatch_keil.o(.text))
<BR><BR>[Called By]<UL><LI><a href="#[9b]">&gt;&gt;</a>&nbsp;&nbsp;&nbsp;LOS_TaskDelay
<LI><a href="#[80]">&gt;&gt;</a>&nbsp;&nbsp;&nbsp;LOS_TaskCreate
<LI><a href="#[bd]">&gt;&gt;</a>&nbsp;&nbsp;&nbsp;LOS_QueueCreate
<LI><a href="#[b6]">&gt;&gt;</a>&nbsp;&nbsp;&nbsp;osSlabMemFree
<LI><a href="#[b1]">&gt;&gt;</a>&nbsp;&nbsp;&nbsp;osSlabMemAlloc
<LI><a href="#[b8]">&gt;&gt;</a>&nbsp;&nbsp;&nbsp;LOS_MemInit
<LI><a href="#[b7]">&gt;&gt;</a>&nbsp;&nbsp;&nbsp;osHeapFree
<LI><a href="#[b2]">&gt;&gt;</a>&nbsp;&nbsp;&nbsp;osHeapAlloc
<LI><a href="#[c2]">&gt;&gt;</a>&nbsp;&nbsp;&nbsp;osQueueOperate
<LI><a href="#[c5]">&gt;&gt;</a>&nbsp;&nbsp;&nbsp;LOS_Schedule
<LI><a href="#[d3]">&gt;&gt;</a>&nbsp;&nbsp;&nbsp;LOS_TaskYield
<LI><a href="#[d6]">&gt;&gt;</a>&nbsp;&nbsp;&nbsp;LOS_TaskDelete
<LI><a href="#[cb]">&gt;&gt;</a>&nbsp;&nbsp;&nbsp;LOS_TaskCreateOnly
</UL>

<P><STRONG><a name="[15c]"></a>LOS_IntUnLock</STRONG> (Thumb, 0 bytes, Stack size unknown bytes, los_dispatch_keil.o(.text), UNUSED)

<P><STRONG><a name="[ba]"></a>LOS_IntRestore</STRONG> (Thumb, 0 bytes, Stack size unknown bytes, los_dispatch_keil.o(.text))
<BR><BR>[Called By]<UL><LI><a href="#[9b]">&gt;&gt;</a>&nbsp;&nbsp;&nbsp;LOS_TaskDelay
<LI><a href="#[80]">&gt;&gt;</a>&nbsp;&nbsp;&nbsp;LOS_TaskCreate
<LI><a href="#[bd]">&gt;&gt;</a>&nbsp;&nbsp;&nbsp;LOS_QueueCreate
<LI><a href="#[b6]">&gt;&gt;</a>&nbsp;&nbsp;&nbsp;osSlabMemFree
<LI><a href="#[b1]">&gt;&gt;</a>&nbsp;&nbsp;&nbsp;osSlabMemAlloc
<LI><a href="#[b8]">&gt;&gt;</a>&nbsp;&nbsp;&nbsp;LOS_MemInit
<LI><a href="#[b7]">&gt;&gt;</a>&nbsp;&nbsp;&nbsp;osHeapFree
<LI><a href="#[b2]">&gt;&gt;</a>&nbsp;&nbsp;&nbsp;osHeapAlloc
<LI><a href="#[c2]">&gt;&gt;</a>&nbsp;&nbsp;&nbsp;osQueueOperate
<LI><a href="#[c5]">&gt;&gt;</a>&nbsp;&nbsp;&nbsp;LOS_Schedule
<LI><a href="#[d3]">&gt;&gt;</a>&nbsp;&nbsp;&nbsp;LOS_TaskYield
<LI><a href="#[d6]">&gt;&gt;</a>&nbsp;&nbsp;&nbsp;LOS_TaskDelete
<LI><a href="#[cb]">&gt;&gt;</a>&nbsp;&nbsp;&nbsp;LOS_TaskCreateOnly
</UL>

<P><STRONG><a name="[c7]"></a>osTaskSchedule</STRONG> (Thumb, 0 bytes, Stack size unknown bytes, los_dispatch_keil.o(.text))
<BR><BR>[Called By]<UL><LI><a href="#[cd]">&gt;&gt;</a>&nbsp;&nbsp;&nbsp;osSchedule
<LI><a href="#[c5]">&gt;&gt;</a>&nbsp;&nbsp;&nbsp;LOS_Schedule
</UL>

<P><STRONG><a name="[c]"></a>PendSV_Handler</STRONG> (Thumb, 0 bytes, Stack size unknown bytes, los_dispatch_keil.o(.text))
<BR>[Address Reference Count : 1]<UL><LI> startup_stm32f10x_md.o(RESET)
</UL>
<P><STRONG><a name="[15d]"></a>__use_no_semihosting</STRONG> (Thumb, 2 bytes, Stack size 0 bytes, use_no_semi_2.o(.text), UNUSED)

<P><STRONG><a name="[5c]"></a>__2printf</STRONG> (Thumb, 20 bytes, Stack size 24 bytes, noretval__2printf.o(.text))
<BR><BR>[Stack]<UL><LI>Max Depth = 144 + Unknown Stack Size
<LI>Call Chain = __2printf &rArr; _printf_char_file &rArr; _printf_char_common &rArr; __printf
</UL>
<BR>[Calls]<UL><LI><a href="#[5d]">&gt;&gt;</a>&nbsp;&nbsp;&nbsp;_printf_char_file
</UL>
<BR>[Called By]<UL><LI><a href="#[fd]">&gt;&gt;</a>&nbsp;&nbsp;&nbsp;gizPutData
<LI><a href="#[95]">&gt;&gt;</a>&nbsp;&nbsp;&nbsp;gizwitsSetMode
<LI><a href="#[9e]">&gt;&gt;</a>&nbsp;&nbsp;&nbsp;gizwitsInit
<LI><a href="#[c8]">&gt;&gt;</a>&nbsp;&nbsp;&nbsp;LOS_Start
<LI><a href="#[a3]">&gt;&gt;</a>&nbsp;&nbsp;&nbsp;LOS_KernelInit
<LI><a href="#[56]">&gt;&gt;</a>&nbsp;&nbsp;&nbsp;main
<LI><a href="#[3e]">&gt;&gt;</a>&nbsp;&nbsp;&nbsp;Led2Task
<LI><a href="#[3d]">&gt;&gt;</a>&nbsp;&nbsp;&nbsp;Led1Task
<LI><a href="#[3f]">&gt;&gt;</a>&nbsp;&nbsp;&nbsp;DHT11_task
<LI><a href="#[7f]">&gt;&gt;</a>&nbsp;&nbsp;&nbsp;AppTaskCreate
<LI><a href="#[10b]">&gt;&gt;</a>&nbsp;&nbsp;&nbsp;uartWrite
<LI><a href="#[104]">&gt;&gt;</a>&nbsp;&nbsp;&nbsp;gizProtocolWaitAck
<LI><a href="#[103]">&gt;&gt;</a>&nbsp;&nbsp;&nbsp;gizProtocolHeadInit
<LI><a href="#[b8]">&gt;&gt;</a>&nbsp;&nbsp;&nbsp;LOS_MemInit
<LI><a href="#[b7]">&gt;&gt;</a>&nbsp;&nbsp;&nbsp;osHeapFree
<LI><a href="#[b2]">&gt;&gt;</a>&nbsp;&nbsp;&nbsp;osHeapAlloc
<LI><a href="#[116]">&gt;&gt;</a>&nbsp;&nbsp;&nbsp;osQueueBufferOperate
<LI><a href="#[42]">&gt;&gt;</a>&nbsp;&nbsp;&nbsp;osTaskSwitchCheck
</UL>

<P><STRONG><a name="[5f]"></a>_printf_pre_padding</STRONG> (Thumb, 44 bytes, Stack size 16 bytes, _printf_pad.o(.text))
<BR><BR>[Stack]<UL><LI>Max Depth = 16<LI>Call Chain = _printf_pre_padding
</UL>
<BR>[Called By]<UL><LI><a href="#[61]">&gt;&gt;</a>&nbsp;&nbsp;&nbsp;_printf_int_common
<LI><a href="#[5e]">&gt;&gt;</a>&nbsp;&nbsp;&nbsp;_printf_str
</UL>

<P><STRONG><a name="[60]"></a>_printf_post_padding</STRONG> (Thumb, 34 bytes, Stack size 16 bytes, _printf_pad.o(.text))
<BR><BR>[Stack]<UL><LI>Max Depth = 16<LI>Call Chain = _printf_post_padding
</UL>
<BR>[Called By]<UL><LI><a href="#[61]">&gt;&gt;</a>&nbsp;&nbsp;&nbsp;_printf_int_common
<LI><a href="#[5e]">&gt;&gt;</a>&nbsp;&nbsp;&nbsp;_printf_str
</UL>

<P><STRONG><a name="[5e]"></a>_printf_str</STRONG> (Thumb, 82 bytes, Stack size 16 bytes, _printf_str.o(.text))
<BR><BR>[Stack]<UL><LI>Max Depth = 32<LI>Call Chain = _printf_str &rArr; _printf_post_padding
</UL>
<BR>[Calls]<UL><LI><a href="#[60]">&gt;&gt;</a>&nbsp;&nbsp;&nbsp;_printf_post_padding
<LI><a href="#[5f]">&gt;&gt;</a>&nbsp;&nbsp;&nbsp;_printf_pre_padding
</UL>
<BR>[Called By]<UL><LI><a href="#[6c]">&gt;&gt;</a>&nbsp;&nbsp;&nbsp;_printf_cs_common
</UL>

<P><STRONG><a name="[4c]"></a>_printf_int_dec</STRONG> (Thumb, 104 bytes, Stack size 24 bytes, _printf_dec.o(.text))
<BR><BR>[Stack]<UL><LI>Max Depth = 72<LI>Call Chain = _printf_int_dec &rArr; _printf_int_common &rArr; _printf_post_padding
</UL>
<BR>[Calls]<UL><LI><a href="#[61]">&gt;&gt;</a>&nbsp;&nbsp;&nbsp;_printf_int_common
</UL>
<BR>[Called By]<UL><LI><a href="#[4b]">&gt;&gt;</a>&nbsp;&nbsp;&nbsp;_printf_d
</UL>

<P><STRONG><a name="[62]"></a>_printf_longlong_hex</STRONG> (Thumb, 78 bytes, Stack size 16 bytes, _printf_hex_int_ptr.o(.text))
<BR><BR>[Stack]<UL><LI>Max Depth = 64<LI>Call Chain = _printf_longlong_hex &rArr; _printf_int_common &rArr; _printf_post_padding
</UL>
<BR>[Calls]<UL><LI><a href="#[61]">&gt;&gt;</a>&nbsp;&nbsp;&nbsp;_printf_int_common
</UL>
<BR>[Called By]<UL><LI><a href="#[4a]">&gt;&gt;</a>&nbsp;&nbsp;&nbsp;_printf_hex_ptr
<LI><a href="#[4e]">&gt;&gt;</a>&nbsp;&nbsp;&nbsp;_printf_int_hex
</UL>

<P><STRONG><a name="[4e]"></a>_printf_int_hex</STRONG> (Thumb, 26 bytes, Stack size 16 bytes, _printf_hex_int_ptr.o(.text))
<BR><BR>[Stack]<UL><LI>Max Depth = 80<LI>Call Chain = _printf_int_hex &rArr; _printf_longlong_hex &rArr; _printf_int_common &rArr; _printf_post_padding
</UL>
<BR>[Calls]<UL><LI><a href="#[62]">&gt;&gt;</a>&nbsp;&nbsp;&nbsp;_printf_longlong_hex
</UL>
<BR>[Called By]<UL><LI><a href="#[4d]">&gt;&gt;</a>&nbsp;&nbsp;&nbsp;_printf_x
</UL>

<P><STRONG><a name="[4a]"></a>_printf_hex_ptr</STRONG> (Thumb, 16 bytes, Stack size 0 bytes, _printf_hex_int_ptr.o(.text))
<BR><BR>[Stack]<UL><LI>Max Depth = 64<LI>Call Chain = _printf_hex_ptr &rArr; _printf_longlong_hex &rArr; _printf_int_common &rArr; _printf_post_padding
</UL>
<BR>[Calls]<UL><LI><a href="#[62]">&gt;&gt;</a>&nbsp;&nbsp;&nbsp;_printf_longlong_hex
</UL>
<BR>[Called By]<UL><LI><a href="#[49]">&gt;&gt;</a>&nbsp;&nbsp;&nbsp;_printf_p
</UL>

<P><STRONG><a name="[63]"></a>__printf</STRONG> (Thumb, 308 bytes, Stack size 40 bytes, __printf_flags_wp.o(.text))
<BR><BR>[Stack]<UL><LI>Max Depth = 40 + Unknown Stack Size
<LI>Call Chain = __printf
</UL>
<BR>[Calls]<UL><LI><a href="#[65]">&gt;&gt;</a>&nbsp;&nbsp;&nbsp;_printf_percent
<LI><a href="#[64]">&gt;&gt;</a>&nbsp;&nbsp;&nbsp;_is_digit
</UL>
<BR>[Called By]<UL><LI><a href="#[6e]">&gt;&gt;</a>&nbsp;&nbsp;&nbsp;_printf_char_common
</UL>

<P><STRONG><a name="[105]"></a>__aeabi_memcpy</STRONG> (Thumb, 0 bytes, Stack size 0 bytes, rt_memcpy_v6.o(.text))
<BR><BR>[Called By]<UL><LI><a href="#[107]">&gt;&gt;</a>&nbsp;&nbsp;&nbsp;rbWrite
<LI><a href="#[104]">&gt;&gt;</a>&nbsp;&nbsp;&nbsp;gizProtocolWaitAck
<LI><a href="#[116]">&gt;&gt;</a>&nbsp;&nbsp;&nbsp;osQueueBufferOperate
<LI><a href="#[42]">&gt;&gt;</a>&nbsp;&nbsp;&nbsp;osTaskSwitchCheck
</UL>

<P><STRONG><a name="[66]"></a>__rt_memcpy</STRONG> (Thumb, 138 bytes, Stack size 0 bytes, rt_memcpy_v6.o(.text), UNUSED)
<BR><BR>[Calls]<UL><LI><a href="#[67]">&gt;&gt;</a>&nbsp;&nbsp;&nbsp;__aeabi_memcpy4
</UL>

<P><STRONG><a name="[15e]"></a>_memcpy_lastbytes</STRONG> (Thumb, 0 bytes, Stack size unknown bytes, rt_memcpy_v6.o(.text), UNUSED)

<P><STRONG><a name="[67]"></a>__aeabi_memcpy4</STRONG> (Thumb, 0 bytes, Stack size 8 bytes, rt_memcpy_w.o(.text), UNUSED)
<BR><BR>[Called By]<UL><LI><a href="#[66]">&gt;&gt;</a>&nbsp;&nbsp;&nbsp;__rt_memcpy
</UL>

<P><STRONG><a name="[15f]"></a>__aeabi_memcpy8</STRONG> (Thumb, 0 bytes, Stack size 8 bytes, rt_memcpy_w.o(.text), UNUSED)

<P><STRONG><a name="[160]"></a>__rt_memcpy_w</STRONG> (Thumb, 100 bytes, Stack size 8 bytes, rt_memcpy_w.o(.text), UNUSED)

<P><STRONG><a name="[161]"></a>_memcpy_lastbytes_aligned</STRONG> (Thumb, 0 bytes, Stack size unknown bytes, rt_memcpy_w.o(.text), UNUSED)

<P><STRONG><a name="[68]"></a>__aeabi_memset</STRONG> (Thumb, 16 bytes, Stack size 0 bytes, aeabi_memset.o(.text))
<BR><BR>[Calls]<UL><LI><a href="#[69]">&gt;&gt;</a>&nbsp;&nbsp;&nbsp;_memset
</UL>
<BR>[Called By]<UL><LI><a href="#[d1]">&gt;&gt;</a>&nbsp;&nbsp;&nbsp;osTskStackInit
</UL>

<P><STRONG><a name="[a1]"></a>__aeabi_memclr</STRONG> (Thumb, 0 bytes, Stack size 0 bytes, rt_memclr.o(.text))
<BR><BR>[Called By]<UL><LI><a href="#[93]">&gt;&gt;</a>&nbsp;&nbsp;&nbsp;userInit
<LI><a href="#[9e]">&gt;&gt;</a>&nbsp;&nbsp;&nbsp;gizwitsInit
<LI><a href="#[94]">&gt;&gt;</a>&nbsp;&nbsp;&nbsp;Gizwits_Init
<LI><a href="#[a7]">&gt;&gt;</a>&nbsp;&nbsp;&nbsp;osTaskMonInit
<LI><a href="#[104]">&gt;&gt;</a>&nbsp;&nbsp;&nbsp;gizProtocolWaitAck
<LI><a href="#[bb]">&gt;&gt;</a>&nbsp;&nbsp;&nbsp;osHeapInit
</UL>

<P><STRONG><a name="[6a]"></a>__rt_memclr</STRONG> (Thumb, 68 bytes, Stack size 0 bytes, rt_memclr.o(.text), UNUSED)
<BR><BR>[Calls]<UL><LI><a href="#[6b]">&gt;&gt;</a>&nbsp;&nbsp;&nbsp;_memset_w
</UL>

<P><STRONG><a name="[69]"></a>_memset</STRONG> (Thumb, 0 bytes, Stack size unknown bytes, rt_memclr.o(.text))
<BR><BR>[Called By]<UL><LI><a href="#[68]">&gt;&gt;</a>&nbsp;&nbsp;&nbsp;__aeabi_memset
</UL>

<P><STRONG><a name="[10e]"></a>__aeabi_memclr4</STRONG> (Thumb, 0 bytes, Stack size 4 bytes, rt_memclr_w.o(.text))
<BR><BR>[Stack]<UL><LI>Max Depth = 4<LI>Call Chain = __aeabi_memclr4
</UL>
<BR>[Called By]<UL><LI><a href="#[125]">&gt;&gt;</a>&nbsp;&nbsp;&nbsp;osSwTmrTaskCreate
<LI><a href="#[a6]">&gt;&gt;</a>&nbsp;&nbsp;&nbsp;osTaskInit
<LI><a href="#[ab]">&gt;&gt;</a>&nbsp;&nbsp;&nbsp;osSwTmrInit
<LI><a href="#[aa]">&gt;&gt;</a>&nbsp;&nbsp;&nbsp;osQueueInit
<LI><a href="#[ad]">&gt;&gt;</a>&nbsp;&nbsp;&nbsp;osIdleTaskCreate
<LI><a href="#[10d]">&gt;&gt;</a>&nbsp;&nbsp;&nbsp;osAlarmHeapInfo
<LI><a href="#[110]">&gt;&gt;</a>&nbsp;&nbsp;&nbsp;osAtomicBitsetInit
</UL>

<P><STRONG><a name="[162]"></a>__aeabi_memclr8</STRONG> (Thumb, 0 bytes, Stack size 4 bytes, rt_memclr_w.o(.text), UNUSED)

<P><STRONG><a name="[163]"></a>__rt_memclr_w</STRONG> (Thumb, 78 bytes, Stack size 4 bytes, rt_memclr_w.o(.text), UNUSED)

<P><STRONG><a name="[6b]"></a>_memset_w</STRONG> (Thumb, 0 bytes, Stack size unknown bytes, rt_memclr_w.o(.text), UNUSED)
<BR><BR>[Called By]<UL><LI><a href="#[6a]">&gt;&gt;</a>&nbsp;&nbsp;&nbsp;__rt_memclr
</UL>

<P><STRONG><a name="[164]"></a>__use_two_region_memory</STRONG> (Thumb, 2 bytes, Stack size 0 bytes, heapauxi.o(.text), UNUSED)

<P><STRONG><a name="[165]"></a>__rt_heap_escrow$2region</STRONG> (Thumb, 2 bytes, Stack size 0 bytes, heapauxi.o(.text), UNUSED)

<P><STRONG><a name="[166]"></a>__rt_heap_expand$2region</STRONG> (Thumb, 2 bytes, Stack size 0 bytes, heapauxi.o(.text), UNUSED)

<P><STRONG><a name="[167]"></a>__I$use$semihosting</STRONG> (Thumb, 0 bytes, Stack size 0 bytes, use_no_semi.o(.text), UNUSED)

<P><STRONG><a name="[168]"></a>__use_no_semihosting_swi</STRONG> (Thumb, 2 bytes, Stack size 0 bytes, use_no_semi.o(.text), UNUSED)

<P><STRONG><a name="[61]"></a>_printf_int_common</STRONG> (Thumb, 178 bytes, Stack size 32 bytes, _printf_intcommon.o(.text))
<BR><BR>[Stack]<UL><LI>Max Depth = 48<LI>Call Chain = _printf_int_common &rArr; _printf_post_padding
</UL>
<BR>[Calls]<UL><LI><a href="#[60]">&gt;&gt;</a>&nbsp;&nbsp;&nbsp;_printf_post_padding
<LI><a href="#[5f]">&gt;&gt;</a>&nbsp;&nbsp;&nbsp;_printf_pre_padding
</UL>
<BR>[Called By]<UL><LI><a href="#[62]">&gt;&gt;</a>&nbsp;&nbsp;&nbsp;_printf_longlong_hex
<LI><a href="#[4c]">&gt;&gt;</a>&nbsp;&nbsp;&nbsp;_printf_int_dec
</UL>

<P><STRONG><a name="[6c]"></a>_printf_cs_common</STRONG> (Thumb, 20 bytes, Stack size 8 bytes, _printf_char.o(.text))
<BR><BR>[Stack]<UL><LI>Max Depth = 40<LI>Call Chain = _printf_cs_common &rArr; _printf_str &rArr; _printf_post_padding
</UL>
<BR>[Calls]<UL><LI><a href="#[5e]">&gt;&gt;</a>&nbsp;&nbsp;&nbsp;_printf_str
</UL>
<BR>[Called By]<UL><LI><a href="#[50]">&gt;&gt;</a>&nbsp;&nbsp;&nbsp;_printf_string
<LI><a href="#[6d]">&gt;&gt;</a>&nbsp;&nbsp;&nbsp;_printf_char
</UL>

<P><STRONG><a name="[6d]"></a>_printf_char</STRONG> (Thumb, 16 bytes, Stack size 0 bytes, _printf_char.o(.text), UNUSED)
<BR><BR>[Calls]<UL><LI><a href="#[6c]">&gt;&gt;</a>&nbsp;&nbsp;&nbsp;_printf_cs_common
</UL>

<P><STRONG><a name="[50]"></a>_printf_string</STRONG> (Thumb, 8 bytes, Stack size 0 bytes, _printf_char.o(.text))
<BR><BR>[Stack]<UL><LI>Max Depth = 40<LI>Call Chain = _printf_string &rArr; _printf_cs_common &rArr; _printf_str &rArr; _printf_post_padding
</UL>
<BR>[Calls]<UL><LI><a href="#[6c]">&gt;&gt;</a>&nbsp;&nbsp;&nbsp;_printf_cs_common
</UL>
<BR>[Called By]<UL><LI><a href="#[4f]">&gt;&gt;</a>&nbsp;&nbsp;&nbsp;_printf_s
</UL>

<P><STRONG><a name="[5d]"></a>_printf_char_file</STRONG> (Thumb, 32 bytes, Stack size 16 bytes, _printf_char_file.o(.text))
<BR><BR>[Stack]<UL><LI>Max Depth = 120 + Unknown Stack Size
<LI>Call Chain = _printf_char_file &rArr; _printf_char_common &rArr; __printf
</UL>
<BR>[Calls]<UL><LI><a href="#[6f]">&gt;&gt;</a>&nbsp;&nbsp;&nbsp;ferror
<LI><a href="#[6e]">&gt;&gt;</a>&nbsp;&nbsp;&nbsp;_printf_char_common
</UL>
<BR>[Called By]<UL><LI><a href="#[5c]">&gt;&gt;</a>&nbsp;&nbsp;&nbsp;__2printf
</UL>

<P><STRONG><a name="[6e]"></a>_printf_char_common</STRONG> (Thumb, 32 bytes, Stack size 64 bytes, _printf_char_common.o(.text))
<BR><BR>[Stack]<UL><LI>Max Depth = 104 + Unknown Stack Size
<LI>Call Chain = _printf_char_common &rArr; __printf
</UL>
<BR>[Calls]<UL><LI><a href="#[63]">&gt;&gt;</a>&nbsp;&nbsp;&nbsp;__printf
</UL>
<BR>[Called By]<UL><LI><a href="#[5d]">&gt;&gt;</a>&nbsp;&nbsp;&nbsp;_printf_char_file
</UL>

<P><STRONG><a name="[6f]"></a>ferror</STRONG> (Thumb, 8 bytes, Stack size 0 bytes, ferror.o(.text))
<BR><BR>[Called By]<UL><LI><a href="#[5d]">&gt;&gt;</a>&nbsp;&nbsp;&nbsp;_printf_char_file
</UL>

<P><STRONG><a name="[169]"></a>__user_libspace</STRONG> (Thumb, 8 bytes, Stack size 0 bytes, libspace.o(.text), UNUSED)

<P><STRONG><a name="[70]"></a>__user_perproc_libspace</STRONG> (Thumb, 0 bytes, Stack size 0 bytes, libspace.o(.text))
<BR><BR>[Called By]<UL><LI><a href="#[52]">&gt;&gt;</a>&nbsp;&nbsp;&nbsp;__user_setup_stackheap
</UL>

<P><STRONG><a name="[16a]"></a>__user_perthread_libspace</STRONG> (Thumb, 0 bytes, Stack size 0 bytes, libspace.o(.text), UNUSED)

<P><STRONG><a name="[52]"></a>__user_setup_stackheap</STRONG> (Thumb, 74 bytes, Stack size 8 bytes, sys_stackheap_outer.o(.text))
<BR><BR>[Stack]<UL><LI>Max Depth = 8 + Unknown Stack Size
<LI>Call Chain = __user_setup_stackheap
</UL>
<BR>[Calls]<UL><LI><a href="#[71]">&gt;&gt;</a>&nbsp;&nbsp;&nbsp;__user_initial_stackheap
<LI><a href="#[70]">&gt;&gt;</a>&nbsp;&nbsp;&nbsp;__user_perproc_libspace
</UL>
<BR>[Called By]<UL><LI><a href="#[51]">&gt;&gt;</a>&nbsp;&nbsp;&nbsp;__rt_entry_sh
</UL>

<P><STRONG><a name="[57]"></a>exit</STRONG> (Thumb, 18 bytes, Stack size 8 bytes, exit.o(.text))
<BR><BR>[Stack]<UL><LI>Max Depth = 8 + Unknown Stack Size
<LI>Call Chain = exit
</UL>
<BR>[Calls]<UL><LI><a href="#[72]">&gt;&gt;</a>&nbsp;&nbsp;&nbsp;__rt_exit
</UL>
<BR>[Called By]<UL><LI><a href="#[55]">&gt;&gt;</a>&nbsp;&nbsp;&nbsp;__rt_entry_main
</UL>

<P><STRONG><a name="[7a]"></a>ADC_Cmd</STRONG> (Thumb, 22 bytes, Stack size 0 bytes, stm32f10x_adc.o(i.ADC_Cmd))
<BR><BR>[Called By]<UL><LI><a href="#[75]">&gt;&gt;</a>&nbsp;&nbsp;&nbsp;Adc_Init
</UL>

<P><STRONG><a name="[73]"></a>ADC_DeInit</STRONG> (Thumb, 78 bytes, Stack size 8 bytes, stm32f10x_adc.o(i.ADC_DeInit))
<BR><BR>[Stack]<UL><LI>Max Depth = 8<LI>Call Chain = ADC_DeInit
</UL>
<BR>[Calls]<UL><LI><a href="#[74]">&gt;&gt;</a>&nbsp;&nbsp;&nbsp;RCC_APB2PeriphResetCmd
</UL>
<BR>[Called By]<UL><LI><a href="#[75]">&gt;&gt;</a>&nbsp;&nbsp;&nbsp;Adc_Init
</UL>

<P><STRONG><a name="[7e]"></a>ADC_GetCalibrationStatus</STRONG> (Thumb, 20 bytes, Stack size 0 bytes, stm32f10x_adc.o(i.ADC_GetCalibrationStatus))
<BR><BR>[Called By]<UL><LI><a href="#[75]">&gt;&gt;</a>&nbsp;&nbsp;&nbsp;Adc_Init
</UL>

<P><STRONG><a name="[7c]"></a>ADC_GetResetCalibrationStatus</STRONG> (Thumb, 20 bytes, Stack size 0 bytes, stm32f10x_adc.o(i.ADC_GetResetCalibrationStatus))
<BR><BR>[Called By]<UL><LI><a href="#[75]">&gt;&gt;</a>&nbsp;&nbsp;&nbsp;Adc_Init
</UL>

<P><STRONG><a name="[79]"></a>ADC_Init</STRONG> (Thumb, 70 bytes, Stack size 12 bytes, stm32f10x_adc.o(i.ADC_Init))
<BR><BR>[Stack]<UL><LI>Max Depth = 12<LI>Call Chain = ADC_Init
</UL>
<BR>[Called By]<UL><LI><a href="#[75]">&gt;&gt;</a>&nbsp;&nbsp;&nbsp;Adc_Init
</UL>

<P><STRONG><a name="[7b]"></a>ADC_ResetCalibration</STRONG> (Thumb, 10 bytes, Stack size 0 bytes, stm32f10x_adc.o(i.ADC_ResetCalibration))
<BR><BR>[Called By]<UL><LI><a href="#[75]">&gt;&gt;</a>&nbsp;&nbsp;&nbsp;Adc_Init
</UL>

<P><STRONG><a name="[7d]"></a>ADC_StartCalibration</STRONG> (Thumb, 10 bytes, Stack size 0 bytes, stm32f10x_adc.o(i.ADC_StartCalibration))
<BR><BR>[Called By]<UL><LI><a href="#[75]">&gt;&gt;</a>&nbsp;&nbsp;&nbsp;Adc_Init
</UL>

<P><STRONG><a name="[75]"></a>Adc_Init</STRONG> (Thumb, 140 bytes, Stack size 32 bytes, adc.o(i.Adc_Init))
<BR><BR>[Stack]<UL><LI>Max Depth = 56<LI>Call Chain = Adc_Init &rArr; GPIO_Init
</UL>
<BR>[Calls]<UL><LI><a href="#[7d]">&gt;&gt;</a>&nbsp;&nbsp;&nbsp;ADC_StartCalibration
<LI><a href="#[7b]">&gt;&gt;</a>&nbsp;&nbsp;&nbsp;ADC_ResetCalibration
<LI><a href="#[79]">&gt;&gt;</a>&nbsp;&nbsp;&nbsp;ADC_Init
<LI><a href="#[7c]">&gt;&gt;</a>&nbsp;&nbsp;&nbsp;ADC_GetResetCalibrationStatus
<LI><a href="#[7e]">&gt;&gt;</a>&nbsp;&nbsp;&nbsp;ADC_GetCalibrationStatus
<LI><a href="#[73]">&gt;&gt;</a>&nbsp;&nbsp;&nbsp;ADC_DeInit
<LI><a href="#[7a]">&gt;&gt;</a>&nbsp;&nbsp;&nbsp;ADC_Cmd
<LI><a href="#[77]">&gt;&gt;</a>&nbsp;&nbsp;&nbsp;GPIO_Init
<LI><a href="#[76]">&gt;&gt;</a>&nbsp;&nbsp;&nbsp;RCC_APB2PeriphClockCmd
<LI><a href="#[78]">&gt;&gt;</a>&nbsp;&nbsp;&nbsp;RCC_ADCCLKConfig
</UL>
<BR>[Called By]<UL><LI><a href="#[89]">&gt;&gt;</a>&nbsp;&nbsp;&nbsp;BSP_INIT
</UL>

<P><STRONG><a name="[81]"></a>BH1750_Byte_Write</STRONG> (Thumb, 50 bytes, Stack size 8 bytes, bh1750.o(i.BH1750_Byte_Write))
<BR><BR>[Stack]<UL><LI>Max Depth = 24<LI>Call Chain = BH1750_Byte_Write &rArr; i2c_SendByte
</UL>
<BR>[Calls]<UL><LI><a href="#[84]">&gt;&gt;</a>&nbsp;&nbsp;&nbsp;i2c_WaitAck
<LI><a href="#[85]">&gt;&gt;</a>&nbsp;&nbsp;&nbsp;i2c_Stop
<LI><a href="#[82]">&gt;&gt;</a>&nbsp;&nbsp;&nbsp;i2c_Start
<LI><a href="#[83]">&gt;&gt;</a>&nbsp;&nbsp;&nbsp;i2c_SendByte
</UL>
<BR>[Called By]<UL><LI><a href="#[88]">&gt;&gt;</a>&nbsp;&nbsp;&nbsp;BH1750_Power_ON
<LI><a href="#[86]">&gt;&gt;</a>&nbsp;&nbsp;&nbsp;BH1750_Init
</UL>

<P><STRONG><a name="[86]"></a>BH1750_Init</STRONG> (Thumb, 18 bytes, Stack size 8 bytes, bh1750.o(i.BH1750_Init))
<BR><BR>[Stack]<UL><LI>Max Depth = 40<LI>Call Chain = BH1750_Init &rArr; BH1750_Power_ON &rArr; BH1750_Byte_Write &rArr; i2c_SendByte
</UL>
<BR>[Calls]<UL><LI><a href="#[88]">&gt;&gt;</a>&nbsp;&nbsp;&nbsp;BH1750_Power_ON
<LI><a href="#[81]">&gt;&gt;</a>&nbsp;&nbsp;&nbsp;BH1750_Byte_Write
<LI><a href="#[87]">&gt;&gt;</a>&nbsp;&nbsp;&nbsp;I2C_BH1750_GPIOConfig
</UL>
<BR>[Called By]<UL><LI><a href="#[89]">&gt;&gt;</a>&nbsp;&nbsp;&nbsp;BSP_INIT
</UL>

<P><STRONG><a name="[88]"></a>BH1750_Power_ON</STRONG> (Thumb, 10 bytes, Stack size 8 bytes, bh1750.o(i.BH1750_Power_ON))
<BR><BR>[Stack]<UL><LI>Max Depth = 32<LI>Call Chain = BH1750_Power_ON &rArr; BH1750_Byte_Write &rArr; i2c_SendByte
</UL>
<BR>[Calls]<UL><LI><a href="#[81]">&gt;&gt;</a>&nbsp;&nbsp;&nbsp;BH1750_Byte_Write
</UL>
<BR>[Called By]<UL><LI><a href="#[86]">&gt;&gt;</a>&nbsp;&nbsp;&nbsp;BH1750_Init
</UL>

<P><STRONG><a name="[89]"></a>BSP_INIT</STRONG> (Thumb, 76 bytes, Stack size 8 bytes, main.o(i.BSP_INIT))
<BR><BR>[Stack]<UL><LI>Max Depth = 216 + Unknown Stack Size
<LI>Call Chain = BSP_INIT &rArr; gizwitsSetMode &rArr; uartWrite &rArr; __2printf &rArr; _printf_char_file &rArr; _printf_char_common &rArr; __printf
</UL>
<BR>[Calls]<UL><LI><a href="#[8a]">&gt;&gt;</a>&nbsp;&nbsp;&nbsp;NVIC_PriorityGroupConfig
<LI><a href="#[93]">&gt;&gt;</a>&nbsp;&nbsp;&nbsp;userInit
<LI><a href="#[8b]">&gt;&gt;</a>&nbsp;&nbsp;&nbsp;uart_init
<LI><a href="#[8f]">&gt;&gt;</a>&nbsp;&nbsp;&nbsp;oled_first_show
<LI><a href="#[95]">&gt;&gt;</a>&nbsp;&nbsp;&nbsp;gizwitsSetMode
<LI><a href="#[8c]">&gt;&gt;</a>&nbsp;&nbsp;&nbsp;delay_init
<LI><a href="#[8d]">&gt;&gt;</a>&nbsp;&nbsp;&nbsp;OLED_Init
<LI><a href="#[8e]">&gt;&gt;</a>&nbsp;&nbsp;&nbsp;OLED_Clear
<LI><a href="#[90]">&gt;&gt;</a>&nbsp;&nbsp;&nbsp;My_TIM2_Init
<LI><a href="#[92]">&gt;&gt;</a>&nbsp;&nbsp;&nbsp;LED_Init
<LI><a href="#[91]">&gt;&gt;</a>&nbsp;&nbsp;&nbsp;DHT11_GPIO_Config
<LI><a href="#[86]">&gt;&gt;</a>&nbsp;&nbsp;&nbsp;BH1750_Init
<LI><a href="#[75]">&gt;&gt;</a>&nbsp;&nbsp;&nbsp;Adc_Init
<LI><a href="#[94]">&gt;&gt;</a>&nbsp;&nbsp;&nbsp;Gizwits_Init
</UL>
<BR>[Called By]<UL><LI><a href="#[56]">&gt;&gt;</a>&nbsp;&nbsp;&nbsp;main
</UL>

<P><STRONG><a name="[8]"></a>BusFault_Handler</STRONG> (Thumb, 4 bytes, Stack size 0 bytes, stm32f10x_it.o(i.BusFault_Handler))
<BR>[Address Reference Count : 1]<UL><LI> startup_stm32f10x_md.o(RESET)
</UL>
<P><STRONG><a name="[91]"></a>DHT11_GPIO_Config</STRONG> (Thumb, 46 bytes, Stack size 8 bytes, dht11.o(i.DHT11_GPIO_Config))
<BR><BR>[Stack]<UL><LI>Max Depth = 32<LI>Call Chain = DHT11_GPIO_Config &rArr; GPIO_Init
</UL>
<BR>[Calls]<UL><LI><a href="#[96]">&gt;&gt;</a>&nbsp;&nbsp;&nbsp;GPIO_SetBits
<LI><a href="#[77]">&gt;&gt;</a>&nbsp;&nbsp;&nbsp;GPIO_Init
<LI><a href="#[76]">&gt;&gt;</a>&nbsp;&nbsp;&nbsp;RCC_APB2PeriphClockCmd
</UL>
<BR>[Called By]<UL><LI><a href="#[89]">&gt;&gt;</a>&nbsp;&nbsp;&nbsp;BSP_INIT
</UL>

<P><STRONG><a name="[1a]"></a>DMA1_Channel2_IRQHandler</STRONG> (Thumb, 24 bytes, Stack size 8 bytes, dma1.o(i.DMA1_Channel2_IRQHandler))
<BR><BR>[Stack]<UL><LI>Max Depth = 8<LI>Call Chain = DMA1_Channel2_IRQHandler
</UL>
<BR>[Calls]<UL><LI><a href="#[9c]">&gt;&gt;</a>&nbsp;&nbsp;&nbsp;DMA_GetFlagStatus
<LI><a href="#[9d]">&gt;&gt;</a>&nbsp;&nbsp;&nbsp;DMA_ClearFlag
</UL>
<BR>[Address Reference Count : 1]<UL><LI> startup_stm32f10x_md.o(RESET)
</UL>
<P><STRONG><a name="[9d]"></a>DMA_ClearFlag</STRONG> (Thumb, 18 bytes, Stack size 0 bytes, stm32f10x_dma.o(i.DMA_ClearFlag))
<BR><BR>[Called By]<UL><LI><a href="#[1a]">&gt;&gt;</a>&nbsp;&nbsp;&nbsp;DMA1_Channel2_IRQHandler
</UL>

<P><STRONG><a name="[9c]"></a>DMA_GetFlagStatus</STRONG> (Thumb, 36 bytes, Stack size 0 bytes, stm32f10x_dma.o(i.DMA_GetFlagStatus))
<BR><BR>[Called By]<UL><LI><a href="#[1a]">&gt;&gt;</a>&nbsp;&nbsp;&nbsp;DMA1_Channel2_IRQHandler
</UL>

<P><STRONG><a name="[b]"></a>DebugMon_Handler</STRONG> (Thumb, 2 bytes, Stack size 0 bytes, stm32f10x_it.o(i.DebugMon_Handler))
<BR>[Address Reference Count : 1]<UL><LI> startup_stm32f10x_md.o(RESET)
</UL>
<P><STRONG><a name="[77]"></a>GPIO_Init</STRONG> (Thumb, 278 bytes, Stack size 24 bytes, stm32f10x_gpio.o(i.GPIO_Init))
<BR><BR>[Stack]<UL><LI>Max Depth = 24<LI>Call Chain = GPIO_Init
</UL>
<BR>[Called By]<UL><LI><a href="#[87]">&gt;&gt;</a>&nbsp;&nbsp;&nbsp;I2C_BH1750_GPIOConfig
<LI><a href="#[98]">&gt;&gt;</a>&nbsp;&nbsp;&nbsp;DHT11_Mode_Out_PP
<LI><a href="#[97]">&gt;&gt;</a>&nbsp;&nbsp;&nbsp;DHT11_Mode_IPU
<LI><a href="#[a0]">&gt;&gt;</a>&nbsp;&nbsp;&nbsp;usart3_init
<LI><a href="#[8b]">&gt;&gt;</a>&nbsp;&nbsp;&nbsp;uart_init
<LI><a href="#[8d]">&gt;&gt;</a>&nbsp;&nbsp;&nbsp;OLED_Init
<LI><a href="#[90]">&gt;&gt;</a>&nbsp;&nbsp;&nbsp;My_TIM2_Init
<LI><a href="#[92]">&gt;&gt;</a>&nbsp;&nbsp;&nbsp;LED_Init
<LI><a href="#[91]">&gt;&gt;</a>&nbsp;&nbsp;&nbsp;DHT11_GPIO_Config
<LI><a href="#[75]">&gt;&gt;</a>&nbsp;&nbsp;&nbsp;Adc_Init
</UL>

<P><STRONG><a name="[e6]"></a>GPIO_PinRemapConfig</STRONG> (Thumb, 138 bytes, Stack size 20 bytes, stm32f10x_gpio.o(i.GPIO_PinRemapConfig))
<BR><BR>[Stack]<UL><LI>Max Depth = 20<LI>Call Chain = GPIO_PinRemapConfig
</UL>
<BR>[Called By]<UL><LI><a href="#[8d]">&gt;&gt;</a>&nbsp;&nbsp;&nbsp;OLED_Init
</UL>

<P><STRONG><a name="[f1]"></a>GPIO_ReadInputDataBit</STRONG> (Thumb, 18 bytes, Stack size 0 bytes, stm32f10x_gpio.o(i.GPIO_ReadInputDataBit))
<BR><BR>[Called By]<UL><LI><a href="#[f0]">&gt;&gt;</a>&nbsp;&nbsp;&nbsp;Read_Byte
<LI><a href="#[99]">&gt;&gt;</a>&nbsp;&nbsp;&nbsp;Read_DHT11
</UL>

<P><STRONG><a name="[a2]"></a>GPIO_ResetBits</STRONG> (Thumb, 4 bytes, Stack size 0 bytes, stm32f10x_gpio.o(i.GPIO_ResetBits))
<BR><BR>[Called By]<UL><LI><a href="#[ef]">&gt;&gt;</a>&nbsp;&nbsp;&nbsp;OLED_Write_IIC_Byte
<LI><a href="#[e5]">&gt;&gt;</a>&nbsp;&nbsp;&nbsp;OLED_IIC_Wait_Ack
<LI><a href="#[e4]">&gt;&gt;</a>&nbsp;&nbsp;&nbsp;OLED_IIC_Stop
<LI><a href="#[e3]">&gt;&gt;</a>&nbsp;&nbsp;&nbsp;OLED_IIC_Start
<LI><a href="#[99]">&gt;&gt;</a>&nbsp;&nbsp;&nbsp;Read_DHT11
<LI><a href="#[92]">&gt;&gt;</a>&nbsp;&nbsp;&nbsp;LED_Init
</UL>

<P><STRONG><a name="[96]"></a>GPIO_SetBits</STRONG> (Thumb, 4 bytes, Stack size 0 bytes, stm32f10x_gpio.o(i.GPIO_SetBits))
<BR><BR>[Called By]<UL><LI><a href="#[ef]">&gt;&gt;</a>&nbsp;&nbsp;&nbsp;OLED_Write_IIC_Byte
<LI><a href="#[e5]">&gt;&gt;</a>&nbsp;&nbsp;&nbsp;OLED_IIC_Wait_Ack
<LI><a href="#[e4]">&gt;&gt;</a>&nbsp;&nbsp;&nbsp;OLED_IIC_Stop
<LI><a href="#[e3]">&gt;&gt;</a>&nbsp;&nbsp;&nbsp;OLED_IIC_Start
<LI><a href="#[99]">&gt;&gt;</a>&nbsp;&nbsp;&nbsp;Read_DHT11
<LI><a href="#[8d]">&gt;&gt;</a>&nbsp;&nbsp;&nbsp;OLED_Init
<LI><a href="#[91]">&gt;&gt;</a>&nbsp;&nbsp;&nbsp;DHT11_GPIO_Config
</UL>

<P><STRONG><a name="[94]"></a>Gizwits_Init</STRONG> (Thumb, 34 bytes, Stack size 8 bytes, main.o(i.Gizwits_Init))
<BR><BR>[Stack]<UL><LI>Max Depth = 160 + Unknown Stack Size
<LI>Call Chain = Gizwits_Init &rArr; gizwitsInit &rArr; __2printf &rArr; _printf_char_file &rArr; _printf_char_common &rArr; __printf
</UL>
<BR>[Calls]<UL><LI><a href="#[a0]">&gt;&gt;</a>&nbsp;&nbsp;&nbsp;usart3_init
<LI><a href="#[9e]">&gt;&gt;</a>&nbsp;&nbsp;&nbsp;gizwitsInit
<LI><a href="#[9f]">&gt;&gt;</a>&nbsp;&nbsp;&nbsp;TIM3_Int_Init
<LI><a href="#[a1]">&gt;&gt;</a>&nbsp;&nbsp;&nbsp;__aeabi_memclr
</UL>
<BR>[Called By]<UL><LI><a href="#[89]">&gt;&gt;</a>&nbsp;&nbsp;&nbsp;BSP_INIT
</UL>

<P><STRONG><a name="[6]"></a>HardFault_Handler</STRONG> (Thumb, 4 bytes, Stack size 0 bytes, stm32f10x_it.o(i.HardFault_Handler))
<BR>[Address Reference Count : 1]<UL><LI> startup_stm32f10x_md.o(RESET)
</UL>
<P><STRONG><a name="[92]"></a>LED_Init</STRONG> (Thumb, 46 bytes, Stack size 8 bytes, led.o(i.LED_Init))
<BR><BR>[Stack]<UL><LI>Max Depth = 32<LI>Call Chain = LED_Init &rArr; GPIO_Init
</UL>
<BR>[Calls]<UL><LI><a href="#[a2]">&gt;&gt;</a>&nbsp;&nbsp;&nbsp;GPIO_ResetBits
<LI><a href="#[77]">&gt;&gt;</a>&nbsp;&nbsp;&nbsp;GPIO_Init
<LI><a href="#[76]">&gt;&gt;</a>&nbsp;&nbsp;&nbsp;RCC_APB2PeriphClockCmd
</UL>
<BR>[Called By]<UL><LI><a href="#[89]">&gt;&gt;</a>&nbsp;&nbsp;&nbsp;BSP_INIT
</UL>

<P><STRONG><a name="[ce]"></a>LOS_Align</STRONG> (Thumb, 28 bytes, Stack size 0 bytes, los_misc.o(i.LOS_Align))
<BR><BR>[Called By]<UL><LI><a href="#[cb]">&gt;&gt;</a>&nbsp;&nbsp;&nbsp;LOS_TaskCreateOnly
</UL>

<P><STRONG><a name="[a3]"></a>LOS_KernelInit</STRONG> (Thumb, 174 bytes, Stack size 8 bytes, los_init.o(i.LOS_KernelInit))
<BR><BR>[Stack]<UL><LI>Max Depth = 368 + Unknown Stack Size
<LI>Call Chain = LOS_KernelInit &rArr; osSwTmrInit &rArr; osSwTmrTaskCreate &rArr; LOS_TaskCreate &rArr; LOS_TaskCreateOnly &rArr; LOS_MemAllocAlign &rArr; osHeapAllocAlign &rArr; osHeapAlloc &rArr; __2printf &rArr; _printf_char_file &rArr; _printf_char_common &rArr; __printf
</UL>
<BR>[Calls]<UL><LI><a href="#[ac]">&gt;&gt;</a>&nbsp;&nbsp;&nbsp;osTimesliceInit
<LI><a href="#[a7]">&gt;&gt;</a>&nbsp;&nbsp;&nbsp;osTaskMonInit
<LI><a href="#[a6]">&gt;&gt;</a>&nbsp;&nbsp;&nbsp;osTaskInit
<LI><a href="#[ab]">&gt;&gt;</a>&nbsp;&nbsp;&nbsp;osSwTmrInit
<LI><a href="#[a8]">&gt;&gt;</a>&nbsp;&nbsp;&nbsp;osSemInit
<LI><a href="#[aa]">&gt;&gt;</a>&nbsp;&nbsp;&nbsp;osQueueInit
<LI><a href="#[a9]">&gt;&gt;</a>&nbsp;&nbsp;&nbsp;osMuxInit
<LI><a href="#[a5]">&gt;&gt;</a>&nbsp;&nbsp;&nbsp;osMemSystemInit
<LI><a href="#[ad]">&gt;&gt;</a>&nbsp;&nbsp;&nbsp;osIdleTaskCreate
<LI><a href="#[a4]">&gt;&gt;</a>&nbsp;&nbsp;&nbsp;osRegister
<LI><a href="#[5c]">&gt;&gt;</a>&nbsp;&nbsp;&nbsp;__2printf
</UL>
<BR>[Called By]<UL><LI><a href="#[56]">&gt;&gt;</a>&nbsp;&nbsp;&nbsp;main
</UL>

<P><STRONG><a name="[b0]"></a>LOS_MemAlloc</STRONG> (Thumb, 42 bytes, Stack size 16 bytes, los_memory.o(i.LOS_MemAlloc))
<BR><BR>[Stack]<UL><LI>Max Depth = 200 + Unknown Stack Size
<LI>Call Chain = LOS_MemAlloc &rArr; osHeapAlloc &rArr; __2printf &rArr; _printf_char_file &rArr; _printf_char_common &rArr; __printf
</UL>
<BR>[Calls]<UL><LI><a href="#[b1]">&gt;&gt;</a>&nbsp;&nbsp;&nbsp;osSlabMemAlloc
<LI><a href="#[b2]">&gt;&gt;</a>&nbsp;&nbsp;&nbsp;osHeapAlloc
</UL>
<BR>[Called By]<UL><LI><a href="#[bd]">&gt;&gt;</a>&nbsp;&nbsp;&nbsp;LOS_QueueCreate
<LI><a href="#[115]">&gt;&gt;</a>&nbsp;&nbsp;&nbsp;osPriqueueInit
<LI><a href="#[a6]">&gt;&gt;</a>&nbsp;&nbsp;&nbsp;osTaskInit
<LI><a href="#[ab]">&gt;&gt;</a>&nbsp;&nbsp;&nbsp;osSwTmrInit
<LI><a href="#[a8]">&gt;&gt;</a>&nbsp;&nbsp;&nbsp;osSemInit
<LI><a href="#[aa]">&gt;&gt;</a>&nbsp;&nbsp;&nbsp;osQueueInit
<LI><a href="#[a9]">&gt;&gt;</a>&nbsp;&nbsp;&nbsp;osMuxInit
</UL>

<P><STRONG><a name="[b3]"></a>LOS_MemAllocAlign</STRONG> (Thumb, 20 bytes, Stack size 16 bytes, los_memory.o(i.LOS_MemAllocAlign))
<BR><BR>[Stack]<UL><LI>Max Depth = 232 + Unknown Stack Size
<LI>Call Chain = LOS_MemAllocAlign &rArr; osHeapAllocAlign &rArr; osHeapAlloc &rArr; __2printf &rArr; _printf_char_file &rArr; _printf_char_common &rArr; __printf
</UL>
<BR>[Calls]<UL><LI><a href="#[b4]">&gt;&gt;</a>&nbsp;&nbsp;&nbsp;osHeapAllocAlign
</UL>
<BR>[Called By]<UL><LI><a href="#[cb]">&gt;&gt;</a>&nbsp;&nbsp;&nbsp;LOS_TaskCreateOnly
</UL>

<P><STRONG><a name="[b5]"></a>LOS_MemFree</STRONG> (Thumb, 52 bytes, Stack size 16 bytes, los_memory.o(i.LOS_MemFree))
<BR><BR>[Stack]<UL><LI>Max Depth = 200 + Unknown Stack Size
<LI>Call Chain = LOS_MemFree &rArr; osHeapFree &rArr; __2printf &rArr; _printf_char_file &rArr; _printf_char_common &rArr; __printf
</UL>
<BR>[Calls]<UL><LI><a href="#[b6]">&gt;&gt;</a>&nbsp;&nbsp;&nbsp;osSlabMemFree
<LI><a href="#[b7]">&gt;&gt;</a>&nbsp;&nbsp;&nbsp;osHeapFree
</UL>
<BR>[Called By]<UL><LI><a href="#[bd]">&gt;&gt;</a>&nbsp;&nbsp;&nbsp;LOS_QueueCreate
<LI><a href="#[d6]">&gt;&gt;</a>&nbsp;&nbsp;&nbsp;LOS_TaskDelete
<LI><a href="#[cb]">&gt;&gt;</a>&nbsp;&nbsp;&nbsp;LOS_TaskCreateOnly
</UL>

<P><STRONG><a name="[b8]"></a>LOS_MemInit</STRONG> (Thumb, 206 bytes, Stack size 40 bytes, los_memory.o(i.LOS_MemInit))
<BR><BR>[Stack]<UL><LI>Max Depth = 288 + Unknown Stack Size
<LI>Call Chain = LOS_MemInit &rArr; osSlabMemInit &rArr; osSlabAllocatorNew &rArr; osHeapAlloc &rArr; __2printf &rArr; _printf_char_file &rArr; _printf_char_common &rArr; __printf
</UL>
<BR>[Calls]<UL><LI><a href="#[ba]">&gt;&gt;</a>&nbsp;&nbsp;&nbsp;LOS_IntRestore
<LI><a href="#[b9]">&gt;&gt;</a>&nbsp;&nbsp;&nbsp;LOS_IntLock
<LI><a href="#[bc]">&gt;&gt;</a>&nbsp;&nbsp;&nbsp;osSlabMemInit
<LI><a href="#[bb]">&gt;&gt;</a>&nbsp;&nbsp;&nbsp;osHeapInit
<LI><a href="#[5c]">&gt;&gt;</a>&nbsp;&nbsp;&nbsp;__2printf
</UL>
<BR>[Called By]<UL><LI><a href="#[a5]">&gt;&gt;</a>&nbsp;&nbsp;&nbsp;osMemSystemInit
</UL>

<P><STRONG><a name="[bd]"></a>LOS_QueueCreate</STRONG> (Thumb, 210 bytes, Stack size 40 bytes, los_queue.o(i.LOS_QueueCreate))
<BR><BR>[Stack]<UL><LI>Max Depth = 240 + Unknown Stack Size
<LI>Call Chain = LOS_QueueCreate &rArr; LOS_MemAlloc &rArr; osHeapAlloc &rArr; __2printf &rArr; _printf_char_file &rArr; _printf_char_common &rArr; __printf
</UL>
<BR>[Calls]<UL><LI><a href="#[ba]">&gt;&gt;</a>&nbsp;&nbsp;&nbsp;LOS_IntRestore
<LI><a href="#[b0]">&gt;&gt;</a>&nbsp;&nbsp;&nbsp;LOS_MemAlloc
<LI><a href="#[b9]">&gt;&gt;</a>&nbsp;&nbsp;&nbsp;LOS_IntLock
<LI><a href="#[bf]">&gt;&gt;</a>&nbsp;&nbsp;&nbsp;LOS_ListInit
<LI><a href="#[be]">&gt;&gt;</a>&nbsp;&nbsp;&nbsp;LOS_ListEmpty
<LI><a href="#[b5]">&gt;&gt;</a>&nbsp;&nbsp;&nbsp;LOS_MemFree
</UL>
<BR>[Called By]<UL><LI><a href="#[ab]">&gt;&gt;</a>&nbsp;&nbsp;&nbsp;osSwTmrInit
</UL>

<P><STRONG><a name="[c0]"></a>LOS_QueueReadCopy</STRONG> (Thumb, 54 bytes, Stack size 32 bytes, los_queue.o(i.LOS_QueueReadCopy))
<BR><BR>[Stack]<UL><LI>Max Depth = 272 + Unknown Stack Size
<LI>Call Chain = LOS_QueueReadCopy &rArr; osQueueOperate &rArr; osQueueBufferOperate &rArr; __2printf &rArr; _printf_char_file &rArr; _printf_char_common &rArr; __printf
</UL>
<BR>[Calls]<UL><LI><a href="#[c2]">&gt;&gt;</a>&nbsp;&nbsp;&nbsp;osQueueOperate
<LI><a href="#[c1]">&gt;&gt;</a>&nbsp;&nbsp;&nbsp;osQueueReadParameterCheck
</UL>
<BR>[Called By]<UL><LI><a href="#[41]">&gt;&gt;</a>&nbsp;&nbsp;&nbsp;osSwTmrTask
</UL>

<P><STRONG><a name="[c3]"></a>LOS_QueueWriteCopy</STRONG> (Thumb, 54 bytes, Stack size 48 bytes, los_queue.o(i.LOS_QueueWriteCopy))
<BR><BR>[Stack]<UL><LI>Max Depth = 288 + Unknown Stack Size
<LI>Call Chain = LOS_QueueWriteCopy &rArr; osQueueOperate &rArr; osQueueBufferOperate &rArr; __2printf &rArr; _printf_char_file &rArr; _printf_char_common &rArr; __printf
</UL>
<BR>[Calls]<UL><LI><a href="#[c2]">&gt;&gt;</a>&nbsp;&nbsp;&nbsp;osQueueOperate
<LI><a href="#[c4]">&gt;&gt;</a>&nbsp;&nbsp;&nbsp;osQueueWriteParameterCheck
</UL>
<BR>[Called By]<UL><LI><a href="#[127]">&gt;&gt;</a>&nbsp;&nbsp;&nbsp;osSwTmrTimeoutHandle
</UL>

<P><STRONG><a name="[c5]"></a>LOS_Schedule</STRONG> (Thumb, 56 bytes, Stack size 8 bytes, los_hw.o(i.LOS_Schedule))
<BR><BR>[Stack]<UL><LI>Max Depth = 8 + Unknown Stack Size
<LI>Call Chain = LOS_Schedule
</UL>
<BR>[Calls]<UL><LI><a href="#[ba]">&gt;&gt;</a>&nbsp;&nbsp;&nbsp;LOS_IntRestore
<LI><a href="#[c6]">&gt;&gt;</a>&nbsp;&nbsp;&nbsp;osPriqueueTop
<LI><a href="#[b9]">&gt;&gt;</a>&nbsp;&nbsp;&nbsp;LOS_IntLock
<LI><a href="#[c7]">&gt;&gt;</a>&nbsp;&nbsp;&nbsp;osTaskSchedule
</UL>
<BR>[Called By]<UL><LI><a href="#[9b]">&gt;&gt;</a>&nbsp;&nbsp;&nbsp;LOS_TaskDelay
<LI><a href="#[c2]">&gt;&gt;</a>&nbsp;&nbsp;&nbsp;osQueueOperate
<LI><a href="#[12c]">&gt;&gt;</a>&nbsp;&nbsp;&nbsp;osTaskScan
<LI><a href="#[d3]">&gt;&gt;</a>&nbsp;&nbsp;&nbsp;LOS_TaskYield
</UL>

<P><STRONG><a name="[c8]"></a>LOS_Start</STRONG> (Thumb, 38 bytes, Stack size 8 bytes, los_init.o(i.LOS_Start))
<BR><BR>[Stack]<UL><LI>Max Depth = 152 + Unknown Stack Size
<LI>Call Chain = LOS_Start &rArr; __2printf &rArr; _printf_char_file &rArr; _printf_char_common &rArr; __printf
</UL>
<BR>[Calls]<UL><LI><a href="#[c9]">&gt;&gt;</a>&nbsp;&nbsp;&nbsp;osTickStart
<LI><a href="#[ca]">&gt;&gt;</a>&nbsp;&nbsp;&nbsp;LOS_StartToRun
<LI><a href="#[5c]">&gt;&gt;</a>&nbsp;&nbsp;&nbsp;__2printf
</UL>
<BR>[Called By]<UL><LI><a href="#[56]">&gt;&gt;</a>&nbsp;&nbsp;&nbsp;main
</UL>

<P><STRONG><a name="[80]"></a>LOS_TaskCreate</STRONG> (Thumb, 140 bytes, Stack size 24 bytes, los_task.o(i.LOS_TaskCreate))
<BR><BR>[Stack]<UL><LI>Max Depth = 296 + Unknown Stack Size
<LI>Call Chain = LOS_TaskCreate &rArr; LOS_TaskCreateOnly &rArr; LOS_MemAllocAlign &rArr; osHeapAllocAlign &rArr; osHeapAlloc &rArr; __2printf &rArr; _printf_char_file &rArr; _printf_char_common &rArr; __printf
</UL>
<BR>[Calls]<UL><LI><a href="#[ba]">&gt;&gt;</a>&nbsp;&nbsp;&nbsp;LOS_IntRestore
<LI><a href="#[c6]">&gt;&gt;</a>&nbsp;&nbsp;&nbsp;osPriqueueTop
<LI><a href="#[cc]">&gt;&gt;</a>&nbsp;&nbsp;&nbsp;osPriqueueEnqueue
<LI><a href="#[b9]">&gt;&gt;</a>&nbsp;&nbsp;&nbsp;LOS_IntLock
<LI><a href="#[cd]">&gt;&gt;</a>&nbsp;&nbsp;&nbsp;osSchedule
<LI><a href="#[cb]">&gt;&gt;</a>&nbsp;&nbsp;&nbsp;LOS_TaskCreateOnly
</UL>
<BR>[Called By]<UL><LI><a href="#[7f]">&gt;&gt;</a>&nbsp;&nbsp;&nbsp;AppTaskCreate
<LI><a href="#[125]">&gt;&gt;</a>&nbsp;&nbsp;&nbsp;osSwTmrTaskCreate
<LI><a href="#[ad]">&gt;&gt;</a>&nbsp;&nbsp;&nbsp;osIdleTaskCreate
</UL>

<P><STRONG><a name="[cb]"></a>LOS_TaskCreateOnly</STRONG> (Thumb, 354 bytes, Stack size 40 bytes, los_task.o(i.LOS_TaskCreateOnly))
<BR><BR>[Stack]<UL><LI>Max Depth = 272 + Unknown Stack Size
<LI>Call Chain = LOS_TaskCreateOnly &rArr; LOS_MemAllocAlign &rArr; osHeapAllocAlign &rArr; osHeapAlloc &rArr; __2printf &rArr; _printf_char_file &rArr; _printf_char_common &rArr; __printf
</UL>
<BR>[Calls]<UL><LI><a href="#[ba]">&gt;&gt;</a>&nbsp;&nbsp;&nbsp;LOS_IntRestore
<LI><a href="#[b9]">&gt;&gt;</a>&nbsp;&nbsp;&nbsp;LOS_IntLock
<LI><a href="#[d1]">&gt;&gt;</a>&nbsp;&nbsp;&nbsp;osTskStackInit
<LI><a href="#[b5]">&gt;&gt;</a>&nbsp;&nbsp;&nbsp;LOS_MemFree
<LI><a href="#[b3]">&gt;&gt;</a>&nbsp;&nbsp;&nbsp;LOS_MemAllocAlign
<LI><a href="#[ce]">&gt;&gt;</a>&nbsp;&nbsp;&nbsp;LOS_Align
<LI><a href="#[d0]">&gt;&gt;</a>&nbsp;&nbsp;&nbsp;LOS_ListEmpty
<LI><a href="#[cf]">&gt;&gt;</a>&nbsp;&nbsp;&nbsp;LOS_ListDelete
<LI><a href="#[af]">&gt;&gt;</a>&nbsp;&nbsp;&nbsp;LOS_ListAdd
</UL>
<BR>[Called By]<UL><LI><a href="#[80]">&gt;&gt;</a>&nbsp;&nbsp;&nbsp;LOS_TaskCreate
</UL>

<P><STRONG><a name="[9b]"></a>LOS_TaskDelay</STRONG> (Thumb, 106 bytes, Stack size 16 bytes, los_task.o(i.LOS_TaskDelay))
<BR><BR>[Stack]<UL><LI>Max Depth = 64 + Unknown Stack Size
<LI>Call Chain = LOS_TaskDelay &rArr; osTaskAdd2TimerList &rArr; LOS_ListTailInsert
</UL>
<BR>[Calls]<UL><LI><a href="#[ba]">&gt;&gt;</a>&nbsp;&nbsp;&nbsp;LOS_IntRestore
<LI><a href="#[d4]">&gt;&gt;</a>&nbsp;&nbsp;&nbsp;osPriqueueDequeue
<LI><a href="#[b9]">&gt;&gt;</a>&nbsp;&nbsp;&nbsp;LOS_IntLock
<LI><a href="#[d2]">&gt;&gt;</a>&nbsp;&nbsp;&nbsp;osIntNumGet
<LI><a href="#[c5]">&gt;&gt;</a>&nbsp;&nbsp;&nbsp;LOS_Schedule
<LI><a href="#[d5]">&gt;&gt;</a>&nbsp;&nbsp;&nbsp;osTaskAdd2TimerList
<LI><a href="#[d3]">&gt;&gt;</a>&nbsp;&nbsp;&nbsp;LOS_TaskYield
</UL>
<BR>[Called By]<UL><LI><a href="#[3e]">&gt;&gt;</a>&nbsp;&nbsp;&nbsp;Led2Task
<LI><a href="#[3d]">&gt;&gt;</a>&nbsp;&nbsp;&nbsp;Led1Task
<LI><a href="#[3f]">&gt;&gt;</a>&nbsp;&nbsp;&nbsp;DHT11_task
</UL>

<P><STRONG><a name="[d6]"></a>LOS_TaskDelete</STRONG> (Thumb, 334 bytes, Stack size 24 bytes, los_task.o(i.LOS_TaskDelete))
<BR><BR>[Stack]<UL><LI>Max Depth = 224 + Unknown Stack Size
<LI>Call Chain = LOS_TaskDelete &rArr; LOS_MemFree &rArr; osHeapFree &rArr; __2printf &rArr; _printf_char_file &rArr; _printf_char_common &rArr; __printf
</UL>
<BR>[Calls]<UL><LI><a href="#[ba]">&gt;&gt;</a>&nbsp;&nbsp;&nbsp;LOS_IntRestore
<LI><a href="#[c6]">&gt;&gt;</a>&nbsp;&nbsp;&nbsp;osPriqueueTop
<LI><a href="#[d4]">&gt;&gt;</a>&nbsp;&nbsp;&nbsp;osPriqueueDequeue
<LI><a href="#[b9]">&gt;&gt;</a>&nbsp;&nbsp;&nbsp;LOS_IntLock
<LI><a href="#[cd]">&gt;&gt;</a>&nbsp;&nbsp;&nbsp;osSchedule
<LI><a href="#[b5]">&gt;&gt;</a>&nbsp;&nbsp;&nbsp;LOS_MemFree
<LI><a href="#[d7]">&gt;&gt;</a>&nbsp;&nbsp;&nbsp;osTimerListDelete
<LI><a href="#[ae]">&gt;&gt;</a>&nbsp;&nbsp;&nbsp;LOS_ListTailInsert
<LI><a href="#[cf]">&gt;&gt;</a>&nbsp;&nbsp;&nbsp;LOS_ListDelete
<LI><a href="#[af]">&gt;&gt;</a>&nbsp;&nbsp;&nbsp;LOS_ListAdd
</UL>
<BR>[Called By]<UL><LI><a href="#[44]">&gt;&gt;</a>&nbsp;&nbsp;&nbsp;osTaskEntry
</UL>

<P><STRONG><a name="[d3]"></a>LOS_TaskYield</STRONG> (Thumb, 134 bytes, Stack size 16 bytes, los_task.o(i.LOS_TaskYield))
<BR><BR>[Stack]<UL><LI>Max Depth = 32 + Unknown Stack Size
<LI>Call Chain = LOS_TaskYield &rArr; osPriqueueEnqueue
</UL>
<BR>[Calls]<UL><LI><a href="#[ba]">&gt;&gt;</a>&nbsp;&nbsp;&nbsp;LOS_IntRestore
<LI><a href="#[d8]">&gt;&gt;</a>&nbsp;&nbsp;&nbsp;osPriqueueSize
<LI><a href="#[cc]">&gt;&gt;</a>&nbsp;&nbsp;&nbsp;osPriqueueEnqueue
<LI><a href="#[b9]">&gt;&gt;</a>&nbsp;&nbsp;&nbsp;LOS_IntLock
<LI><a href="#[c5]">&gt;&gt;</a>&nbsp;&nbsp;&nbsp;LOS_Schedule
<LI><a href="#[cf]">&gt;&gt;</a>&nbsp;&nbsp;&nbsp;LOS_ListDelete
</UL>
<BR>[Called By]<UL><LI><a href="#[9b]">&gt;&gt;</a>&nbsp;&nbsp;&nbsp;LOS_TaskDelay
<LI><a href="#[12d]">&gt;&gt;</a>&nbsp;&nbsp;&nbsp;osTimesliceCheck
</UL>

<P><STRONG><a name="[126]"></a>LOS_TickCountGet</STRONG> (Thumb, 6 bytes, Stack size 0 bytes, los_sys.o(i.LOS_TickCountGet))
<BR><BR>[Called By]<UL><LI><a href="#[41]">&gt;&gt;</a>&nbsp;&nbsp;&nbsp;osSwTmrTask
</UL>

<P><STRONG><a name="[7]"></a>MemManage_Handler</STRONG> (Thumb, 4 bytes, Stack size 0 bytes, stm32f10x_it.o(i.MemManage_Handler))
<BR>[Address Reference Count : 1]<UL><LI> startup_stm32f10x_md.o(RESET)
</UL>
<P><STRONG><a name="[90]"></a>My_TIM2_Init</STRONG> (Thumb, 170 bytes, Stack size 48 bytes, pwm.o(i.My_TIM2_Init))
<BR><BR>[Stack]<UL><LI>Max Depth = 72<LI>Call Chain = My_TIM2_Init &rArr; GPIO_Init
</UL>
<BR>[Calls]<UL><LI><a href="#[77]">&gt;&gt;</a>&nbsp;&nbsp;&nbsp;GPIO_Init
<LI><a href="#[76]">&gt;&gt;</a>&nbsp;&nbsp;&nbsp;RCC_APB2PeriphClockCmd
<LI><a href="#[d9]">&gt;&gt;</a>&nbsp;&nbsp;&nbsp;RCC_APB1PeriphClockCmd
<LI><a href="#[da]">&gt;&gt;</a>&nbsp;&nbsp;&nbsp;TIM_TimeBaseInit
<LI><a href="#[e0]">&gt;&gt;</a>&nbsp;&nbsp;&nbsp;TIM_OC4PreloadConfig
<LI><a href="#[dd]">&gt;&gt;</a>&nbsp;&nbsp;&nbsp;TIM_OC4Init
<LI><a href="#[de]">&gt;&gt;</a>&nbsp;&nbsp;&nbsp;TIM_OC3PreloadConfig
<LI><a href="#[dc]">&gt;&gt;</a>&nbsp;&nbsp;&nbsp;TIM_OC3Init
<LI><a href="#[df]">&gt;&gt;</a>&nbsp;&nbsp;&nbsp;TIM_OC2PreloadConfig
<LI><a href="#[db]">&gt;&gt;</a>&nbsp;&nbsp;&nbsp;TIM_OC2Init
<LI><a href="#[e1]">&gt;&gt;</a>&nbsp;&nbsp;&nbsp;TIM_Cmd
</UL>
<BR>[Called By]<UL><LI><a href="#[89]">&gt;&gt;</a>&nbsp;&nbsp;&nbsp;BSP_INIT
</UL>

<P><STRONG><a name="[5]"></a>NMI_Handler</STRONG> (Thumb, 2 bytes, Stack size 0 bytes, stm32f10x_it.o(i.NMI_Handler))
<BR>[Address Reference Count : 1]<UL><LI> startup_stm32f10x_md.o(RESET)
</UL>
<P><STRONG><a name="[fa]"></a>NVIC_Init</STRONG> (Thumb, 100 bytes, Stack size 16 bytes, misc.o(i.NVIC_Init))
<BR><BR>[Stack]<UL><LI>Max Depth = 16<LI>Call Chain = NVIC_Init
</UL>
<BR>[Called By]<UL><LI><a href="#[a0]">&gt;&gt;</a>&nbsp;&nbsp;&nbsp;usart3_init
<LI><a href="#[8b]">&gt;&gt;</a>&nbsp;&nbsp;&nbsp;uart_init
<LI><a href="#[9f]">&gt;&gt;</a>&nbsp;&nbsp;&nbsp;TIM3_Int_Init
</UL>

<P><STRONG><a name="[8a]"></a>NVIC_PriorityGroupConfig</STRONG> (Thumb, 10 bytes, Stack size 0 bytes, misc.o(i.NVIC_PriorityGroupConfig))
<BR><BR>[Called By]<UL><LI><a href="#[89]">&gt;&gt;</a>&nbsp;&nbsp;&nbsp;BSP_INIT
</UL>

<P><STRONG><a name="[8e]"></a>OLED_Clear</STRONG> (Thumb, 62 bytes, Stack size 16 bytes, oled.o(i.OLED_Clear))
<BR><BR>[Stack]<UL><LI>Max Depth = 64<LI>Call Chain = OLED_Clear &rArr; OLED_WR_Byte &rArr; OLED_Write_IIC_Data &rArr; OLED_Write_IIC_Byte
</UL>
<BR>[Calls]<UL><LI><a href="#[e2]">&gt;&gt;</a>&nbsp;&nbsp;&nbsp;OLED_WR_Byte
</UL>
<BR>[Called By]<UL><LI><a href="#[89]">&gt;&gt;</a>&nbsp;&nbsp;&nbsp;BSP_INIT
</UL>

<P><STRONG><a name="[e3]"></a>OLED_IIC_Start</STRONG> (Thumb, 44 bytes, Stack size 8 bytes, oled.o(i.OLED_IIC_Start))
<BR><BR>[Stack]<UL><LI>Max Depth = 8<LI>Call Chain = OLED_IIC_Start
</UL>
<BR>[Calls]<UL><LI><a href="#[96]">&gt;&gt;</a>&nbsp;&nbsp;&nbsp;GPIO_SetBits
<LI><a href="#[a2]">&gt;&gt;</a>&nbsp;&nbsp;&nbsp;GPIO_ResetBits
</UL>
<BR>[Called By]<UL><LI><a href="#[ed]">&gt;&gt;</a>&nbsp;&nbsp;&nbsp;OLED_Write_IIC_Data
<LI><a href="#[ee]">&gt;&gt;</a>&nbsp;&nbsp;&nbsp;OLED_Write_IIC_Command
</UL>

<P><STRONG><a name="[e4]"></a>OLED_IIC_Stop</STRONG> (Thumb, 34 bytes, Stack size 8 bytes, oled.o(i.OLED_IIC_Stop))
<BR><BR>[Stack]<UL><LI>Max Depth = 8<LI>Call Chain = OLED_IIC_Stop
</UL>
<BR>[Calls]<UL><LI><a href="#[96]">&gt;&gt;</a>&nbsp;&nbsp;&nbsp;GPIO_SetBits
<LI><a href="#[a2]">&gt;&gt;</a>&nbsp;&nbsp;&nbsp;GPIO_ResetBits
</UL>
<BR>[Called By]<UL><LI><a href="#[ed]">&gt;&gt;</a>&nbsp;&nbsp;&nbsp;OLED_Write_IIC_Data
<LI><a href="#[ee]">&gt;&gt;</a>&nbsp;&nbsp;&nbsp;OLED_Write_IIC_Command
</UL>

<P><STRONG><a name="[e5]"></a>OLED_IIC_Wait_Ack</STRONG> (Thumb, 24 bytes, Stack size 8 bytes, oled.o(i.OLED_IIC_Wait_Ack))
<BR><BR>[Stack]<UL><LI>Max Depth = 8<LI>Call Chain = OLED_IIC_Wait_Ack
</UL>
<BR>[Calls]<UL><LI><a href="#[96]">&gt;&gt;</a>&nbsp;&nbsp;&nbsp;GPIO_SetBits
<LI><a href="#[a2]">&gt;&gt;</a>&nbsp;&nbsp;&nbsp;GPIO_ResetBits
</UL>
<BR>[Called By]<UL><LI><a href="#[ed]">&gt;&gt;</a>&nbsp;&nbsp;&nbsp;OLED_Write_IIC_Data
<LI><a href="#[ee]">&gt;&gt;</a>&nbsp;&nbsp;&nbsp;OLED_Write_IIC_Command
</UL>

<P><STRONG><a name="[8d]"></a>OLED_Init</STRONG> (Thumb, 282 bytes, Stack size 8 bytes, oled.o(i.OLED_Init))
<BR><BR>[Stack]<UL><LI>Max Depth = 56<LI>Call Chain = OLED_Init &rArr; OLED_WR_Byte &rArr; OLED_Write_IIC_Data &rArr; OLED_Write_IIC_Byte
</UL>
<BR>[Calls]<UL><LI><a href="#[96]">&gt;&gt;</a>&nbsp;&nbsp;&nbsp;GPIO_SetBits
<LI><a href="#[e6]">&gt;&gt;</a>&nbsp;&nbsp;&nbsp;GPIO_PinRemapConfig
<LI><a href="#[77]">&gt;&gt;</a>&nbsp;&nbsp;&nbsp;GPIO_Init
<LI><a href="#[76]">&gt;&gt;</a>&nbsp;&nbsp;&nbsp;RCC_APB2PeriphClockCmd
<LI><a href="#[e2]">&gt;&gt;</a>&nbsp;&nbsp;&nbsp;OLED_WR_Byte
<LI><a href="#[e7]">&gt;&gt;</a>&nbsp;&nbsp;&nbsp;delay_ms
</UL>
<BR>[Called By]<UL><LI><a href="#[89]">&gt;&gt;</a>&nbsp;&nbsp;&nbsp;BSP_INIT
</UL>

<P><STRONG><a name="[9a]"></a>OLED_Num2</STRONG> (Thumb, 156 bytes, Stack size 32 bytes, oled.o(i.OLED_Num2))
<BR><BR>[Stack]<UL><LI>Max Depth = 120<LI>Call Chain = OLED_Num2 &rArr; OLED_fuhao_write &rArr; OLED_Set_Pos &rArr; OLED_WR_Byte &rArr; OLED_Write_IIC_Data &rArr; OLED_Write_IIC_Byte
</UL>
<BR>[Calls]<UL><LI><a href="#[e8]">&gt;&gt;</a>&nbsp;&nbsp;&nbsp;OLED_fuhao_write
<LI><a href="#[e9]">&gt;&gt;</a>&nbsp;&nbsp;&nbsp;OLED_Num_write
</UL>
<BR>[Called By]<UL><LI><a href="#[3f]">&gt;&gt;</a>&nbsp;&nbsp;&nbsp;DHT11_task
</UL>

<P><STRONG><a name="[e9]"></a>OLED_Num_write</STRONG> (Thumb, 62 bytes, Stack size 24 bytes, oled.o(i.OLED_Num_write))
<BR><BR>[Stack]<UL><LI>Max Depth = 88<LI>Call Chain = OLED_Num_write &rArr; OLED_Set_Pos &rArr; OLED_WR_Byte &rArr; OLED_Write_IIC_Data &rArr; OLED_Write_IIC_Byte
</UL>
<BR>[Calls]<UL><LI><a href="#[e2]">&gt;&gt;</a>&nbsp;&nbsp;&nbsp;OLED_WR_Byte
<LI><a href="#[ea]">&gt;&gt;</a>&nbsp;&nbsp;&nbsp;OLED_Set_Pos
</UL>
<BR>[Called By]<UL><LI><a href="#[9a]">&gt;&gt;</a>&nbsp;&nbsp;&nbsp;OLED_Num2
</UL>

<P><STRONG><a name="[ea]"></a>OLED_Set_Pos</STRONG> (Thumb, 40 bytes, Stack size 16 bytes, oled.o(i.OLED_Set_Pos))
<BR><BR>[Stack]<UL><LI>Max Depth = 64<LI>Call Chain = OLED_Set_Pos &rArr; OLED_WR_Byte &rArr; OLED_Write_IIC_Data &rArr; OLED_Write_IIC_Byte
</UL>
<BR>[Calls]<UL><LI><a href="#[e2]">&gt;&gt;</a>&nbsp;&nbsp;&nbsp;OLED_WR_Byte
</UL>
<BR>[Called By]<UL><LI><a href="#[e8]">&gt;&gt;</a>&nbsp;&nbsp;&nbsp;OLED_fuhao_write
<LI><a href="#[eb]">&gt;&gt;</a>&nbsp;&nbsp;&nbsp;OLED_ShowChar
<LI><a href="#[e9]">&gt;&gt;</a>&nbsp;&nbsp;&nbsp;OLED_Num_write
</UL>

<P><STRONG><a name="[eb]"></a>OLED_ShowChar</STRONG> (Thumb, 154 bytes, Stack size 32 bytes, oled.o(i.OLED_ShowChar))
<BR><BR>[Stack]<UL><LI>Max Depth = 96<LI>Call Chain = OLED_ShowChar &rArr; OLED_Set_Pos &rArr; OLED_WR_Byte &rArr; OLED_Write_IIC_Data &rArr; OLED_Write_IIC_Byte
</UL>
<BR>[Calls]<UL><LI><a href="#[e2]">&gt;&gt;</a>&nbsp;&nbsp;&nbsp;OLED_WR_Byte
<LI><a href="#[ea]">&gt;&gt;</a>&nbsp;&nbsp;&nbsp;OLED_Set_Pos
</UL>
<BR>[Called By]<UL><LI><a href="#[ec]">&gt;&gt;</a>&nbsp;&nbsp;&nbsp;OLED_ShowString
</UL>

<P><STRONG><a name="[ec]"></a>OLED_ShowString</STRONG> (Thumb, 54 bytes, Stack size 24 bytes, oled.o(i.OLED_ShowString))
<BR><BR>[Stack]<UL><LI>Max Depth = 120<LI>Call Chain = OLED_ShowString &rArr; OLED_ShowChar &rArr; OLED_Set_Pos &rArr; OLED_WR_Byte &rArr; OLED_Write_IIC_Data &rArr; OLED_Write_IIC_Byte
</UL>
<BR>[Calls]<UL><LI><a href="#[eb]">&gt;&gt;</a>&nbsp;&nbsp;&nbsp;OLED_ShowChar
</UL>
<BR>[Called By]<UL><LI><a href="#[8f]">&gt;&gt;</a>&nbsp;&nbsp;&nbsp;oled_first_show
</UL>

<P><STRONG><a name="[e2]"></a>OLED_WR_Byte</STRONG> (Thumb, 24 bytes, Stack size 16 bytes, oled.o(i.OLED_WR_Byte))
<BR><BR>[Stack]<UL><LI>Max Depth = 48<LI>Call Chain = OLED_WR_Byte &rArr; OLED_Write_IIC_Data &rArr; OLED_Write_IIC_Byte
</UL>
<BR>[Calls]<UL><LI><a href="#[ed]">&gt;&gt;</a>&nbsp;&nbsp;&nbsp;OLED_Write_IIC_Data
<LI><a href="#[ee]">&gt;&gt;</a>&nbsp;&nbsp;&nbsp;OLED_Write_IIC_Command
</UL>
<BR>[Called By]<UL><LI><a href="#[e8]">&gt;&gt;</a>&nbsp;&nbsp;&nbsp;OLED_fuhao_write
<LI><a href="#[eb]">&gt;&gt;</a>&nbsp;&nbsp;&nbsp;OLED_ShowChar
<LI><a href="#[ea]">&gt;&gt;</a>&nbsp;&nbsp;&nbsp;OLED_Set_Pos
<LI><a href="#[e9]">&gt;&gt;</a>&nbsp;&nbsp;&nbsp;OLED_Num_write
<LI><a href="#[8d]">&gt;&gt;</a>&nbsp;&nbsp;&nbsp;OLED_Init
<LI><a href="#[8e]">&gt;&gt;</a>&nbsp;&nbsp;&nbsp;OLED_Clear
</UL>

<P><STRONG><a name="[ef]"></a>OLED_Write_IIC_Byte</STRONG> (Thumb, 88 bytes, Stack size 24 bytes, oled.o(i.OLED_Write_IIC_Byte))
<BR><BR>[Stack]<UL><LI>Max Depth = 24<LI>Call Chain = OLED_Write_IIC_Byte
</UL>
<BR>[Calls]<UL><LI><a href="#[96]">&gt;&gt;</a>&nbsp;&nbsp;&nbsp;GPIO_SetBits
<LI><a href="#[a2]">&gt;&gt;</a>&nbsp;&nbsp;&nbsp;GPIO_ResetBits
</UL>
<BR>[Called By]<UL><LI><a href="#[ed]">&gt;&gt;</a>&nbsp;&nbsp;&nbsp;OLED_Write_IIC_Data
<LI><a href="#[ee]">&gt;&gt;</a>&nbsp;&nbsp;&nbsp;OLED_Write_IIC_Command
</UL>

<P><STRONG><a name="[ee]"></a>OLED_Write_IIC_Command</STRONG> (Thumb, 44 bytes, Stack size 8 bytes, oled.o(i.OLED_Write_IIC_Command))
<BR><BR>[Stack]<UL><LI>Max Depth = 32<LI>Call Chain = OLED_Write_IIC_Command &rArr; OLED_Write_IIC_Byte
</UL>
<BR>[Calls]<UL><LI><a href="#[ef]">&gt;&gt;</a>&nbsp;&nbsp;&nbsp;OLED_Write_IIC_Byte
<LI><a href="#[e5]">&gt;&gt;</a>&nbsp;&nbsp;&nbsp;OLED_IIC_Wait_Ack
<LI><a href="#[e4]">&gt;&gt;</a>&nbsp;&nbsp;&nbsp;OLED_IIC_Stop
<LI><a href="#[e3]">&gt;&gt;</a>&nbsp;&nbsp;&nbsp;OLED_IIC_Start
</UL>
<BR>[Called By]<UL><LI><a href="#[e2]">&gt;&gt;</a>&nbsp;&nbsp;&nbsp;OLED_WR_Byte
</UL>

<P><STRONG><a name="[ed]"></a>OLED_Write_IIC_Data</STRONG> (Thumb, 44 bytes, Stack size 8 bytes, oled.o(i.OLED_Write_IIC_Data))
[...]
<BR><BR>[Stack]<UL><LI>Max Depth = 320 + Unknown Stack Size
<LI>Call Chain = osTickHandler &rArr; osSwtmrScan &rArr; osSwTmrTimeoutHandle &rArr; LOS_QueueWriteCopy &rArr; osQueueOperate &rArr; osQueueBufferOperate &rArr; __2printf &rArr; _printf_char_file &rArr; _printf_char_common &rArr; __printf
</UL>
<BR>[Calls]<UL><LI><a href="#[12a]">&gt;&gt;</a>&nbsp;&nbsp;&nbsp;osSwtmrScan
<LI><a href="#[12d]">&gt;&gt;</a>&nbsp;&nbsp;&nbsp;osTimesliceCheck
<LI><a href="#[12c]">&gt;&gt;</a>&nbsp;&nbsp;&nbsp;osTaskScan
</UL>
<BR>[Called By]<UL><LI><a href="#[d]">&gt;&gt;</a>&nbsp;&nbsp;&nbsp;SysTick_Handler
</UL>

<P><STRONG><a name="[c9]"></a>osTickStart</STRONG> (Thumb, 152 bytes, Stack size 16 bytes, los_hw_tick.o(i.osTickStart))
<BR><BR>[Stack]<UL><LI>Max Depth = 16<LI>Call Chain = osTickStart
</UL>
<BR>[Called By]<UL><LI><a href="#[c8]">&gt;&gt;</a>&nbsp;&nbsp;&nbsp;LOS_Start
</UL>

<P><STRONG><a name="[d7]"></a>osTimerListDelete</STRONG> (Thumb, 66 bytes, Stack size 24 bytes, los_task.o(i.osTimerListDelete))
<BR><BR>[Stack]<UL><LI>Max Depth = 24<LI>Call Chain = osTimerListDelete
</UL>
<BR>[Calls]<UL><LI><a href="#[cf]">&gt;&gt;</a>&nbsp;&nbsp;&nbsp;LOS_ListDelete
</UL>
<BR>[Called By]<UL><LI><a href="#[119]">&gt;&gt;</a>&nbsp;&nbsp;&nbsp;osTaskWake
<LI><a href="#[d6]">&gt;&gt;</a>&nbsp;&nbsp;&nbsp;LOS_TaskDelete
</UL>

<P><STRONG><a name="[12d]"></a>osTimesliceCheck</STRONG> (Thumb, 64 bytes, Stack size 8 bytes, los_timeslice.o(i.osTimesliceCheck))
<BR><BR>[Stack]<UL><LI>Max Depth = 40 + Unknown Stack Size
<LI>Call Chain = osTimesliceCheck &rArr; LOS_TaskYield &rArr; osPriqueueEnqueue
</UL>
<BR>[Calls]<UL><LI><a href="#[d3]">&gt;&gt;</a>&nbsp;&nbsp;&nbsp;LOS_TaskYield
</UL>
<BR>[Called By]<UL><LI><a href="#[f5]">&gt;&gt;</a>&nbsp;&nbsp;&nbsp;osTickHandler
</UL>

<P><STRONG><a name="[ac]"></a>osTimesliceInit</STRONG> (Thumb, 12 bytes, Stack size 0 bytes, los_timeslice.o(i.osTimesliceInit))
<BR><BR>[Called By]<UL><LI><a href="#[a3]">&gt;&gt;</a>&nbsp;&nbsp;&nbsp;LOS_KernelInit
</UL>

<P><STRONG><a name="[d1]"></a>osTskStackInit</STRONG> (Thumb, 130 bytes, Stack size 24 bytes, los_hw.o(i.osTskStackInit))
<BR><BR>[Stack]<UL><LI>Max Depth = 24 + Unknown Stack Size
<LI>Call Chain = osTskStackInit
</UL>
<BR>[Calls]<UL><LI><a href="#[68]">&gt;&gt;</a>&nbsp;&nbsp;&nbsp;__aeabi_memset
</UL>
<BR>[Called By]<UL><LI><a href="#[cb]">&gt;&gt;</a>&nbsp;&nbsp;&nbsp;LOS_TaskCreateOnly
</UL>

<P><STRONG><a name="[12e]"></a>rbCanRead</STRONG> (Thumb, 56 bytes, Stack size 4 bytes, ringbuffer.o(i.rbCanRead))
<BR><BR>[Stack]<UL><LI>Max Depth = 4<LI>Call Chain = rbCanRead
</UL>
<BR>[Calls]<UL><LI><a href="#[12f]">&gt;&gt;</a>&nbsp;&nbsp;&nbsp;rbCapacity
</UL>
<BR>[Called By]<UL><LI><a href="#[130]">&gt;&gt;</a>&nbsp;&nbsp;&nbsp;rbCanWrite
</UL>

<P><STRONG><a name="[130]"></a>rbCanWrite</STRONG> (Thumb, 30 bytes, Stack size 12 bytes, ringbuffer.o(i.rbCanWrite))
<BR><BR>[Stack]<UL><LI>Max Depth = 16<LI>Call Chain = rbCanWrite &rArr; rbCanRead
</UL>
<BR>[Calls]<UL><LI><a href="#[12f]">&gt;&gt;</a>&nbsp;&nbsp;&nbsp;rbCapacity
<LI><a href="#[12e]">&gt;&gt;</a>&nbsp;&nbsp;&nbsp;rbCanRead
</UL>
<BR>[Called By]<UL><LI><a href="#[107]">&gt;&gt;</a>&nbsp;&nbsp;&nbsp;rbWrite
</UL>

<P><STRONG><a name="[12f]"></a>rbCapacity</STRONG> (Thumb, 14 bytes, Stack size 0 bytes, ringbuffer.o(i.rbCapacity))
<BR><BR>[Called By]<UL><LI><a href="#[130]">&gt;&gt;</a>&nbsp;&nbsp;&nbsp;rbCanWrite
<LI><a href="#[107]">&gt;&gt;</a>&nbsp;&nbsp;&nbsp;rbWrite
<LI><a href="#[12e]">&gt;&gt;</a>&nbsp;&nbsp;&nbsp;rbCanRead
</UL>

<P><STRONG><a name="[108]"></a>rbCreate</STRONG> (Thumb, 22 bytes, Stack size 0 bytes, ringbuffer.o(i.rbCreate))
<BR><BR>[Called By]<UL><LI><a href="#[9e]">&gt;&gt;</a>&nbsp;&nbsp;&nbsp;gizwitsInit
</UL>

<P><STRONG><a name="[107]"></a>rbWrite</STRONG> (Thumb, 154 bytes, Stack size 24 bytes, ringbuffer.o(i.rbWrite))
<BR><BR>[Stack]<UL><LI>Max Depth = 40 + In Cycle
<LI>Call Chain = rbWrite &rArr;  rbWrite (Cycle)
</UL>
<BR>[Calls]<UL><LI><a href="#[12f]">&gt;&gt;</a>&nbsp;&nbsp;&nbsp;rbCapacity
<LI><a href="#[130]">&gt;&gt;</a>&nbsp;&nbsp;&nbsp;rbCanWrite
<LI><a href="#[107]">&gt;&gt;</a>&nbsp;&nbsp;&nbsp;rbWrite
<LI><a href="#[105]">&gt;&gt;</a>&nbsp;&nbsp;&nbsp;__aeabi_memcpy
</UL>
<BR>[Called By]<UL><LI><a href="#[fd]">&gt;&gt;</a>&nbsp;&nbsp;&nbsp;gizPutData
<LI><a href="#[107]">&gt;&gt;</a>&nbsp;&nbsp;&nbsp;rbWrite
</UL>

<P><STRONG><a name="[10b]"></a>uartWrite</STRONG> (Thumb, 144 bytes, Stack size 24 bytes, gizwits_product.o(i.uartWrite))
<BR><BR>[Stack]<UL><LI>Max Depth = 168 + Unknown Stack Size
<LI>Call Chain = uartWrite &rArr; __2printf &rArr; _printf_char_file &rArr; _printf_char_common &rArr; __printf
</UL>
<BR>[Calls]<UL><LI><a href="#[131]">&gt;&gt;</a>&nbsp;&nbsp;&nbsp;USART_SendData
<LI><a href="#[132]">&gt;&gt;</a>&nbsp;&nbsp;&nbsp;USART_GetFlagStatus
<LI><a href="#[106]">&gt;&gt;</a>&nbsp;&nbsp;&nbsp;gizGetTimerCount
<LI><a href="#[5c]">&gt;&gt;</a>&nbsp;&nbsp;&nbsp;__2printf
</UL>
<BR>[Called By]<UL><LI><a href="#[95]">&gt;&gt;</a>&nbsp;&nbsp;&nbsp;gizwitsSetMode
</UL>

<P><STRONG><a name="[8b]"></a>uart_init</STRONG> (Thumb, 160 bytes, Stack size 32 bytes, usart.o(i.uart_init))
<BR><BR>[Stack]<UL><LI>Max Depth = 100<LI>Call Chain = uart_init &rArr; USART_Init &rArr; RCC_GetClocksFreq
</UL>
<BR>[Calls]<UL><LI><a href="#[fa]">&gt;&gt;</a>&nbsp;&nbsp;&nbsp;NVIC_Init
<LI><a href="#[77]">&gt;&gt;</a>&nbsp;&nbsp;&nbsp;GPIO_Init
<LI><a href="#[76]">&gt;&gt;</a>&nbsp;&nbsp;&nbsp;RCC_APB2PeriphClockCmd
<LI><a href="#[100]">&gt;&gt;</a>&nbsp;&nbsp;&nbsp;USART_Init
<LI><a href="#[134]">&gt;&gt;</a>&nbsp;&nbsp;&nbsp;USART_ITConfig
<LI><a href="#[133]">&gt;&gt;</a>&nbsp;&nbsp;&nbsp;USART_Cmd
</UL>
<BR>[Called By]<UL><LI><a href="#[89]">&gt;&gt;</a>&nbsp;&nbsp;&nbsp;BSP_INIT
</UL>

<P><STRONG><a name="[a0]"></a>usart3_init</STRONG> (Thumb, 166 bytes, Stack size 32 bytes, usart3.o(i.usart3_init))
<BR><BR>[Stack]<UL><LI>Max Depth = 100<LI>Call Chain = usart3_init &rArr; USART_Init &rArr; RCC_GetClocksFreq
</UL>
<BR>[Calls]<UL><LI><a href="#[fa]">&gt;&gt;</a>&nbsp;&nbsp;&nbsp;NVIC_Init
<LI><a href="#[77]">&gt;&gt;</a>&nbsp;&nbsp;&nbsp;GPIO_Init
<LI><a href="#[76]">&gt;&gt;</a>&nbsp;&nbsp;&nbsp;RCC_APB2PeriphClockCmd
<LI><a href="#[d9]">&gt;&gt;</a>&nbsp;&nbsp;&nbsp;RCC_APB1PeriphClockCmd
<LI><a href="#[100]">&gt;&gt;</a>&nbsp;&nbsp;&nbsp;USART_Init
<LI><a href="#[134]">&gt;&gt;</a>&nbsp;&nbsp;&nbsp;USART_ITConfig
<LI><a href="#[fe]">&gt;&gt;</a>&nbsp;&nbsp;&nbsp;USART_DeInit
<LI><a href="#[133]">&gt;&gt;</a>&nbsp;&nbsp;&nbsp;USART_Cmd
</UL>
<BR>[Called By]<UL><LI><a href="#[94]">&gt;&gt;</a>&nbsp;&nbsp;&nbsp;Gizwits_Init
</UL>

<P><STRONG><a name="[93]"></a>userInit</STRONG> (Thumb, 38 bytes, Stack size 8 bytes, gizwits_product.o(i.userInit))
<BR><BR>[Stack]<UL><LI>Max Depth = 8<LI>Call Chain = userInit
</UL>
<BR>[Calls]<UL><LI><a href="#[a1]">&gt;&gt;</a>&nbsp;&nbsp;&nbsp;__aeabi_memclr
</UL>
<BR>[Called By]<UL><LI><a href="#[89]">&gt;&gt;</a>&nbsp;&nbsp;&nbsp;BSP_INIT
</UL>
<P>
<H3>
Local Symbols
</H3>
<P><STRONG><a name="[7f]"></a>AppTaskCreate</STRONG> (Thumb, 162 bytes, Stack size 32 bytes, main.o(i.AppTaskCreate))
<BR><BR>[Stack]<UL><LI>Max Depth = 328 + Unknown Stack Size
<LI>Call Chain = AppTaskCreate &rArr; LOS_TaskCreate &rArr; LOS_TaskCreateOnly &rArr; LOS_MemAllocAlign &rArr; osHeapAllocAlign &rArr; osHeapAlloc &rArr; __2printf &rArr; _printf_char_file &rArr; _printf_char_common &rArr; __printf
</UL>
<BR>[Calls]<UL><LI><a href="#[80]">&gt;&gt;</a>&nbsp;&nbsp;&nbsp;LOS_TaskCreate
<LI><a href="#[5c]">&gt;&gt;</a>&nbsp;&nbsp;&nbsp;__2printf
</UL>
<BR>[Called By]<UL><LI><a href="#[56]">&gt;&gt;</a>&nbsp;&nbsp;&nbsp;main
</UL>

<P><STRONG><a name="[3f]"></a>DHT11_task</STRONG> (Thumb, 70 bytes, Stack size 0 bytes, main.o(i.DHT11_task))
<BR><BR>[Stack]<UL><LI>Max Depth = 144 + Unknown Stack Size
<LI>Call Chain = DHT11_task &rArr; __2printf &rArr; _printf_char_file &rArr; _printf_char_common &rArr; __printf
</UL>
<BR>[Calls]<UL><LI><a href="#[99]">&gt;&gt;</a>&nbsp;&nbsp;&nbsp;Read_DHT11
<LI><a href="#[9a]">&gt;&gt;</a>&nbsp;&nbsp;&nbsp;OLED_Num2
<LI><a href="#[9b]">&gt;&gt;</a>&nbsp;&nbsp;&nbsp;LOS_TaskDelay
<LI><a href="#[5c]">&gt;&gt;</a>&nbsp;&nbsp;&nbsp;__2printf
</UL>
<BR>[Address Reference Count : 1]<UL><LI> main.o(i.AppTaskCreate)
</UL>
<P><STRONG><a name="[3d]"></a>Led1Task</STRONG> (Thumb, 32 bytes, Stack size 0 bytes, main.o(i.Led1Task))
<BR><BR>[Stack]<UL><LI>Max Depth = 144 + Unknown Stack Size
<LI>Call Chain = Led1Task &rArr; __2printf &rArr; _printf_char_file &rArr; _printf_char_common &rArr; __printf
</UL>
<BR>[Calls]<UL><LI><a href="#[9b]">&gt;&gt;</a>&nbsp;&nbsp;&nbsp;LOS_TaskDelay
<LI><a href="#[5c]">&gt;&gt;</a>&nbsp;&nbsp;&nbsp;__2printf
</UL>
<BR>[Address Reference Count : 1]<UL><LI> main.o(i.AppTaskCreate)
</UL>
<P><STRONG><a name="[3e]"></a>Led2Task</STRONG> (Thumb, 28 bytes, Stack size 0 bytes, main.o(i.Led2Task))
<BR><BR>[Stack]<UL><LI>Max Depth = 144 + Unknown Stack Size
<LI>Call Chain = Led2Task &rArr; __2printf &rArr; _printf_char_file &rArr; _printf_char_common &rArr; __printf
</UL>
<BR>[Calls]<UL><LI><a href="#[9b]">&gt;&gt;</a>&nbsp;&nbsp;&nbsp;LOS_TaskDelay
<LI><a href="#[5c]">&gt;&gt;</a>&nbsp;&nbsp;&nbsp;__2printf
</UL>
<BR>[Address Reference Count : 1]<UL><LI> main.o(i.AppTaskCreate)
</UL>
<P><STRONG><a name="[f3]"></a>SetSysClock</STRONG> (Thumb, 8 bytes, Stack size 8 bytes, system_stm32f10x.o(i.SetSysClock))
<BR><BR>[Stack]<UL><LI>Max Depth = 20<LI>Call Chain = SetSysClock &rArr; SetSysClockTo72
</UL>
<BR>[Calls]<UL><LI><a href="#[f4]">&gt;&gt;</a>&nbsp;&nbsp;&nbsp;SetSysClockTo72
</UL>
<BR>[Called By]<UL><LI><a href="#[39]">&gt;&gt;</a>&nbsp;&nbsp;&nbsp;SystemInit
</UL>

<P><STRONG><a name="[f4]"></a>SetSysClockTo72</STRONG> (Thumb, 214 bytes, Stack size 12 bytes, system_stm32f10x.o(i.SetSysClockTo72))
<BR><BR>[Stack]<UL><LI>Max Depth = 12<LI>Call Chain = SetSysClockTo72
</UL>
<BR>[Called By]<UL><LI><a href="#[f3]">&gt;&gt;</a>&nbsp;&nbsp;&nbsp;SetSysClock
</UL>

<P><STRONG><a name="[97]"></a>DHT11_Mode_IPU</STRONG> (Thumb, 24 bytes, Stack size 8 bytes, dht11.o(i.DHT11_Mode_IPU))
<BR><BR>[Stack]<UL><LI>Max Depth = 32<LI>Call Chain = DHT11_Mode_IPU &rArr; GPIO_Init
</UL>
<BR>[Calls]<UL><LI><a href="#[77]">&gt;&gt;</a>&nbsp;&nbsp;&nbsp;GPIO_Init
</UL>
<BR>[Called By]<UL><LI><a href="#[99]">&gt;&gt;</a>&nbsp;&nbsp;&nbsp;Read_DHT11
</UL>

<P><STRONG><a name="[98]"></a>DHT11_Mode_Out_PP</STRONG> (Thumb, 30 bytes, Stack size 8 bytes, dht11.o(i.DHT11_Mode_Out_PP))
<BR><BR>[Stack]<UL><LI>Max Depth = 32<LI>Call Chain = DHT11_Mode_Out_PP &rArr; GPIO_Init
</UL>
<BR>[Calls]<UL><LI><a href="#[77]">&gt;&gt;</a>&nbsp;&nbsp;&nbsp;GPIO_Init
</UL>
<BR>[Called By]<UL><LI><a href="#[99]">&gt;&gt;</a>&nbsp;&nbsp;&nbsp;Read_DHT11
</UL>

<P><STRONG><a name="[f0]"></a>Read_Byte</STRONG> (Thumb, 90 bytes, Stack size 16 bytes, dht11.o(i.Read_Byte))
<BR><BR>[Stack]<UL><LI>Max Depth = 16<LI>Call Chain = Read_Byte
</UL>
<BR>[Calls]<UL><LI><a href="#[f1]">&gt;&gt;</a>&nbsp;&nbsp;&nbsp;GPIO_ReadInputDataBit
<LI><a href="#[f2]">&gt;&gt;</a>&nbsp;&nbsp;&nbsp;delay_us
</UL>
<BR>[Called By]<UL><LI><a href="#[99]">&gt;&gt;</a>&nbsp;&nbsp;&nbsp;Read_DHT11
</UL>

<P><STRONG><a name="[87]"></a>I2C_BH1750_GPIOConfig</STRONG> (Thumb, 42 bytes, Stack size 8 bytes, bh1750.o(i.I2C_BH1750_GPIOConfig))
<BR><BR>[Stack]<UL><LI>Max Depth = 32<LI>Call Chain = I2C_BH1750_GPIOConfig &rArr; GPIO_Init
</UL>
<BR>[Calls]<UL><LI><a href="#[77]">&gt;&gt;</a>&nbsp;&nbsp;&nbsp;GPIO_Init
<LI><a href="#[76]">&gt;&gt;</a>&nbsp;&nbsp;&nbsp;RCC_APB2PeriphClockCmd
<LI><a href="#[85]">&gt;&gt;</a>&nbsp;&nbsp;&nbsp;i2c_Stop
</UL>
<BR>[Called By]<UL><LI><a href="#[86]">&gt;&gt;</a>&nbsp;&nbsp;&nbsp;BH1750_Init
</UL>

<P><STRONG><a name="[10c]"></a>i2c_Delay</STRONG> (Thumb, 14 bytes, Stack size 0 bytes, bh1750.o(i.i2c_Delay))
<BR><BR>[Called By]<UL><LI><a href="#[84]">&gt;&gt;</a>&nbsp;&nbsp;&nbsp;i2c_WaitAck
<LI><a href="#[85]">&gt;&gt;</a>&nbsp;&nbsp;&nbsp;i2c_Stop
<LI><a href="#[82]">&gt;&gt;</a>&nbsp;&nbsp;&nbsp;i2c_Start
<LI><a href="#[83]">&gt;&gt;</a>&nbsp;&nbsp;&nbsp;i2c_SendByte
</UL>

<P><STRONG><a name="[103]"></a>gizProtocolHeadInit</STRONG> (Thumb, 34 bytes, Stack size 8 bytes, gizwits_protocol.o(i.gizProtocolHeadInit))
<BR><BR>[Stack]<UL><LI>Max Depth = 152 + Unknown Stack Size
<LI>Call Chain = gizProtocolHeadInit &rArr; __2printf &rArr; _printf_char_file &rArr; _printf_char_common &rArr; __printf
</UL>
<BR>[Calls]<UL><LI><a href="#[5c]">&gt;&gt;</a>&nbsp;&nbsp;&nbsp;__2printf
</UL>
<BR>[Called By]<UL><LI><a href="#[95]">&gt;&gt;</a>&nbsp;&nbsp;&nbsp;gizwitsSetMode
</UL>

<P><STRONG><a name="[104]"></a>gizProtocolWaitAck</STRONG> (Thumb, 70 bytes, Stack size 16 bytes, gizwits_protocol.o(i.gizProtocolWaitAck))
<BR><BR>[Stack]<UL><LI>Max Depth = 160 + Unknown Stack Size
<LI>Call Chain = gizProtocolWaitAck &rArr; __2printf &rArr; _printf_char_file &rArr; _printf_char_common &rArr; __printf
</UL>
<BR>[Calls]<UL><LI><a href="#[106]">&gt;&gt;</a>&nbsp;&nbsp;&nbsp;gizGetTimerCount
<LI><a href="#[a1]">&gt;&gt;</a>&nbsp;&nbsp;&nbsp;__aeabi_memclr
<LI><a href="#[105]">&gt;&gt;</a>&nbsp;&nbsp;&nbsp;__aeabi_memcpy
<LI><a href="#[5c]">&gt;&gt;</a>&nbsp;&nbsp;&nbsp;__2printf
</UL>
<BR>[Called By]<UL><LI><a href="#[95]">&gt;&gt;</a>&nbsp;&nbsp;&nbsp;gizwitsSetMode
</UL>

<P><STRONG><a name="[a4]"></a>osRegister</STRONG> (Thumb, 8 bytes, Stack size 0 bytes, los_init.o(i.osRegister))
<BR><BR>[Called By]<UL><LI><a href="#[a3]">&gt;&gt;</a>&nbsp;&nbsp;&nbsp;LOS_KernelInit
</UL>

<P><STRONG><a name="[114]"></a>LOS_ListEmpty</STRONG> (Thumb, 16 bytes, Stack size 0 bytes, los_priqueue.o(i.LOS_ListEmpty))
<BR><BR>[Called By]<UL><LI><a href="#[cc]">&gt;&gt;</a>&nbsp;&nbsp;&nbsp;osPriqueueEnqueue
<LI><a href="#[d4]">&gt;&gt;</a>&nbsp;&nbsp;&nbsp;osPriqueueDequeue
</UL>

<P><STRONG><a name="[127]"></a>osSwTmrTimeoutHandle</STRONG> (Thumb, 120 bytes, Stack size 16 bytes, los_swtmr.o(i.osSwTmrTimeoutHandle))
<BR><BR>[Stack]<UL><LI>Max Depth = 304 + Unknown Stack Size
<LI>Call Chain = osSwTmrTimeoutHandle &rArr; LOS_QueueWriteCopy &rArr; osQueueOperate &rArr; osQueueBufferOperate &rArr; __2printf &rArr; _printf_char_file &rArr; _printf_char_common &rArr; __printf
</UL>
<BR>[Calls]<UL><LI><a href="#[c3]">&gt;&gt;</a>&nbsp;&nbsp;&nbsp;LOS_QueueWriteCopy
<LI><a href="#[129]">&gt;&gt;</a>&nbsp;&nbsp;&nbsp;osSwTmrStart
<LI><a href="#[128]">&gt;&gt;</a>&nbsp;&nbsp;&nbsp;osSwtmrDelete
</UL>
<BR>[Called By]<UL><LI><a href="#[12a]">&gt;&gt;</a>&nbsp;&nbsp;&nbsp;osSwtmrScan
</UL>

<P><STRONG><a name="[128]"></a>osSwtmrDelete</STRONG> (Thumb, 40 bytes, Stack size 8 bytes, los_swtmr.o(i.osSwtmrDelete))
<BR><BR>[Stack]<UL><LI>Max Depth = 8<LI>Call Chain = osSwtmrDelete
</UL>
<BR>[Called By]<UL><LI><a href="#[127]">&gt;&gt;</a>&nbsp;&nbsp;&nbsp;osSwTmrTimeoutHandle
</UL>

<P><STRONG><a name="[af]"></a>LOS_ListAdd</STRONG> (Thumb, 14 bytes, Stack size 0 bytes, los_task.o(i.LOS_ListAdd))
<BR><BR>[Called By]<UL><LI><a href="#[d6]">&gt;&gt;</a>&nbsp;&nbsp;&nbsp;LOS_TaskDelete
<LI><a href="#[cb]">&gt;&gt;</a>&nbsp;&nbsp;&nbsp;LOS_TaskCreateOnly
<LI><a href="#[ae]">&gt;&gt;</a>&nbsp;&nbsp;&nbsp;LOS_ListTailInsert
</UL>

<P><STRONG><a name="[cf]"></a>LOS_ListDelete</STRONG> (Thumb, 20 bytes, Stack size 0 bytes, los_task.o(i.LOS_ListDelete))
<BR><BR>[Called By]<UL><LI><a href="#[d7]">&gt;&gt;</a>&nbsp;&nbsp;&nbsp;osTimerListDelete
<LI><a href="#[119]">&gt;&gt;</a>&nbsp;&nbsp;&nbsp;osTaskWake
<LI><a href="#[12c]">&gt;&gt;</a>&nbsp;&nbsp;&nbsp;osTaskScan
<LI><a href="#[d3]">&gt;&gt;</a>&nbsp;&nbsp;&nbsp;LOS_TaskYield
<LI><a href="#[d6]">&gt;&gt;</a>&nbsp;&nbsp;&nbsp;LOS_TaskDelete
<LI><a href="#[cb]">&gt;&gt;</a>&nbsp;&nbsp;&nbsp;LOS_TaskCreateOnly
</UL>

<P><STRONG><a name="[d0]"></a>LOS_ListEmpty</STRONG> (Thumb, 16 bytes, Stack size 0 bytes, los_task.o(i.LOS_ListEmpty))
<BR><BR>[Called By]<UL><LI><a href="#[cb]">&gt;&gt;</a>&nbsp;&nbsp;&nbsp;LOS_TaskCreateOnly
</UL>

<P><STRONG><a name="[12b]"></a>LOS_ListInit</STRONG> (Thumb, 6 bytes, Stack size 0 bytes, los_task.o(i.LOS_ListInit))
<BR><BR>[Called By]<UL><LI><a href="#[a6]">&gt;&gt;</a>&nbsp;&nbsp;&nbsp;osTaskInit
</UL>

<P><STRONG><a name="[ae]"></a>LOS_ListTailInsert</STRONG> (Thumb, 16 bytes, Stack size 16 bytes, los_task.o(i.LOS_ListTailInsert))
<BR><BR>[Stack]<UL><LI>Max Depth = 16<LI>Call Chain = LOS_ListTailInsert
</UL>
<BR>[Calls]<UL><LI><a href="#[af]">&gt;&gt;</a>&nbsp;&nbsp;&nbsp;LOS_ListAdd
</UL>
<BR>[Called By]<UL><LI><a href="#[a6]">&gt;&gt;</a>&nbsp;&nbsp;&nbsp;osTaskInit
<LI><a href="#[118]">&gt;&gt;</a>&nbsp;&nbsp;&nbsp;osTaskWait
<LI><a href="#[d5]">&gt;&gt;</a>&nbsp;&nbsp;&nbsp;osTaskAdd2TimerList
<LI><a href="#[d6]">&gt;&gt;</a>&nbsp;&nbsp;&nbsp;LOS_TaskDelete
</UL>

<P><STRONG><a name="[113]"></a>LOS_ListAdd</STRONG> (Thumb, 14 bytes, Stack size 0 bytes, los_mux.o(i.LOS_ListAdd))
<BR><BR>[Called By]<UL><LI><a href="#[a9]">&gt;&gt;</a>&nbsp;&nbsp;&nbsp;osMuxInit
</UL>

<P><STRONG><a name="[112]"></a>LOS_ListInit</STRONG> (Thumb, 6 bytes, Stack size 0 bytes, los_mux.o(i.LOS_ListInit))
<BR><BR>[Called By]<UL><LI><a href="#[a9]">&gt;&gt;</a>&nbsp;&nbsp;&nbsp;osMuxInit
</UL>

<P><STRONG><a name="[117]"></a>LOS_ListAdd</STRONG> (Thumb, 14 bytes, Stack size 0 bytes, los_queue.o(i.LOS_ListAdd))
<BR><BR>[Called By]<UL><LI><a href="#[aa]">&gt;&gt;</a>&nbsp;&nbsp;&nbsp;osQueueInit
</UL>

<P><STRONG><a name="[be]"></a>LOS_ListEmpty</STRONG> (Thumb, 16 bytes, Stack size 0 bytes, los_queue.o(i.LOS_ListEmpty))
<BR><BR>[Called By]<UL><LI><a href="#[bd]">&gt;&gt;</a>&nbsp;&nbsp;&nbsp;LOS_QueueCreate
<LI><a href="#[c2]">&gt;&gt;</a>&nbsp;&nbsp;&nbsp;osQueueOperate
</UL>

<P><STRONG><a name="[bf]"></a>LOS_ListInit</STRONG> (Thumb, 6 bytes, Stack size 0 bytes, los_queue.o(i.LOS_ListInit))
<BR><BR>[Called By]<UL><LI><a href="#[bd]">&gt;&gt;</a>&nbsp;&nbsp;&nbsp;LOS_QueueCreate
<LI><a href="#[aa]">&gt;&gt;</a>&nbsp;&nbsp;&nbsp;osQueueInit
</UL>

<P><STRONG><a name="[116]"></a>osQueueBufferOperate</STRONG> (Thumb, 226 bytes, Stack size 32 bytes, los_queue.o(i.osQueueBufferOperate))
<BR><BR>[Stack]<UL><LI>Max Depth = 176 + Unknown Stack Size
<LI>Call Chain = osQueueBufferOperate &rArr; __2printf &rArr; _printf_char_file &rArr; _printf_char_common &rArr; __printf
</UL>
<BR>[Calls]<UL><LI><a href="#[105]">&gt;&gt;</a>&nbsp;&nbsp;&nbsp;__aeabi_memcpy
<LI><a href="#[5c]">&gt;&gt;</a>&nbsp;&nbsp;&nbsp;__2printf
</UL>
<BR>[Called By]<UL><LI><a href="#[c2]">&gt;&gt;</a>&nbsp;&nbsp;&nbsp;osQueueOperate
</UL>

<P><STRONG><a name="[c1]"></a>osQueueReadParameterCheck</STRONG> (Thumb, 60 bytes, Stack size 24 bytes, los_queue.o(i.osQueueReadParameterCheck))
<BR><BR>[Stack]<UL><LI>Max Depth = 24<LI>Call Chain = osQueueReadParameterCheck
</UL>
<BR>[Calls]<UL><LI><a href="#[d2]">&gt;&gt;</a>&nbsp;&nbsp;&nbsp;osIntNumGet
</UL>
<BR>[Called By]<UL><LI><a href="#[c0]">&gt;&gt;</a>&nbsp;&nbsp;&nbsp;LOS_QueueReadCopy
</UL>

<P><STRONG><a name="[c4]"></a>osQueueWriteParameterCheck</STRONG> (Thumb, 58 bytes, Stack size 24 bytes, los_queue.o(i.osQueueWriteParameterCheck))
<BR><BR>[Stack]<UL><LI>Max Depth = 24<LI>Call Chain = osQueueWriteParameterCheck
</UL>
<BR>[Calls]<UL><LI><a href="#[d2]">&gt;&gt;</a>&nbsp;&nbsp;&nbsp;osIntNumGet
</UL>
<BR>[Called By]<UL><LI><a href="#[c3]">&gt;&gt;</a>&nbsp;&nbsp;&nbsp;LOS_QueueWriteCopy
</UL>

<P><STRONG><a name="[11b]"></a>LOS_ListAdd</STRONG> (Thumb, 14 bytes, Stack size 0 bytes, los_sem.o(i.LOS_ListAdd))
<BR><BR>[Called By]<UL><LI><a href="#[a8]">&gt;&gt;</a>&nbsp;&nbsp;&nbsp;osSemInit
</UL>

<P><STRONG><a name="[11a]"></a>LOS_ListInit</STRONG> (Thumb, 6 bytes, Stack size 0 bytes, los_sem.o(i.LOS_ListInit))
<BR><BR>[Called By]<UL><LI><a href="#[a8]">&gt;&gt;</a>&nbsp;&nbsp;&nbsp;osSemInit
</UL>

<P><STRONG><a name="[3c]"></a>_printf_input_char</STRONG> (Thumb, 10 bytes, Stack size 0 bytes, _printf_char_common.o(.text))
<BR>[Address Reference Count : 1]<UL><LI> _printf_char_common.o(.text)
</UL><P>
<H3>
Undefined Global Symbols
</H3><HR></body></html>
