Component: ARM Compiler 5.06 update 7 (build 960) Tool: armlink [4d3601]

==============================================================================

Section Cross References

    startup_stm32f10x_md.o(STACK) refers (Special) to heapauxi.o(.text) for __use_two_region_memory
    startup_stm32f10x_md.o(HEAP) refers (Special) to heapauxi.o(.text) for __use_two_region_memory
    startup_stm32f10x_md.o(RESET) refers (Special) to heapauxi.o(.text) for __use_two_region_memory
    startup_stm32f10x_md.o(RESET) refers to startup_stm32f10x_md.o(STACK) for __initial_sp
    startup_stm32f10x_md.o(RESET) refers to startup_stm32f10x_md.o(.text) for Reset_Handler
    startup_stm32f10x_md.o(RESET) refers to stm32f10x_it.o(i.NMI_Handler) for NMI_Handler
    startup_stm32f10x_md.o(RESET) refers to stm32f10x_it.o(i.HardFault_Handler) for HardFault_Handler
    startup_stm32f10x_md.o(RESET) refers to stm32f10x_it.o(i.MemManage_Handler) for MemManage_Handler
    startup_stm32f10x_md.o(RESET) refers to stm32f10x_it.o(i.BusFault_Handler) for BusFault_Handler
    startup_stm32f10x_md.o(RESET) refers to stm32f10x_it.o(i.UsageFault_Handler) for UsageFault_Handler
    startup_stm32f10x_md.o(RESET) refers to stm32f10x_it.o(i.SVC_Handler) for SVC_Handler
    startup_stm32f10x_md.o(RESET) refers to stm32f10x_it.o(i.DebugMon_Handler) for DebugMon_Handler
    startup_stm32f10x_md.o(RESET) refers to los_dispatch_keil.o(.text) for PendSV_Handler
    startup_stm32f10x_md.o(RESET) refers to los_hwi.o(i.SysTick_Handler) for SysTick_Handler
    startup_stm32f10x_md.o(RESET) refers to dma1.o(i.DMA1_Channel2_IRQHandler) for DMA1_Channel2_IRQHandler
    startup_stm32f10x_md.o(RESET) refers to timer.o(i.TIM3_IRQHandler) for TIM3_IRQHandler
    startup_stm32f10x_md.o(RESET) refers to usart.o(i.USART1_IRQHandler) for USART1_IRQHandler
    startup_stm32f10x_md.o(RESET) refers to usart3.o(i.USART3_IRQHandler) for USART3_IRQHandler
    startup_stm32f10x_md.o(.text) refers (Special) to heapauxi.o(.text) for __use_two_region_memory
    startup_stm32f10x_md.o(.text) refers to system_stm32f10x.o(i.SystemInit) for SystemInit
    startup_stm32f10x_md.o(.text) refers to __main.o(!!!main) for __main
    startup_stm32f10x_md.o(.text) refers to startup_stm32f10x_md.o(HEAP) for Heap_Mem
    startup_stm32f10x_md.o(.text) refers to startup_stm32f10x_md.o(STACK) for Stack_Mem
    stm32f10x_adc.o(i.ADC_DeInit) refers to stm32f10x_rcc.o(i.RCC_APB2PeriphResetCmd) for RCC_APB2PeriphResetCmd
    stm32f10x_bkp.o(i.BKP_DeInit) refers to stm32f10x_rcc.o(i.RCC_BackupResetCmd) for RCC_BackupResetCmd
    stm32f10x_can.o(i.CAN_DeInit) refers to stm32f10x_rcc.o(i.RCC_APB1PeriphResetCmd) for RCC_APB1PeriphResetCmd
    stm32f10x_can.o(i.CAN_GetITStatus) refers to stm32f10x_can.o(i.CheckITStatus) for CheckITStatus
    stm32f10x_can.o(i.CAN_Receive) refers to stm32f10x_can.o(i.CAN_FIFORelease) for CAN_FIFORelease
    stm32f10x_cec.o(i.CEC_DeInit) refers to stm32f10x_rcc.o(i.RCC_APB1PeriphResetCmd) for RCC_APB1PeriphResetCmd
    stm32f10x_dac.o(i.DAC_DeInit) refers to stm32f10x_rcc.o(i.RCC_APB1PeriphResetCmd) for RCC_APB1PeriphResetCmd
    stm32f10x_flash.o(i.FLASH_EnableWriteProtection) refers to stm32f10x_flash.o(i.FLASH_WaitForLastOperation) for FLASH_WaitForLastOperation
    stm32f10x_flash.o(i.FLASH_EraseAllBank1Pages) refers to stm32f10x_flash.o(i.FLASH_WaitForLastBank1Operation) for FLASH_WaitForLastBank1Operation
    stm32f10x_flash.o(i.FLASH_EraseAllPages) refers to stm32f10x_flash.o(i.FLASH_WaitForLastOperation) for FLASH_WaitForLastOperation
    stm32f10x_flash.o(i.FLASH_EraseOptionBytes) refers to stm32f10x_flash.o(i.FLASH_GetReadOutProtectionStatus) for FLASH_GetReadOutProtectionStatus
    stm32f10x_flash.o(i.FLASH_EraseOptionBytes) refers to stm32f10x_flash.o(i.FLASH_WaitForLastOperation) for FLASH_WaitForLastOperation
    stm32f10x_flash.o(i.FLASH_ErasePage) refers to stm32f10x_flash.o(i.FLASH_WaitForLastOperation) for FLASH_WaitForLastOperation
    stm32f10x_flash.o(i.FLASH_ProgramHalfWord) refers to stm32f10x_flash.o(i.FLASH_WaitForLastOperation) for FLASH_WaitForLastOperation
    stm32f10x_flash.o(i.FLASH_ProgramOptionByteData) refers to stm32f10x_flash.o(i.FLASH_WaitForLastOperation) for FLASH_WaitForLastOperation
    stm32f10x_flash.o(i.FLASH_ProgramWord) refers to stm32f10x_flash.o(i.FLASH_WaitForLastOperation) for FLASH_WaitForLastOperation
    stm32f10x_flash.o(i.FLASH_ReadOutProtection) refers to stm32f10x_flash.o(i.FLASH_WaitForLastOperation) for FLASH_WaitForLastOperation
    stm32f10x_flash.o(i.FLASH_UserOptionByteConfig) refers to stm32f10x_flash.o(i.FLASH_WaitForLastOperation) for FLASH_WaitForLastOperation
    stm32f10x_flash.o(i.FLASH_WaitForLastBank1Operation) refers to stm32f10x_flash.o(i.FLASH_GetBank1Status) for FLASH_GetBank1Status
    stm32f10x_flash.o(i.FLASH_WaitForLastOperation) refers to stm32f10x_flash.o(i.FLASH_GetBank1Status) for FLASH_GetBank1Status
[...]
    uc_hextab                                0x08005610   Data          20  _printf_hex_int_ptr.o(.constdata)
    lc_hextab                                0x08005624   Data          20  _printf_hex_int_ptr.o(.constdata)
    .constdata                               0x08005638   Section       17  __printf_flags_wp.o(.constdata)
    maptable                                 0x08005638   Data          17  __printf_flags_wp.o(.constdata)
    .data                                    0x20000000   Section       20  stm32f10x_rcc.o(.data)
    APBAHBPrescTable                         0x20000000   Data          16  stm32f10x_rcc.o(.data)
    ADCPrescTable                            0x20000010   Data           4  stm32f10x_rcc.o(.data)
    .data                                    0x20000014   Section       56  main.o(.data)
    .data                                    0x2000004c   Section       20  system_stm32f10x.o(.data)
    .data                                    0x20000060   Section        4  delay.o(.data)
    fac_us                                   0x20000060   Data           1  delay.o(.data)
    fac_ms                                   0x20000062   Data           2  delay.o(.data)
    .data                                    0x20000064   Section        6  usart.o(.data)
    .data                                    0x2000006c   Section        4  dma1.o(.data)
    .data                                    0x20000070   Section        5  gizwits_product.o(.data)
    timerMsCount                             0x20000070   Data           4  gizwits_product.o(.data)
    .data                                    0x20000078   Section        4  los_init.o(.data)
    .data                                    0x2000007c   Section        8  los_priqueue.o(.data)
    g_uwPriQueueBitmap                       0x20000080   Data           4  los_priqueue.o(.data)
    .data                                    0x20000084   Section       28  los_swtmr.o(.data)
    m_uwSwtimerRousesTime                    0x20000094   Data           4  los_swtmr.o(.data)
    m_pstRouses                              0x20000098   Data           4  los_swtmr.o(.data)
    m_pstRousesPrev                          0x2000009c   Data           4  los_swtmr.o(.data)
    .data                                    0x200000a0   Section       72  los_task.o(.data)
    .data                                    0x200000e8   Section       28  los_tick.o(.data)
    .data                                    0x20000104   Section        8  los_timeslice.o(.data)
    .data                                    0x2000010c   Section       12  los_mux.o(.data)
    .data                                    0x20000118   Section       12  los_queue.o(.data)
    .data                                    0x20000124   Section       12  los_sem.o(.data)
    .data                                    0x20000130   Section       16  los_heap.o(.data)
    g_uwAllocCount                           0x20000130   Data           4  los_heap.o(.data)
    g_uwFreeCount                            0x20000134   Data           4  los_heap.o(.data)
    g_uwCurHeapUsed                          0x20000138   Data           4  los_heap.o(.data)
    g_uwMaxHeapUsed                          0x2000013c   Data           4  los_heap.o(.data)
    .data                                    0x20000140   Section        4  los_memory.o(.data)
    .bss                                     0x20000144   Section       40  main.o(.bss)
    .bss                                     0x2000016c   Section      200  usart.o(.bss)
    .bss                                     0x20000234   Section      372  gizwits_protocol.o(.bss)
    rbBuf                                    0x20000374   Data          52  gizwits_protocol.o(.bss)
    .bss                                     0x200003a8   Section       19  gizwits_product.o(.bss)
    .bss                                     0x200003bc   Section       64  los_swtmr.o(.bss)
    .bss                                     0x200003fc   Section      342  los_task.o(.bss)
    .bss                                     0x20000554   Section       96  libspace.o(.bss)
    HEAP                                     0x200005b8   Section      512  startup_stm32f10x_md.o(HEAP)
    Heap_Mem                                 0x200005b8   Data         512  startup_stm32f10x_md.o(HEAP)
    STACK                                    0x200007b8   Section     1024  startup_stm32f10x_md.o(STACK)
    Stack_Mem                                0x200007b8   Data        1024  startup_stm32f10x_md.o(STACK)
    __initial_sp                             0x20000bb8   Data           0  startup_stm32f10x_md.o(STACK)

    Global Symbols

    Symbol Name                              Value     Ov Type        Size  Object(Section)

    BuildAttributes$$THM_ISAv4$P$D$K$B$S$PE$A:L22UL41UL21$X:L11$S22US41US21$IEEE1$IW$USESV6$~STKCKD$USESV7$~SHL$OSPACE$ROPI$EBA8$UX$STANDARDLIB$REQ8$PRES8$EABIv2 0x00000000   Number         0  anon$$obj.o ABSOLUTE
    __ARM_use_no_argv                        0x00000000   Number         0  main.o ABSOLUTE
    _printf_flags                            0x00000000   Number         0  printf_stubs.o ABSOLUTE
    _printf_return_value                     0x00000000   Number         0  printf_stubs.o ABSOLUTE
    _printf_sizespec                         0x00000000   Number         0  printf_stubs.o ABSOLUTE
    _printf_widthprec                        0x00000000   Number         0  printf_stubs.o ABSOLUTE
    __ARM_exceptions_init                     - Undefined Weak Reference
    __alloca_initialize                       - Undefined Weak Reference
    __arm_fini_                               - Undefined Weak Reference
    __arm_preinit_                            - Undefined Weak Reference
    __cpp_initialize__aeabi_                  - Undefined Weak Reference
    __cxa_finalize                            - Undefined Weak Reference
    __sigvec_lookup                           - Undefined Weak Reference
    _atexit_init                              - Undefined Weak Reference
    _call_atexit_fns                          - Undefined Weak Reference
    _clock_init                               - Undefined Weak Reference
    _fp_trap_init                             - Undefined Weak Reference
    _fp_trap_shutdown                         - Undefined Weak Reference
    _get_lc_collate                           - Undefined Weak Reference
    _get_lc_monetary                          - Undefined Weak Reference
    _get_lc_numeric                           - Undefined Weak Reference
    _get_lc_time                              - Undefined Weak Reference
    _getenv_init                              - Undefined Weak Reference
    _handle_redirection                       - Undefined Weak Reference
    _init_alloc                               - Undefined Weak Reference
    _init_user_alloc                          - Undefined Weak Reference
    _initio                                   - Undefined Weak Reference
    _mutex_acquire                            - Undefined Weak Reference
    _mutex_release                            - Undefined Weak Reference
    _printf_mbtowc                            - Undefined Weak Reference
    _printf_truncate_signed                   - Undefined Weak Reference
    _printf_truncate_unsigned                 - Undefined Weak Reference
    _rand_init                                - Undefined Weak Reference
    _signal_finish                            - Undefined Weak Reference
    _signal_init                              - Undefined Weak Reference
    _terminate_alloc                          - Undefined Weak Reference
    _terminate_user_alloc                     - Undefined Weak Reference
    _terminateio                              - Undefined Weak Reference
    __Vectors_Size                           0x000000ec   Number         0  startup_stm32f10x_md.o ABSOLUTE
    __Vectors                                0x08000000   Data           4  startup_stm32f10x_md.o(RESET)
    __Vectors_End                            0x080000ec   Data           0  startup_stm32f10x_md.o(RESET)
    __main                                   0x080000ed   Thumb Code     8  __main.o(!!!main)
    __scatterload                            0x080000f5   Thumb Code     0  __scatter.o(!!!scatter)
    __scatterload_rt2                        0x080000f5   Thumb Code    44  __scatter.o(!!!scatter)
    __scatterload_rt2_thumb_only             0x080000f5   Thumb Code     0  __scatter.o(!!!scatter)
    __scatterload_null                       0x08000103   Thumb Code     0  __scatter.o(!!!scatter)
    __decompress                             0x08000129   Thumb Code    90  __dczerorl2.o(!!dczerorl2)
    __decompress1                            0x08000129   Thumb Code     0  __dczerorl2.o(!!dczerorl2)
    __scatterload_zeroinit                   0x08000185   Thumb Code    28  __scatter_zi.o(!!handler_zi)
    _printf_p                                0x080001a1   Thumb Code     0  _printf_p.o(.ARM.Collect$$_printf_percent$$00000002)
    _printf_percent                          0x080001a1   Thumb Code     0  _printf_percent.o(.ARM.Collect$$_printf_percent$$00000000)
    _printf_d                                0x080001a7   Thumb Code     0  _printf_d.o(.ARM.Collect$$_printf_percent$$00000009)
    _printf_x                                0x080001ad   Thumb Code     0  _printf_x.o(.ARM.Collect$$_printf_percent$$0000000C)
    _printf_s                                0x080001b3   Thumb Code     0  _printf_s.o(.ARM.Collect$$_printf_percent$$00000014)
    _printf_percent_end                      0x080001b9   Thumb Code     0  _printf_percent_end.o(.ARM.Collect$$_printf_percent$$00000017)
    __rt_lib_init                            0x080001bd   Thumb Code     0  libinit.o(.ARM.Collect$$libinit$$00000000)
    __rt_lib_init_alloca_1                   0x080001bf   Thumb Code     0  libinit2.o(.ARM.Collect$$libinit$$0000002E)
    __rt_lib_init_argv_1                     0x080001bf   Thumb Code     0  libinit2.o(.ARM.Collect$$libinit$$0000002C)
    __rt_lib_init_atexit_1                   0x080001bf   Thumb Code     0  libinit2.o(.ARM.Collect$$libinit$$0000001B)
    __rt_lib_init_clock_1                    0x080001bf   Thumb Code     0  libinit2.o(.ARM.Collect$$libinit$$00000021)
    __rt_lib_init_cpp_1                      0x080001bf   Thumb Code     0  libinit2.o(.ARM.Collect$$libinit$$00000032)
    __rt_lib_init_exceptions_1               0x080001bf   Thumb Code     0  libinit2.o(.ARM.Collect$$libinit$$00000030)
    __rt_lib_init_fp_1                       0x080001bf   Thumb Code     0  libinit2.o(.ARM.Collect$$libinit$$00000002)
    __rt_lib_init_fp_trap_1                  0x080001bf   Thumb Code     0  libinit2.o(.ARM.Collect$$libinit$$0000001F)
    __rt_lib_init_getenv_1                   0x080001bf   Thumb Code     0  libinit2.o(.ARM.Collect$$libinit$$00000023)
    __rt_lib_init_heap_1                     0x080001bf   Thumb Code     0  libinit2.o(.ARM.Collect$$libinit$$0000000A)
    __rt_lib_init_lc_collate_1               0x080001bf   Thumb Code     0  libinit2.o(.ARM.Collect$$libinit$$00000011)
    __rt_lib_init_lc_ctype_1                 0x080001bf   Thumb Code     0  libinit2.o(.ARM.Collect$$libinit$$00000013)
    __rt_lib_init_lc_monetary_1              0x080001bf   Thumb Code     0  libinit2.o(.ARM.Collect$$libinit$$00000015)
    __rt_lib_init_lc_numeric_1               0x080001bf   Thumb Code     0  libinit2.o(.ARM.Collect$$libinit$$00000017)
    __rt_lib_init_lc_time_1                  0x080001bf   Thumb Code     0  libinit2.o(.ARM.Collect$$libinit$$00000019)
    __rt_lib_init_preinit_1                  0x080001bf   Thumb Code     0  libinit2.o(.ARM.Collect$$libinit$$00000004)
    __rt_lib_init_rand_1                     0x080001bf   Thumb Code     0  libinit2.o(.ARM.Collect$$libinit$$0000000E)
    __rt_lib_init_return                     0x080001bf   Thumb Code     0  libinit2.o(.ARM.Collect$$libinit$$00000033)
    __rt_lib_init_signal_1                   0x080001bf   Thumb Code     0  libinit2.o(.ARM.Collect$$libinit$$0000001D)
    __rt_lib_init_stdio_1                    0x080001bf   Thumb Code     0  libinit2.o(.ARM.Collect$$libinit$$00000025)
    __rt_lib_init_user_alloc_1               0x080001bf   Thumb Code     0  libinit2.o(.ARM.Collect$$libinit$$0000000C)
    __rt_lib_shutdown                        0x080001c1   Thumb Code     0  libshutdown.o(.ARM.Collect$$libshutdown$$00000000)
    __rt_lib_shutdown_cpp_1                  0x080001c3   Thumb Code     0  libshutdown2.o(.ARM.Collect$$libshutdown$$00000004)
    __rt_lib_shutdown_fini_1                 0x080001c3   Thumb Code     0  libshutdown2.o(.ARM.Collect$$libshutdown$$00000002)
    __rt_lib_shutdown_fp_trap_1              0x080001c3   Thumb Code     0  libshutdown2.o(.ARM.Collect$$libshutdown$$00000009)
    __rt_lib_shutdown_heap_1                 0x080001c3   Thumb Code     0  libshutdown2.o(.ARM.Collect$$libshutdown$$00000011)
    __rt_lib_shutdown_return                 0x080001c3   Thumb Code     0  libshutdown2.o(.ARM.Collect$$libshutdown$$00000012)
    __rt_lib_shutdown_signal_1               0x080001c3   Thumb Code     0  libshutdown2.o(.ARM.Collect$$libshutdown$$0000000C)
    __rt_lib_shutdown_stdio_1                0x080001c3   Thumb Code     0  libshutdown2.o(.ARM.Collect$$libshutdown$$00000006)
    __rt_lib_shutdown_user_alloc_1           0x080001c3   Thumb Code     0  libshutdown2.o(.ARM.Collect$$libshutdown$$0000000E)
    __rt_entry                               0x080001c5   Thumb Code     0  __rtentry.o(.ARM.Collect$$rtentry$$00000000)
    __rt_entry_presh_1                       0x080001c5   Thumb Code     0  __rtentry2.o(.ARM.Collect$$rtentry$$00000002)
    __rt_entry_sh                            0x080001c5   Thumb Code     0  __rtentry4.o(.ARM.Collect$$rtentry$$00000004)
    __rt_entry_li                            0x080001cb   Thumb Code     0  __rtentry2.o(.ARM.Collect$$rtentry$$0000000A)
    __rt_entry_postsh_1                      0x080001cb   Thumb Code     0  __rtentry2.o(.ARM.Collect$$rtentry$$00000009)
    __rt_entry_main                          0x080001cf   Thumb Code     0  __rtentry2.o(.ARM.Collect$$rtentry$$0000000D)
    __rt_entry_postli_1                      0x080001cf   Thumb Code     0  __rtentry2.o(.ARM.Collect$$rtentry$$0000000C)
    __rt_exit                                0x080001d7   Thumb Code     0  rtexit.o(.ARM.Collect$$rtexit$$00000000)
    __rt_exit_ls                             0x080001d9   Thumb Code     0  rtexit2.o(.ARM.Collect$$rtexit$$00000003)
    __rt_exit_prels_1                        0x080001d9   Thumb Code     0  rtexit2.o(.ARM.Collect$$rtexit$$00000002)
    __rt_exit_exit                           0x080001dd   Thumb Code     0  rtexit2.o(.ARM.Collect$$rtexit$$00000004)
    Reset_Handler                            0x080001e5   Thumb Code     8  startup_stm32f10x_md.o(.text)
    ADC1_2_IRQHandler                        0x080001ff   Thumb Code     0  startup_stm32f10x_md.o(.text)
    CAN1_RX1_IRQHandler                      0x080001ff   Thumb Code     0  startup_stm32f10x_md.o(.text)
    CAN1_SCE_IRQHandler                      0x080001ff   Thumb Code     0  startup_stm32f10x_md.o(.text)
    DMA1_Channel1_IRQHandler                 0x080001ff   Thumb Code     0  startup_stm32f10x_md.o(.text)
    DMA1_Channel3_IRQHandler                 0x080001ff   Thumb Code     0  startup_stm32f10x_md.o(.text)
    DMA1_Channel4_IRQHandler                 0x080001ff   Thumb Code     0  startup_stm32f10x_md.o(.text)
    DMA1_Channel5_IRQHandler                 0x080001ff   Thumb Code     0  startup_stm32f10x_md.o(.text)
    DMA1_Channel6_IRQHandler                 0x080001ff   Thumb Code     0  startup_stm32f10x_md.o(.text)
    DMA1_Channel7_IRQHandler                 0x080001ff   Thumb Code     0  startup_stm32f10x_md.o(.text)
    EXTI0_IRQHandler                         0x080001ff   Thumb Code     0  startup_stm32f10x_md.o(.text)
    EXTI15_10_IRQHandler                     0x080001ff   Thumb Code     0  startup_stm32f10x_md.o(.text)
    EXTI1_IRQHandler                         0x080001ff   Thumb Code     0  startup_stm32f10x_md.o(.text)
    EXTI2_IRQHandler                         0x080001ff   Thumb Code     0  startup_stm32f10x_md.o(.text)
    EXTI3_IRQHandler                         0x080001ff   Thumb Code     0  startup_stm32f10x_md.o(.text)
    EXTI4_IRQHandler                         0x080001ff   Thumb Code     0  startup_stm32f10x_md.o(.text)
    EXTI9_5_IRQHandler                       0x080001ff   Thumb Code     0  startup_stm32f10x_md.o(.text)
    FLASH_IRQHandler                         0x080001ff   Thumb Code     0  startup_stm32f10x_md.o(.text)
    I2C1_ER_IRQHandler                       0x080001ff   Thumb Code     0  startup_stm32f10x_md.o(.text)
    I2C1_EV_IRQHandler                       0x080001ff   Thumb Code     0  startup_stm32f10x_md.o(.text)
    I2C2_ER_IRQHandler                       0x080001ff   Thumb Code     0  startup_stm32f10x_md.o(.text)
    I2C2_EV_IRQHandler                       0x080001ff   Thumb Code     0  startup_stm32f10x_md.o(.text)
    PVD_IRQHandler                           0x080001ff   Thumb Code     0  startup_stm32f10x_md.o(.text)
    RCC_IRQHandler                           0x080001ff   Thumb Code     0  startup_stm32f10x_md.o(.text)
    RTCAlarm_IRQHandler                      0x080001ff   Thumb Code     0  startup_stm32f10x_md.o(.text)
    RTC_IRQHandler                           0x080001ff   Thumb Code     0  startup_stm32f10x_md.o(.text)
    SPI1_IRQHandler                          0x080001ff   Thumb Code     0  startup_stm32f10x_md.o(.text)
    SPI2_IRQHandler                          0x080001ff   Thumb Code     0  startup_stm32f10x_md.o(.text)
    TAMPER_IRQHandler                        0x080001ff   Thumb Code     0  startup_stm32f10x_md.o(.text)
    TIM1_BRK_IRQHandler                      0x080001ff   Thumb Code     0  startup_stm32f10x_md.o(.text)
    TIM1_CC_IRQHandler                       0x080001ff   Thumb Code     0  startup_stm32f10x_md.o(.text)
    TIM1_TRG_COM_IRQHandler                  0x080001ff   Thumb Code     0  startup_stm32f10x_md.o(.text)
    TIM1_UP_IRQHandler                       0x080001ff   Thumb Code     0  startup_stm32f10x_md.o(.text)
    TIM2_IRQHandler                          0x080001ff   Thumb Code     0  startup_stm32f10x_md.o(.text)
    TIM4_IRQHandler                          0x080001ff   Thumb Code     0  startup_stm32f10x_md.o(.text)
    USART2_IRQHandler                        0x080001ff   Thumb Code     0  startup_stm32f10x_md.o(.text)
    USBWakeUp_IRQHandler                     0x080001ff   Thumb Code     0  startup_stm32f10x_md.o(.text)
    USB_HP_CAN1_TX_IRQHandler                0x080001ff   Thumb Code     0  startup_stm32f10x_md.o(.text)
    USB_LP_CAN1_RX0_IRQHandler               0x080001ff   Thumb Code     0  startup_stm32f10x_md.o(.text)
    WWDG_IRQHandler                          0x080001ff   Thumb Code     0  startup_stm32f10x_md.o(.text)
    __user_initial_stackheap                 0x08000201   Thumb Code     0  startup_stm32f10x_md.o(.text)
    LOS_StartToRun                           0x08000225   Thumb Code     0  los_dispatch_keil.o(.text)
    LOS_IntLock                              0x0800026d   Thumb Code     0  los_dispatch_keil.o(.text)
    LOS_IntUnLock                            0x08000275   Thumb Code     0  los_dispatch_keil.o(.text)
    LOS_IntRestore                           0x0800027d   Thumb Code     0  los_dispatch_keil.o(.text)
    osTaskSchedule                           0x08000283   Thumb Code     0  los_dispatch_keil.o(.text)
    PendSV_Handler                           0x0800028d   Thumb Code     0  los_dispatch_keil.o(.text)
    __use_no_semihosting                     0x080002f1   Thumb Code     2  use_no_semi_2.o(.text)
    __2printf                                0x080002f5   Thumb Code    20  noretval__2printf.o(.text)
    _printf_pre_padding                      0x0800030d   Thumb Code    44  _printf_pad.o(.text)
    _printf_post_padding                     0x08000339   Thumb Code    34  _printf_pad.o(.text)
    _printf_str                              0x0800035b   Thumb Code    82  _printf_str.o(.text)
    _printf_int_dec                          0x080003ad   Thumb Code   104  _printf_dec.o(.text)
    _printf_longlong_hex                     0x08000425   Thumb Code    78  _printf_hex_int_ptr.o(.text)
    _printf_int_hex                          0x08000473   Thumb Code    26  _printf_hex_int_ptr.o(.text)
    _printf_hex_ptr                          0x0800048d   Thumb Code    16  _printf_hex_int_ptr.o(.text)
    __printf                                 0x080004a1   Thumb Code   308  __printf_flags_wp.o(.text)
    __aeabi_memcpy                           0x080005d9   Thumb Code     0  rt_memcpy_v6.o(.text)
    __rt_memcpy                              0x080005d9   Thumb Code   138  rt_memcpy_v6.o(.text)
    _memcpy_lastbytes                        0x0800063f   Thumb Code     0  rt_memcpy_v6.o(.text)
    __aeabi_memcpy4                          0x08000663   Thumb Code     0  rt_memcpy_w.o(.text)
    __aeabi_memcpy8                          0x08000663   Thumb Code     0  rt_memcpy_w.o(.text)
    __rt_memcpy_w                            0x08000663   Thumb Code   100  rt_memcpy_w.o(.text)
    _memcpy_lastbytes_aligned                0x080006ab   Thumb Code     0  rt_memcpy_w.o(.text)
    __aeabi_memset                           0x080006c7   Thumb Code    16  aeabi_memset.o(.text)
    __aeabi_memclr                           0x080006d7   Thumb Code     0  rt_memclr.o(.text)
    __rt_memclr                              0x080006d7   Thumb Code    68  rt_memclr.o(.text)
    _memset                                  0x080006db   Thumb Code     0  rt_memclr.o(.text)
    __aeabi_memclr4                          0x0800071b   Thumb Code     0  rt_memclr_w.o(.text)
    __aeabi_memclr8                          0x0800071b   Thumb Code     0  rt_memclr_w.o(.text)
    __rt_memclr_w                            0x0800071b   Thumb Code    78  rt_memclr_w.o(.text)
    _memset_w                                0x0800071f   Thumb Code     0  rt_memclr_w.o(.text)
    __use_two_region_memory                  0x08000769   Thumb Code     2  heapauxi.o(.text)
    __rt_heap_escrow$2region                 0x0800076b   Thumb Code     2  heapauxi.o(.text)
    __rt_heap_expand$2region                 0x0800076d   Thumb Code     2  heapauxi.o(.text)
    __I$use$semihosting                      0x0800076f   Thumb Code     0  use_no_semi.o(.text)
    __use_no_semihosting_swi                 0x0800076f   Thumb Code     2  use_no_semi.o(.text)
    _printf_int_common                       0x08000771   Thumb Code   178  _printf_intcommon.o(.text)
    _printf_cs_common                        0x08000823   Thumb Code    20  _printf_char.o(.text)
    _printf_char                             0x08000837   Thumb Code    16  _printf_char.o(.text)
    _printf_string                           0x08000847   Thumb Code     8  _printf_char.o(.text)
    _printf_char_file                        0x08000851   Thumb Code    32  _printf_char_file.o(.text)
    _printf_char_common                      0x0800087f   Thumb Code    32  _printf_char_common.o(.text)
    ferror                                   0x080008a5   Thumb Code     8  ferror.o(.text)
    __user_libspace                          0x080008ad   Thumb Code     8  libspace.o(.text)
    __user_perproc_libspace                  0x080008ad   Thumb Code     0  libspace.o(.text)
    __user_perthread_libspace                0x080008ad   Thumb Code     0  libspace.o(.text)
    __user_setup_stackheap                   0x080008b5   Thumb Code    74  sys_stackheap_outer.o(.text)
    exit                                     0x080008ff   Thumb Code    18  exit.o(.text)
    ADC_Cmd                                  0x08000911   Thumb Code    22  stm32f10x_adc.o(i.ADC_Cmd)
    ADC_DeInit                               0x08000929   Thumb Code    78  stm32f10x_adc.o(i.ADC_DeInit)
    ADC_GetCalibrationStatus                 0x08000985   Thumb Code    20  stm32f10x_adc.o(i.ADC_GetCalibrationStatus)
    ADC_GetResetCalibrationStatus            0x08000999   Thumb Code    20  stm32f10x_adc.o(i.ADC_GetResetCalibrationStatus)
    ADC_Init                                 0x080009ad   Thumb Code    70  stm32f10x_adc.o(i.ADC_Init)
    ADC_ResetCalibration                     0x080009fd   Thumb Code    10  stm32f10x_adc.o(i.ADC_ResetCalibration)
    ADC_StartCalibration                     0x08000a07   Thumb Code    10  stm32f10x_adc.o(i.ADC_StartCalibration)
    Adc_Init                                 0x08000a11   Thumb Code   140  adc.o(i.Adc_Init)
    BH1750_Byte_Write                        0x08000bf5   Thumb Code    50  bh1750.o(i.BH1750_Byte_Write)
    BH1750_Init                              0x08000c27   Thumb Code    18  bh1750.o(i.BH1750_Init)
    BH1750_Power_ON                          0x08000c39   Thumb Code    10  bh1750.o(i.BH1750_Power_ON)
    BSP_INIT                                 0x08000c43   Thumb Code    76  main.o(i.BSP_INIT)
    BusFault_Handler                         0x08000c8f   Thumb Code     4  stm32f10x_it.o(i.BusFault_Handler)
    DHT11_GPIO_Config                        0x08000c95   Thumb Code    46  dht11.o(i.DHT11_GPIO_Config)
    DMA1_Channel2_IRQHandler                 0x08000d85   Thumb Code    24  dma1.o(i.DMA1_Channel2_IRQHandler)
    DMA_ClearFlag                            0x08000da1   Thumb Code    18  stm32f10x_dma.o(i.DMA_ClearFlag)
    DMA_GetFlagStatus                        0x08000dbd   Thumb Code    36  stm32f10x_dma.o(i.DMA_GetFlagStatus)
    DebugMon_Handler                         0x08000de9   Thumb Code     2  stm32f10x_it.o(i.DebugMon_Handler)
    GPIO_Init                                0x08000deb   Thumb Code   278  stm32f10x_gpio.o(i.GPIO_Init)
    GPIO_PinRemapConfig                      0x08000f01   Thumb Code   138  stm32f10x_gpio.o(i.GPIO_PinRemapConfig)
    GPIO_ReadInputDataBit                    0x08000f91   Thumb Code    18  stm32f10x_gpio.o(i.GPIO_ReadInputDataBit)
    GPIO_ResetBits                           0x08000fa3   Thumb Code     4  stm32f10x_gpio.o(i.GPIO_ResetBits)
    GPIO_SetBits                             0x08000fa7   Thumb Code     4  stm32f10x_gpio.o(i.GPIO_SetBits)
    Gizwits_Init                             0x08000fad   Thumb Code    34  main.o(i.Gizwits_Init)
    HardFault_Handler                        0x08000fd5   Thumb Code     4  stm32f10x_it.o(i.HardFault_Handler)
    LED_Init                                 0x08001009   Thumb Code    46  led.o(i.LED_Init)
    LOS_Align                                0x0800103d   Thumb Code    28  los_misc.o(i.LOS_Align)
    LOS_KernelInit                           0x08001059   Thumb Code   174  los_init.o(i.LOS_KernelInit)
    LOS_MemAlloc                             0x08001215   Thumb Code    42  los_memory.o(i.LOS_MemAlloc)
    LOS_MemAllocAlign                        0x0800123f   Thumb Code    20  los_memory.o(i.LOS_MemAllocAlign)
    LOS_MemFree                              0x08001253   Thumb Code    52  los_memory.o(i.LOS_MemFree)
    LOS_MemInit                              0x08001289   Thumb Code   206  los_memory.o(i.LOS_MemInit)
    LOS_QueueCreate                          0x08001395   Thumb Code   210  los_queue.o(i.LOS_QueueCreate)
    LOS_QueueReadCopy                        0x08001475   Thumb Code    54  los_queue.o(i.LOS_QueueReadCopy)
    LOS_QueueWriteCopy                       0x080014ab   Thumb Code    54  los_queue.o(i.LOS_QueueWriteCopy)
    LOS_Schedule                             0x080014e1   Thumb Code    56  los_hw.o(i.LOS_Schedule)
    LOS_Start                                0x08001521   Thumb Code    38  los_init.o(i.LOS_Start)
    LOS_TaskCreate                           0x08001565   Thumb Code   140  los_task.o(i.LOS_TaskCreate)
    LOS_TaskCreateOnly                       0x08001601   Thumb Code   354  los_task.o(i.LOS_TaskCreateOnly)
    LOS_TaskDelay                            0x08001781   Thumb Code   106  los_task.o(i.LOS_TaskDelay)
    LOS_TaskDelete                           0x080017fd   Thumb Code   334  los_task.o(i.LOS_TaskDelete)
    LOS_TaskYield                            0x08001975   Thumb Code   134  los_task.o(i.LOS_TaskYield)
    LOS_TickCountGet                         0x08001a09   Thumb Code     6  los_sys.o(i.LOS_TickCountGet)
    MemManage_Handler                        0x08001a69   Thumb Code     4  stm32f10x_it.o(i.MemManage_Handler)
    My_TIM2_Init                             0x08001a6d   Thumb Code   170  pwm.o(i.My_TIM2_Init)
    NMI_Handler                              0x08001b1d   Thumb Code     2  stm32f10x_it.o(i.NMI_Handler)
    NVIC_Init                                0x08001b21   Thumb Code   100  misc.o(i.NVIC_Init)
    NVIC_PriorityGroupConfig                 0x08001b91   Thumb Code    10  misc.o(i.NVIC_PriorityGroupConfig)
    OLED_Clear                               0x08001ba5   Thumb Code    62  oled.o(i.OLED_Clear)
    OLED_IIC_Start                           0x08001be5   Thumb Code    44  oled.o(i.OLED_IIC_Start)
    OLED_IIC_Stop                            0x08001c15   Thumb Code    34  oled.o(i.OLED_IIC_Stop)
    OLED_IIC_Wait_Ack                        0x08001c3d   Thumb Code    24  oled.o(i.OLED_IIC_Wait_Ack)
    OLED_Init                                0x08001c59   Thumb Code   282  oled.o(i.OLED_Init)
    OLED_Num2                                0x08001d7d   Thumb Code   156  oled.o(i.OLED_Num2)
    OLED_Num_write                           0x08001e19   Thumb Code    62  oled.o(i.OLED_Num_write)
    OLED_Set_Pos                             0x08001e5d   Thumb Code    40  oled.o(i.OLED_Set_Pos)
    OLED_ShowChar                            0x08001e85   Thumb Code   154  oled.o(i.OLED_ShowChar)
    OLED_ShowString                          0x08001f29   Thumb Code    54  oled.o(i.OLED_ShowString)
    OLED_WR_Byte                             0x08001f5f   Thumb Code    24  oled.o(i.OLED_WR_Byte)
    OLED_Write_IIC_Byte                      0x08001f79   Thumb Code    88  oled.o(i.OLED_Write_IIC_Byte)
    OLED_Write_IIC_Command                   0x08001fd5   Thumb Code    44  oled.o(i.OLED_Write_IIC_Command)
    OLED_Write_IIC_Data                      0x08002001   Thumb Code    44  oled.o(i.OLED_Write_IIC_Data)
    OLED_fuhao_write                         0x0800202d   Thumb Code    58  oled.o(i.OLED_fuhao_write)
    RCC_ADCCLKConfig                         0x0800206d   Thumb Code    18  stm32f10x_rcc.o(i.RCC_ADCCLKConfig)
    RCC_APB1PeriphClockCmd                   0x08002085   Thumb Code    26  stm32f10x_rcc.o(i.RCC_APB1PeriphClockCmd)
    RCC_APB1PeriphResetCmd                   0x080020a5   Thumb Code    26  stm32f10x_rcc.o(i.RCC_APB1PeriphResetCmd)
    RCC_APB2PeriphClockCmd                   0x080020c5   Thumb Code    26  stm32f10x_rcc.o(i.RCC_APB2PeriphClockCmd)
    RCC_APB2PeriphResetCmd                   0x080020e5   Thumb Code    26  stm32f10x_rcc.o(i.RCC_APB2PeriphResetCmd)
    RCC_GetClocksFreq                        0x08002105   Thumb Code   192  stm32f10x_rcc.o(i.RCC_GetClocksFreq)
    Read_DHT11                               0x08002239   Thumb Code   154  dht11.o(i.Read_DHT11)
    SVC_Handler                              0x080022d9   Thumb Code     2  stm32f10x_it.o(i.SVC_Handler)
    SysTick_CLKSourceConfig                  0x080023c5   Thumb Code    40  misc.o(i.SysTick_CLKSourceConfig)
    SysTick_Handler                          0x080023ed   Thumb Code    34  los_hwi.o(i.SysTick_Handler)
    SystemInit                               0x08002419   Thumb Code    78  system_stm32f10x.o(i.SystemInit)
    TIM3_IRQHandler                          0x08002479   Thumb Code    26  timer.o(i.TIM3_IRQHandler)
    TIM3_Int_Init                            0x08002499   Thumb Code    90  timer.o(i.TIM3_Int_Init)
    TIM_ClearITPendingBit                    0x080024f9   Thumb Code     6  stm32f10x_tim.o(i.TIM_ClearITPendingBit)
    TIM_Cmd                                  0x080024ff   Thumb Code    24  stm32f10x_tim.o(i.TIM_Cmd)
    TIM_GetITStatus                          0x08002517   Thumb Code    34  stm32f10x_tim.o(i.TIM_GetITStatus)
    TIM_ITConfig                             0x08002539   Thumb Code    18  stm32f10x_tim.o(i.TIM_ITConfig)
    TIM_OC2Init                              0x0800254d   Thumb Code   154  stm32f10x_tim.o(i.TIM_OC2Init)
    TIM_OC2PreloadConfig                     0x080025f1   Thumb Code    26  stm32f10x_tim.o(i.TIM_OC2PreloadConfig)
    TIM_OC3Init                              0x0800260d   Thumb Code   150  stm32f10x_tim.o(i.TIM_OC3Init)
    TIM_OC3PreloadConfig                     0x080026ad   Thumb Code    18  stm32f10x_tim.o(i.TIM_OC3PreloadConfig)
    TIM_OC4Init                              0x080026c1   Thumb Code   114  stm32f10x_tim.o(i.TIM_OC4Init)
    TIM_OC4PreloadConfig                     0x0800273d   Thumb Code    26  stm32f10x_tim.o(i.TIM_OC4PreloadConfig)
    TIM_TimeBaseInit                         0x08002759   Thumb Code   122  stm32f10x_tim.o(i.TIM_TimeBaseInit)
    USART1_IRQHandler                        0x080027fd   Thumb Code   122  usart.o(i.USART1_IRQHandler)
    USART3_IRQHandler                        0x08002885   Thumb Code    34  usart3.o(i.USART3_IRQHandler)
    USART_Cmd                                0x080028ad   Thumb Code    24  stm32f10x_usart.o(i.USART_Cmd)
    USART_DeInit                             0x080028c5   Thumb Code   134  stm32f10x_usart.o(i.USART_DeInit)
    USART_GetFlagStatus                      0x08002961   Thumb Code    26  stm32f10x_usart.o(i.USART_GetFlagStatus)
    USART_GetITStatus                        0x0800297b   Thumb Code    84  stm32f10x_usart.o(i.USART_GetITStatus)
    USART_ITConfig                           0x080029cf   Thumb Code    74  stm32f10x_usart.o(i.USART_ITConfig)
    USART_Init                               0x08002a19   Thumb Code   210  stm32f10x_usart.o(i.USART_Init)
    USART_ReceiveData                        0x08002af1   Thumb Code    10  stm32f10x_usart.o(i.USART_ReceiveData)
    USART_SendData                           0x08002afb   Thumb Code     8  stm32f10x_usart.o(i.USART_SendData)
    UsageFault_Handler                       0x08002b03   Thumb Code     4  stm32f10x_it.o(i.UsageFault_Handler)
    _is_digit                                0x08002b07   Thumb Code    14  __printf_wp.o(i._is_digit)
    _sys_exit                                0x08002b15   Thumb Code     4  usart.o(i._sys_exit)
    delay_init                               0x08002b19   Thumb Code    50  delay.o(i.delay_init)
    delay_ms                                 0x08002b5d   Thumb Code    72  delay.o(i.delay_ms)
    delay_us                                 0x08002ba9   Thumb Code    72  delay.o(i.delay_us)
    exchangeBytes                            0x08002bf5   Thumb Code    26  common.o(i.exchangeBytes)
    fputc                                    0x08002c11   Thumb Code    24  usart.o(i.fputc)
    gizGetTimerCount                         0x08002c2d   Thumb Code     6  gizwits_product.o(i.gizGetTimerCount)
    gizProtocolSum                           0x08002c89   Thumb Code    38  common.o(i.gizProtocolSum)
    gizPutData                               0x08002d15   Thumb Code    52  gizwits_protocol.o(i.gizPutData)
    gizTimerMs                               0x08002d89   Thumb Code    12  gizwits_product.o(i.gizTimerMs)
    gizwitsInit                              0x08002d99   Thumb Code    46  gizwits_protocol.o(i.gizwitsInit)
    gizwitsSetMode                           0x08002dfd   Thumb Code   590  gizwits_protocol.o(i.gizwitsSetMode)
    i2c_SendByte                             0x08003095   Thumb Code    80  bh1750.o(i.i2c_SendByte)
    i2c_Start                                0x080030e9   Thumb Code    42  bh1750.o(i.i2c_Start)
    i2c_Stop                                 0x08003119   Thumb Code    28  bh1750.o(i.i2c_Stop)
    i2c_WaitAck                              0x08003139   Thumb Code    56  bh1750.o(i.i2c_WaitAck)
    main                                     0x08003175   Thumb Code    40  main.o(i.main)
    oled_first_show                          0x080031cd   Thumb Code    64  oled.o(i.oled_first_show)
    osAlarmHeapInfo                          0x08003241   Thumb Code    36  los_heap.o(i.osAlarmHeapInfo)
    osAtomicBitsetClearBit                   0x08003265   Thumb Code    36  los_slab.o(i.osAtomicBitsetClearBit)
    osAtomicBitsetFindClearAndSet            0x08003289   Thumb Code    80  los_slab.o(i.osAtomicBitsetFindClearAndSet)
    osAtomicBitsetGetBit                     0x080032d9   Thumb Code    42  los_slab.o(i.osAtomicBitsetGetBit)
    osAtomicBitsetGetNumBits                 0x08003303   Thumb Code     6  los_slab.o(i.osAtomicBitsetGetNumBits)
    osAtomicBitsetInit                       0x08003309   Thumb Code    46  los_slab.o(i.osAtomicBitsetInit)
    osHeapAlloc                              0x08003339   Thumb Code   292  los_heap.o(i.osHeapAlloc)
    osHeapAllocAlign                         0x080034a1   Thumb Code    90  los_heap.o(i.osHeapAllocAlign)
    osHeapFree                               0x080034fd   Thumb Code   284  los_heap.o(i.osHeapFree)
    osHeapInit                               0x0800363d   Thumb Code    68  los_heap.o(i.osHeapInit)
    osHeapPrvGetNext                         0x08003681   Thumb Code    26  los_heap.o(i.osHeapPrvGetNext)
    osHeapStatisticsGet                      0x0800369d   Thumb Code    90  los_heap.o(i.osHeapStatisticsGet)
    osIdleTask                               0x08003701   Thumb Code     4  los_task.o(i.osIdleTask)
    osIdleTaskCreate                         0x08003705   Thumb Code    54  los_task.o(i.osIdleTaskCreate)
    osIntNumGet                              0x08003751   Thumb Code     8  los_hwi.o(i.osIntNumGet)
    osMemSystemInit                          0x08003759   Thumb Code    20  los_memory.o(i.osMemSystemInit)
    osMuxInit                                0x08003775   Thumb Code    82  los_mux.o(i.osMuxInit)
    osPriqueueDequeue                        0x080037d9   Thumb Code    66  los_priqueue.o(i.osPriqueueDequeue)
    osPriqueueEnqueue                        0x08003825   Thumb Code    64  los_priqueue.o(i.osPriqueueEnqueue)
    osPriqueueInit                           0x0800386d   Thumb Code    64  los_priqueue.o(i.osPriqueueInit)
    osPriqueueSize                           0x080038b5   Thumb Code    36  los_priqueue.o(i.osPriqueueSize)
    osPriqueueTop                            0x080038dd   Thumb Code    32  los_priqueue.o(i.osPriqueueTop)
    osQueueInit                              0x08003a11   Thumb Code    96  los_queue.o(i.osQueueInit)
    osQueueOperate                           0x08003a81   Thumb Code   374  los_queue.o(i.osQueueOperate)
    osSchedule                               0x08003c95   Thumb Code     8  los_hw.o(i.osSchedule)
    osSemInit                                0x08003c9d   Thumb Code    80  los_sem.o(i.osSemInit)
    osSlabAllocatorAlloc                     0x08003cfd   Thumb Code    30  los_slab.o(i.osSlabAllocatorAlloc)
    osSlabAllocatorFree                      0x08003d1b   Thumb Code    72  los_slab.o(i.osSlabAllocatorFree)
    osSlabAllocatorNew                       0x08003d63   Thumb Code    92  los_slab.o(i.osSlabAllocatorNew)
    osSlabBlockHeadFill                      0x08003dbf   Thumb Code    18  los_slabmem.o(i.osSlabBlockHeadFill)
    osSlabCtrlHdrGet                         0x08003dd1   Thumb Code     8  los_memory.o(i.osSlabCtrlHdrGet)
    osSlabMemAlloc                           0x08003dd9   Thumb Code   160  los_slabmem.o(i.osSlabMemAlloc)
    osSlabMemFree                            0x08003e79   Thumb Code   116  los_slabmem.o(i.osSlabMemFree)
    osSlabMemInit                            0x08003eed   Thumb Code   108  los_slabmem.o(i.osSlabMemInit)
    osSwTmrInit                              0x08003f59   Thumb Code   130  los_swtmr.o(i.osSwTmrInit)
    osSwTmrStart                             0x08003ff9   Thumb Code   506  los_swtmr.o(i.osSwTmrStart)
    osSwTmrTask                              0x08004201   Thumb Code    62  los_swtmr.o(i.osSwTmrTask)
    osSwTmrTaskCreate                        0x08004245   Thumb Code    48  los_swtmr.o(i.osSwTmrTaskCreate)
    osSwtmrScan                              0x08004339   Thumb Code    32  los_swtmr.o(i.osSwtmrScan)
    osTaskAdd2TimerList                      0x0800435d   Thumb Code   188  los_task.o(i.osTaskAdd2TimerList)
    osTaskEntry                              0x0800441d   Thumb Code    40  los_task.o(i.osTaskEntry)
    osTaskExit                               0x0800444d   Thumb Code     6  los_hw.o(i.osTaskExit)
    osTaskInit                               0x08004455   Thumb Code   258  los_task.o(i.osTaskInit)
    osTaskMonInit                            0x0800457d   Thumb Code    32  los_task.o(i.osTaskMonInit)
    osTaskScan                               0x080045ad   Thumb Code   214  los_task.o(i.osTaskScan)
    osTaskSwitchCheck                        0x08004689   Thumb Code   238  los_task.o(i.osTaskSwitchCheck)
    osTaskWait                               0x0800480d   Thumb Code    72  los_task.o(i.osTaskWait)
    osTaskWake                               0x08004859   Thumb Code    70  los_task.o(i.osTaskWake)
    osTickHandler                            0x080048a1   Thumb Code    34  los_tick.o(i.osTickHandler)
    osTickStart                              0x080048c9   Thumb Code   152  los_hw_tick.o(i.osTickStart)
    osTimerListDelete                        0x0800497d   Thumb Code    66  los_task.o(i.osTimerListDelete)
    osTimesliceCheck                         0x080049c5   Thumb Code    64  los_timeslice.o(i.osTimesliceCheck)
    osTimesliceInit                          0x08004a11   Thumb Code    12  los_timeslice.o(i.osTimesliceInit)
    osTskStackInit                           0x08004a21   Thumb Code   130  los_hw.o(i.osTskStackInit)
    rbCanRead                                0x08004aad   Thumb Code    56  ringbuffer.o(i.rbCanRead)
    rbCanWrite                               0x08004ae5   Thumb Code    30  ringbuffer.o(i.rbCanWrite)
    rbCapacity                               0x08004b03   Thumb Code    14  ringbuffer.o(i.rbCapacity)
    rbCreate                                 0x08004b11   Thumb Code    22  ringbuffer.o(i.rbCreate)
    rbWrite                                  0x08004b27   Thumb Code   154  ringbuffer.o(i.rbWrite)
    uartWrite                                0x08004bc1   Thumb Code   144  gizwits_product.o(i.uartWrite)
    uart_init                                0x08004c75   Thumb Code   160  usart.o(i.uart_init)
    usart3_init                              0x08004d1d   Thumb Code   166  usart3.o(i.usart3_init)
    userInit                                 0x08004dcd   Thumb Code    38  gizwits_product.o(i.userInit)
    F6x8                                     0x08004df8   Data         552  oled.o(.constdata)
    F8X16                                    0x08005020   Data        1520  oled.o(.constdata)
    Region$$Table$$Base                      0x0800564c   Number         0  anon$$obj.o(Region$$Table)
    Region$$Table$$Limit                     0x0800566c   Number         0  anon$$obj.o(Region$$Table)
    DHT11_Data                               0x20000014   Data           5  main.o(.data)
    Light                                    0x2000001c   Data           4  main.o(.data)
    soil_moisture                            0x20000020   Data           4  main.o(.data)
    water_manual                             0x20000024   Data           1  main.o(.data)
    windows_manual                           0x20000025   Data           1  main.o(.data)
    light_manual                             0x20000026   Data           1  main.o(.data)
    i                                        0x20000028   Data           4  main.o(.data)
    p                                        0x2000002c   Data           4  main.o(.data)
    RX_Task_Handle                           0x20000030   Data           4  main.o(.data)
    TX_Task_Handle                           0x20000034   Data           4  main.o(.data)
    DTH11_Handle                             0x20000038   Data           4  main.o(.data)
    oled_and_data_Handle                     0x2000003c   Data           4  main.o(.data)
    light_system_Handle                      0x20000040   Data           4  main.o(.data)
    soil_system_Handle                       0x20000044   Data           4  main.o(.data)
    Processing_data_Handle                   0x20000048   Data           4  main.o(.data)
    SystemCoreClock                          0x2000004c   Data           4  system_stm32f10x.o(.data)
    AHBPrescTable                            0x20000050   Data          16  system_stm32f10x.o(.data)
    __stdout                                 0x20000064   Data           4  usart.o(.data)
    USART_RX_STA                             0x20000068   Data           2  usart.o(.data)
    DMA1_Handler                             0x2000006c   Data           4  dma1.o(.data)
    aRxBuffer                                0x20000074   Data           1  gizwits_product.o(.data)
    m_aucSysMem0                             0x20000078   Data           4  los_init.o(.data)
    g_pstLosPriorityQueueList                0x2000007c   Data           4  los_priqueue.o(.data)
    m_uwSwTmrHandlerQueue                    0x20000084   Data           4  los_swtmr.o(.data)
    m_pstSwtmrCBArray                        0x20000088   Data           4  los_swtmr.o(.data)
    m_pstSwtmrFreeList                       0x2000008c   Data           4  los_swtmr.o(.data)
    m_pstSwtmrSortList                       0x20000090   Data           4  los_swtmr.o(.data)
    g_pstTaskCBArray                         0x200000a0   Data           4  los_task.o(.data)
    g_stLosTask                              0x200000a4   Data           8  los_task.o(.data)
    g_usLosTaskLock                          0x200000ac   Data           2  los_task.o(.data)
    g_uwTskMaxNum                            0x200000b0   Data           4  los_task.o(.data)
    g_uwIdleTaskID                           0x200000b4   Data           4  los_task.o(.data)
    g_uwSwtmrTaskID                          0x200000b8   Data           4  los_task.o(.data)
    g_stTaskTimerList                        0x200000bc   Data           8  los_task.o(.data)
    g_stLosFreeTask                          0x200000c4   Data           8  los_task.o(.data)
    g_stTskRecyleList                        0x200000cc   Data           8  los_task.o(.data)
    g_stTskSortLink                          0x200000d4   Data           8  los_task.o(.data)
    g_bTaskScheduled                         0x200000dc   Data           4  los_task.o(.data)
    g_pfnTskSwitchHook                       0x200000e0   Data           4  los_task.o(.data)
    g_pfnUsrTskSwitchHook                    0x200000e4   Data           4  los_task.o(.data)
    g_ullTickCount                           0x200000e8   Data           8  los_tick.o(.data)
    g_uwTicksPerSec                          0x200000f0   Data           4  los_tick.o(.data)
    g_uwCyclePerSec                          0x200000f4   Data           4  los_tick.o(.data)
    g_uwCyclesPerTick                        0x200000f8   Data           4  los_tick.o(.data)
    g_uwSysClock                             0x200000fc   Data           4  los_tick.o(.data)
    g_bSysTickStart                          0x20000100   Data           4  los_tick.o(.data)
    g_stTaskTimeSlice                        0x20000104   Data           8  los_timeslice.o(.data)
    g_pstAllMux                              0x2000010c   Data           4  los_mux.o(.data)
    g_stUnusedMuxList                        0x20000110   Data           8  los_mux.o(.data)
    g_pstAllQueue                            0x20000118   Data           4  los_queue.o(.data)
    g_stFreeQueueList                        0x2000011c   Data           8  los_queue.o(.data)
    g_stUnusedSemList                        0x20000124   Data           8  los_sem.o(.data)
    g_pstAllSem                              0x2000012c   Data           4  los_sem.o(.data)
    g_pPoolHead                              0x20000140   Data           4  los_memory.o(.data)
    arr_light                                0x20000144   Data          40  main.o(.bss)
    USART_RX_BUF                             0x2000016c   Data         200  usart.o(.bss)
    gizwitsProtocol                          0x20000234   Data         304  gizwits_protocol.o(.bss)
    pRb                                      0x20000364   Data          16  gizwits_protocol.o(.bss)
    currentDataPoint                         0x200003a8   Data          19  gizwits_product.o(.bss)
    m_uwSwTmrAlignID                         0x200003bc   Data          64  los_swtmr.o(.bss)
    g_astTskSwitchInfo                       0x200003fc   Data         342  los_task.o(.bss)
    __libspace_start                         0x20000554   Data          96  libspace.o(.bss)
    __temporary_stack_top$libspace           0x200005b4   Data           0  libspace.o(.bss)
    Image$$RW_IRAM1$$ZI$$Limit               0x20000bb8   Number         0  anon$$obj.o ABSOLUTE



==============================================================================

Memory Map of the image

  Image Entry point : 0x080000ed

  Load Region LR_IROM1 (Base: 0x08000000, Size: 0x000057b0, Max: 0x00010000, ABSOLUTE, COMPRESSED[0x0000568c])

    Execution Region ER_IROM1 (Exec base: 0x08000000, Load base: 0x08000000, Size: 0x0000566c, Max: 0x00010000, ABSOLUTE)

    Exec Addr    Load Addr    Size         Type   Attr      Idx    E Section Name        Object

    0x08000000   0x08000000   0x000000ec   Data   RO           19    RESET               startup_stm32f10x_md.o
    0x080000ec   0x080000ec   0x00000008   Code   RO         6152  * !!!main             c_w.l(__main.o)
    0x080000f4   0x080000f4   0x00000034   Code   RO         6427    !!!scatter          c_w.l(__scatter.o)
    0x08000128   0x08000128   0x0000005a   Code   RO         6425    !!dczerorl2         c_w.l(__dczerorl2.o)
    0x08000182   0x08000182   0x00000002   PAD
    0x08000184   0x08000184   0x0000001c   Code   RO         6429    !!handler_zi        c_w.l(__scatter_zi.o)
    0x080001a0   0x080001a0   0x00000000   Code   RO         6135    .ARM.Collect$$_printf_percent$$00000000  c_w.l(_printf_percent.o)
    0x080001a0   0x080001a0   0x00000006   Code   RO         6133    .ARM.Collect$$_printf_percent$$00000002  c_w.l(_printf_p.o)
    0x080001a6   0x080001a6   0x00000006   Code   RO         6134    .ARM.Collect$$_printf_percent$$00000009  c_w.l(_printf_d.o)
    0x080001ac   0x080001ac   0x00000006   Code   RO         6132    .ARM.Collect$$_printf_percent$$0000000C  c_w.l(_printf_x.o)
    0x080001b2   0x080001b2   0x00000006   Code   RO         6131    .ARM.Collect$$_printf_percent$$00000014  c_w.l(_printf_s.o)
    0x080001b8   0x080001b8   0x00000004   Code   RO         6235    .ARM.Collect$$_printf_percent$$00000017  c_w.l(_printf_percent_end.o)
    0x080001bc   0x080001bc   0x00000002   Code   RO         6300    .ARM.Collect$$libinit$$00000000  c_w.l(libinit.o)
    0x080001be   0x080001be   0x00000000   Code   RO         6302    .ARM.Collect$$libinit$$00000002  c_w.l(libinit2.o)
    0x080001be   0x080001be   0x00000000   Code   RO         6304    .ARM.Collect$$libinit$$00000004  c_w.l(libinit2.o)
    0x080001be   0x080001be   0x00000000   Code   RO         6307    .ARM.Collect$$libinit$$0000000A  c_w.l(libinit2.o)
    0x080001be   0x080001be   0x00000000   Code   RO         6309    .ARM.Collect$$libinit$$0000000C  c_w.l(libinit2.o)
    0x080001be   0x080001be   0x00000000   Code   RO         6311    .ARM.Collect$$libinit$$0000000E  c_w.l(libinit2.o)
    0x080001be   0x080001be   0x00000000   Code   RO         6314    .ARM.Collect$$libinit$$00000011  c_w.l(libinit2.o)
    0x080001be   0x080001be   0x00000000   Code   RO         6316    .ARM.Collect$$libinit$$00000013  c_w.l(libinit2.o)
    0x080001be   0x080001be   0x00000000   Code   RO         6318    .ARM.Collect$$libinit$$00000015  c_w.l(libinit2.o)
    0x080001be   0x080001be   0x00000000   Code   RO         6320    .ARM.Collect$$libinit$$00000017  c_w.l(libinit2.o)
    0x080001be   0x080001be   0x00000000   Code   RO         6322    .ARM.Collect$$libinit$$00000019  c_w.l(libinit2.o)
    0x080001be   0x080001be   0x00000000   Code   RO         6324    .ARM.Collect$$libinit$$0000001B  c_w.l(libinit2.o)
    0x080001be   0x080001be   0x00000000   Code   RO         6326    .ARM.Collect$$libinit$$0000001D  c_w.l(libinit2.o)
    0x080001be   0x080001be   0x00000000   Code   RO         6328    .ARM.Collect$$libinit$$0000001F  c_w.l(libinit2.o)
    0x080001be   0x080001be   0x00000000   Code   RO         6330    .ARM.Collect$$libinit$$00000021  c_w.l(libinit2.o)
    0x080001be   0x080001be   0x00000000   Code   RO         6332    .ARM.Collect$$libinit$$00000023  c_w.l(libinit2.o)
    0x080001be   0x080001be   0x00000000   Code   RO         6334    .ARM.Collect$$libinit$$00000025  c_w.l(libinit2.o)
    0x080001be   0x080001be   0x00000000   Code   RO         6338    .ARM.Collect$$libinit$$0000002C  c_w.l(libinit2.o)
    0x080001be   0x080001be   0x00000000   Code   RO         6340    .ARM.Collect$$libinit$$0000002E  c_w.l(libinit2.o)
    0x080001be   0x080001be   0x00000000   Code   RO         6342    .ARM.Collect$$libinit$$00000030  c_w.l(libinit2.o)
    0x080001be   0x080001be   0x00000000   Code   RO         6344    .ARM.Collect$$libinit$$00000032  c_w.l(libinit2.o)
    0x080001be   0x080001be   0x00000002   Code   RO         6345    .ARM.Collect$$libinit$$00000033  c_w.l(libinit2.o)
    0x080001c0   0x080001c0   0x00000002   Code   RO         6387    .ARM.Collect$$libshutdown$$00000000  c_w.l(libshutdown.o)
    0x080001c2   0x080001c2   0x00000000   Code   RO         6406    .ARM.Collect$$libshutdown$$00000002  c_w.l(libshutdown2.o)
    0x080001c2   0x080001c2   0x00000000   Code   RO         6408    .ARM.Collect$$libshutdown$$00000004  c_w.l(libshutdown2.o)
    0x080001c2   0x080001c2   0x00000000   Code   RO         6410    .ARM.Collect$$libshutdown$$00000006  c_w.l(libshutdown2.o)
    0x080001c2   0x080001c2   0x00000000   Code   RO         6413    .ARM.Collect$$libshutdown$$00000009  c_w.l(libshutdown2.o)
    0x080001c2   0x080001c2   0x00000000   Code   RO         6416    .ARM.Collect$$libshutdown$$0000000C  c_w.l(libshutdown2.o)
    0x080001c2   0x080001c2   0x00000000   Code   RO         6418    .ARM.Collect$$libshutdown$$0000000E  c_w.l(libshutdown2.o)
    0x080001c2   0x080001c2   0x00000000   Code   RO         6421    .ARM.Collect$$libshutdown$$00000011  c_w.l(libshutdown2.o)
    0x080001c2   0x080001c2   0x00000002   Code   RO         6422    .ARM.Collect$$libshutdown$$00000012  c_w.l(libshutdown2.o)
    0x080001c4   0x080001c4   0x00000000   Code   RO         6222    .ARM.Collect$$rtentry$$00000000  c_w.l(__rtentry.o)
    0x080001c4   0x080001c4   0x00000000   Code   RO         6250    .ARM.Collect$$rtentry$$00000002  c_w.l(__rtentry2.o)
    0x080001c4   0x080001c4   0x00000006   Code   RO         6262    .ARM.Collect$$rtentry$$00000004  c_w.l(__rtentry4.o)
    0x080001ca   0x080001ca   0x00000000   Code   RO         6252    .ARM.Collect$$rtentry$$00000009  c_w.l(__rtentry2.o)
    0x080001ca   0x080001ca   0x00000004   Code   RO         6253    .ARM.Collect$$rtentry$$0000000A  c_w.l(__rtentry2.o)
    0x080001ce   0x080001ce   0x00000000   Code   RO         6255    .ARM.Collect$$rtentry$$0000000C  c_w.l(__rtentry2.o)
    0x080001ce   0x080001ce   0x00000008   Code   RO         6256    .ARM.Collect$$rtentry$$0000000D  c_w.l(__rtentry2.o)
    0x080001d6   0x080001d6   0x00000002   Code   RO         6346    .ARM.Collect$$rtexit$$00000000  c_w.l(rtexit.o)
    0x080001d8   0x080001d8   0x00000000   Code   RO         6359    .ARM.Collect$$rtexit$$00000002  c_w.l(rtexit2.o)
    0x080001d8   0x080001d8   0x00000004   Code   RO         6360    .ARM.Collect$$rtexit$$00000003  c_w.l(rtexit2.o)
    0x080001dc   0x080001dc   0x00000006   Code   RO         6361    .ARM.Collect$$rtexit$$00000004  c_w.l(rtexit2.o)
    0x080001e2   0x080001e2   0x00000002   PAD
    0x080001e4   0x080001e4   0x00000040   Code   RO           20    .text               startup_stm32f10x_md.o
    0x08000224   0x08000224   0x000000cc   Code   RO         5979    .text               los_dispatch_keil.o
    0x080002f0   0x080002f0   0x00000002   Code   RO         6072    .text               c_w.l(use_no_semi_2.o)
    0x080002f2   0x080002f2   0x00000002   PAD
    0x080002f4   0x080002f4   0x00000018   Code   RO         6080    .text               c_w.l(noretval__2printf.o)
    0x0800030c   0x0800030c   0x0000004e   Code   RO         6084    .text               c_w.l(_printf_pad.o)
    0x0800035a   0x0800035a   0x00000052   Code   RO         6086    .text               c_w.l(_printf_str.o)
    0x080003ac   0x080003ac   0x00000078   Code   RO         6088    .text               c_w.l(_printf_dec.o)
    0x08000424   0x08000424   0x0000007c   Code   RO         6102    .text               c_w.l(_printf_hex_int_ptr.o)
    0x080004a0   0x080004a0   0x00000138   Code   RO         6123    .text               c_w.l(__printf_flags_wp.o)
    0x080005d8   0x080005d8   0x0000008a   Code   RO         6138    .text               c_w.l(rt_memcpy_v6.o)
    0x08000662   0x08000662   0x00000064   Code   RO         6140    .text               c_w.l(rt_memcpy_w.o)
    0x080006c6   0x080006c6   0x00000010   Code   RO         6142    .text               c_w.l(aeabi_memset.o)
    0x080006d6   0x080006d6   0x00000044   Code   RO         6144    .text               c_w.l(rt_memclr.o)
    0x0800071a   0x0800071a   0x0000004e   Code   RO         6146    .text               c_w.l(rt_memclr_w.o)
    0x08000768   0x08000768   0x00000006   Code   RO         6150    .text               c_w.l(heapauxi.o)
    0x0800076e   0x0800076e   0x00000002   Code   RO         6220    .text               c_w.l(use_no_semi.o)
    0x08000770   0x08000770   0x000000b2   Code   RO         6229    .text               c_w.l(_printf_intcommon.o)
    0x08000822   0x08000822   0x0000002c   Code   RO         6231    .text               c_w.l(_printf_char.o)
    0x0800084e   0x0800084e   0x00000002   PAD
    0x08000850   0x08000850   0x00000024   Code   RO         6233    .text               c_w.l(_printf_char_file.o)
    0x08000874   0x08000874   0x00000030   Code   RO         6271    .text               c_w.l(_printf_char_common.o)
    0x080008a4   0x080008a4   0x00000008   Code   RO         6273    .text               c_w.l(ferror.o)
    0x080008ac   0x080008ac   0x00000008   Code   RO         6280    .text               c_w.l(libspace.o)
    0x080008b4   0x080008b4   0x0000004a   Code   RO         6283    .text               c_w.l(sys_stackheap_outer.o)
    0x080008fe   0x080008fe   0x00000012   Code   RO         6287    .text               c_w.l(exit.o)
    0x08000910   0x08000910   0x00000016   Code   RO          101    i.ADC_Cmd           stm32f10x_adc.o
    0x08000926   0x08000926   0x00000002   PAD
    0x08000928   0x08000928   0x0000005c   Code   RO          103    i.ADC_DeInit        stm32f10x_adc.o
    0x08000984   0x08000984   0x00000014   Code   RO          109    i.ADC_GetCalibrationStatus  stm32f10x_adc.o
    0x08000998   0x08000998   0x00000014   Code   RO          115    i.ADC_GetResetCalibrationStatus  stm32f10x_adc.o
    0x080009ac   0x080009ac   0x00000050   Code   RO          119    i.ADC_Init          stm32f10x_adc.o
    0x080009fc   0x080009fc   0x0000000a   Code   RO          124    i.ADC_ResetCalibration  stm32f10x_adc.o
    0x08000a06   0x08000a06   0x0000000a   Code   RO          128    i.ADC_StartCalibration  stm32f10x_adc.o
    0x08000a10   0x08000a10   0x00000094   Code   RO         3874    i.Adc_Init          adc.o
    0x08000aa4   0x08000aa4   0x00000150   Code   RO         3038    i.AppTaskCreate     main.o
    0x08000bf4   0x08000bf4   0x00000032   Code   RO         3768    i.BH1750_Byte_Write  bh1750.o
    0x08000c26   0x08000c26   0x00000012   Code   RO         3769    i.BH1750_Init       bh1750.o
    0x08000c38   0x08000c38   0x0000000a   Code   RO         3771    i.BH1750_Power_ON   bh1750.o
    0x08000c42   0x08000c42   0x0000004c   Code   RO         3039    i.BSP_INIT          main.o
    0x08000c8e   0x08000c8e   0x00000004   Code   RO         3262    i.BusFault_Handler  stm32f10x_it.o
    0x08000c92   0x08000c92   0x00000002   PAD
    0x08000c94   0x08000c94   0x00000034   Code   RO         3675    i.DHT11_GPIO_Config  dht11.o
    0x08000cc8   0x08000cc8   0x0000001c   Code   RO         3676    i.DHT11_Mode_IPU    dht11.o
    0x08000ce4   0x08000ce4   0x00000024   Code   RO         3677    i.DHT11_Mode_Out_PP  dht11.o
    0x08000d08   0x08000d08   0x0000007c   Code   RO         3040    i.DHT11_task        main.o
    0x08000d84   0x08000d84   0x0000001c   Code   RO         4011    i.DMA1_Channel2_IRQHandler  dma1.o
    0x08000da0   0x08000da0   0x0000001c   Code   RO          769    i.DMA_ClearFlag     stm32f10x_dma.o
    0x08000dbc   0x08000dbc   0x0000002c   Code   RO          774    i.DMA_GetFlagStatus  stm32f10x_dma.o
    0x08000de8   0x08000de8   0x00000002   Code   RO         3263    i.DebugMon_Handler  stm32f10x_it.o
    0x08000dea   0x08000dea   0x00000116   Code   RO         1207    i.GPIO_Init         stm32f10x_gpio.o
    0x08000f00   0x08000f00   0x00000090   Code   RO         1209    i.GPIO_PinRemapConfig  stm32f10x_gpio.o
    0x08000f90   0x08000f90   0x00000012   Code   RO         1211    i.GPIO_ReadInputDataBit  stm32f10x_gpio.o
    0x08000fa2   0x08000fa2   0x00000004   Code   RO         1214    i.GPIO_ResetBits    stm32f10x_gpio.o
    0x08000fa6   0x08000fa6   0x00000004   Code   RO         1215    i.GPIO_SetBits      stm32f10x_gpio.o
    0x08000faa   0x08000faa   0x00000002   PAD
    0x08000fac   0x08000fac   0x00000028   Code   RO         3041    i.Gizwits_Init      main.o
    0x08000fd4   0x08000fd4   0x00000004   Code   RO         3264    i.HardFault_Handler  stm32f10x_it.o
    0x08000fd8   0x08000fd8   0x00000030   Code   RO         3774    i.I2C_BH1750_GPIOConfig  bh1750.o
    0x08001008   0x08001008   0x00000034   Code   RO         3430    i.LED_Init          led.o
    0x0800103c   0x0800103c   0x0000001c   Code   RO         5921    i.LOS_Align         los_misc.o
    0x08001058   0x08001058   0x00000118   Code   RO         4488    i.LOS_KernelInit    los_init.o
    0x08001170   0x08001170   0x0000000e   Code   RO         4843    i.LOS_ListAdd       los_task.o
    0x0800117e   0x0800117e   0x0000000e   Code   RO         5261    i.LOS_ListAdd       los_mux.o
    0x0800118c   0x0800118c   0x0000000e   Code   RO         5338    i.LOS_ListAdd       los_queue.o
    0x0800119a   0x0800119a   0x0000000e   Code   RO         5473    i.LOS_ListAdd       los_sem.o
    0x080011a8   0x080011a8   0x00000014   Code   RO         4844    i.LOS_ListDelete    los_task.o
    0x080011bc   0x080011bc   0x00000010   Code   RO         4569    i.LOS_ListEmpty     los_priqueue.o
    0x080011cc   0x080011cc   0x00000010   Code   RO         4845    i.LOS_ListEmpty     los_task.o
    0x080011dc   0x080011dc   0x00000010   Code   RO         5339    i.LOS_ListEmpty     los_queue.o
    0x080011ec   0x080011ec   0x00000006   Code   RO         4846    i.LOS_ListInit      los_task.o
    0x080011f2   0x080011f2   0x00000006   Code   RO         5263    i.LOS_ListInit      los_mux.o
    0x080011f8   0x080011f8   0x00000006   Code   RO         5340    i.LOS_ListInit      los_queue.o
    0x080011fe   0x080011fe   0x00000006   Code   RO         5475    i.LOS_ListInit      los_sem.o
    0x08001204   0x08001204   0x00000010   Code   RO         4847    i.LOS_ListTailInsert  los_task.o
    0x08001214   0x08001214   0x0000002a   Code   RO         5606    i.LOS_MemAlloc      los_memory.o
    0x0800123e   0x0800123e   0x00000014   Code   RO         5607    i.LOS_MemAllocAlign  los_memory.o
    0x08001252   0x08001252   0x00000034   Code   RO         5609    i.LOS_MemFree       los_memory.o
    0x08001286   0x08001286   0x00000002   PAD
    0x08001288   0x08001288   0x0000010c   Code   RO         5611    i.LOS_MemInit       los_memory.o
    0x08001394   0x08001394   0x000000e0   Code   RO         5341    i.LOS_QueueCreate   los_queue.o
    0x08001474   0x08001474   0x00000036   Code   RO         5345    i.LOS_QueueReadCopy  los_queue.o
    0x080014aa   0x080014aa   0x00000036   Code   RO         5347    i.LOS_QueueWriteCopy  los_queue.o
    0x080014e0   0x080014e0   0x00000040   Code   RO         5982    i.LOS_Schedule      los_hw.o
    0x08001520   0x08001520   0x00000044   Code   RO         4490    i.LOS_Start         los_init.o
    0x08001564   0x08001564   0x0000009c   Code   RO         4850    i.LOS_TaskCreate    los_task.o
    0x08001600   0x08001600   0x00000180   Code   RO         4851    i.LOS_TaskCreateOnly  los_task.o
    0x08001780   0x08001780   0x0000007c   Code   RO         4852    i.LOS_TaskDelay     los_task.o
    0x080017fc   0x080017fc   0x00000178   Code   RO         4853    i.LOS_TaskDelete    los_task.o
    0x08001974   0x08001974   0x00000094   Code   RO         4866    i.LOS_TaskYield     los_task.o
    0x08001a08   0x08001a08   0x0000000c   Code   RO         4791    i.LOS_TickCountGet  los_sys.o
    0x08001a14   0x08001a14   0x0000002c   Code   RO         3042    i.Led1Task          main.o
    0x08001a40   0x08001a40   0x00000028   Code   RO         3043    i.Led2Task          main.o
    0x08001a68   0x08001a68   0x00000004   Code   RO         3265    i.MemManage_Handler  stm32f10x_it.o
    0x08001a6c   0x08001a6c   0x000000b0   Code   RO         3708    i.My_TIM2_Init      pwm.o
    0x08001b1c   0x08001b1c   0x00000002   Code   RO         3266    i.NMI_Handler       stm32f10x_it.o
    0x08001b1e   0x08001b1e   0x00000002   PAD
    0x08001b20   0x08001b20   0x00000070   Code   RO           24    i.NVIC_Init         misc.o
    0x08001b90   0x08001b90   0x00000014   Code   RO           25    i.NVIC_PriorityGroupConfig  misc.o
    0x08001ba4   0x08001ba4   0x0000003e   Code   RO         3480    i.OLED_Clear        oled.o
    0x08001be2   0x08001be2   0x00000002   PAD
    0x08001be4   0x08001be4   0x00000030   Code   RO         3485    i.OLED_IIC_Start    oled.o
    0x08001c14   0x08001c14   0x00000028   Code   RO         3486    i.OLED_IIC_Stop     oled.o
    0x08001c3c   0x08001c3c   0x0000001c   Code   RO         3487    i.OLED_IIC_Wait_Ack  oled.o
    0x08001c58   0x08001c58   0x00000124   Code   RO         3488    i.OLED_Init         oled.o
    0x08001d7c   0x08001d7c   0x0000009c   Code   RO         3489    i.OLED_Num2         oled.o
    0x08001e18   0x08001e18   0x00000044   Code   RO         3493    i.OLED_Num_write    oled.o
    0x08001e5c   0x08001e5c   0x00000028   Code   RO         3495    i.OLED_Set_Pos      oled.o
    0x08001e84   0x08001e84   0x000000a4   Code   RO         3496    i.OLED_ShowChar     oled.o
    0x08001f28   0x08001f28   0x00000036   Code   RO         3498    i.OLED_ShowString   oled.o
    0x08001f5e   0x08001f5e   0x00000018   Code   RO         3499    i.OLED_WR_Byte      oled.o
    0x08001f76   0x08001f76   0x00000002   PAD
    0x08001f78   0x08001f78   0x0000005c   Code   RO         3500    i.OLED_Write_IIC_Byte  oled.o
    0x08001fd4   0x08001fd4   0x0000002c   Code   RO         3501    i.OLED_Write_IIC_Command  oled.o
    0x08002000   0x08002000   0x0000002c   Code   RO         3502    i.OLED_Write_IIC_Data  oled.o
    0x0800202c   0x0800202c   0x00000040   Code   RO         3503    i.OLED_fuhao_write  oled.o
    0x0800206c   0x0800206c   0x00000018   Code   RO         1624    i.RCC_ADCCLKConfig  stm32f10x_rcc.o
    0x08002084   0x08002084   0x00000020   Code   RO         1626    i.RCC_APB1PeriphClockCmd  stm32f10x_rcc.o
    0x080020a4   0x080020a4   0x00000020   Code   RO         1627    i.RCC_APB1PeriphResetCmd  stm32f10x_rcc.o
    0x080020c4   0x080020c4   0x00000020   Code   RO         1628    i.RCC_APB2PeriphClockCmd  stm32f10x_rcc.o
    0x080020e4   0x080020e4   0x00000020   Code   RO         1629    i.RCC_APB2PeriphResetCmd  stm32f10x_rcc.o
    0x08002104   0x08002104   0x000000d4   Code   RO         1636    i.RCC_GetClocksFreq  stm32f10x_rcc.o
    0x080021d8   0x080021d8   0x00000060   Code   RO         3678    i.Read_Byte         dht11.o
    0x08002238   0x08002238   0x000000a0   Code   RO         3679    i.Read_DHT11        dht11.o
    0x080022d8   0x080022d8   0x00000002   Code   RO         3267    i.SVC_Handler       stm32f10x_it.o
    0x080022da   0x080022da   0x00000008   Code   RO         3313    i.SetSysClock       system_stm32f10x.o
    0x080022e2   0x080022e2   0x00000002   PAD
    0x080022e4   0x080022e4   0x000000e0   Code   RO         3314    i.SetSysClockTo72   system_stm32f10x.o
    0x080023c4   0x080023c4   0x00000028   Code   RO           28    i.SysTick_CLKSourceConfig  misc.o
    0x080023ec   0x080023ec   0x0000002c   Code   RO         6048    i.SysTick_Handler   los_hwi.o
    0x08002418   0x08002418   0x00000060   Code   RO         3316    i.SystemInit        system_stm32f10x.o
    0x08002478   0x08002478   0x00000020   Code   RO         3442    i.TIM3_IRQHandler   timer.o
    0x08002498   0x08002498   0x00000060   Code   RO         3443    i.TIM3_Int_Init     timer.o
    0x080024f8   0x080024f8   0x00000006   Code   RO         2264    i.TIM_ClearITPendingBit  stm32f10x_tim.o
    0x080024fe   0x080024fe   0x00000018   Code   RO         2269    i.TIM_Cmd           stm32f10x_tim.o
    0x08002516   0x08002516   0x00000022   Code   RO         2290    i.TIM_GetITStatus   stm32f10x_tim.o
    0x08002538   0x08002538   0x00000012   Code   RO         2294    i.TIM_ITConfig      stm32f10x_tim.o
    0x0800254a   0x0800254a   0x00000002   PAD
    0x0800254c   0x0800254c   0x000000a4   Code   RO         2303    i.TIM_OC2Init       stm32f10x_tim.o
    0x080025f0   0x080025f0   0x0000001a   Code   RO         2306    i.TIM_OC2PreloadConfig  stm32f10x_tim.o
    0x0800260a   0x0800260a   0x00000002   PAD
    0x0800260c   0x0800260c   0x000000a0   Code   RO         2308    i.TIM_OC3Init       stm32f10x_tim.o
    0x080026ac   0x080026ac   0x00000012   Code   RO         2311    i.TIM_OC3PreloadConfig  stm32f10x_tim.o
    0x080026be   0x080026be   0x00000002   PAD
    0x080026c0   0x080026c0   0x0000007c   Code   RO         2313    i.TIM_OC4Init       stm32f10x_tim.o
    0x0800273c   0x0800273c   0x0000001a   Code   RO         2315    i.TIM_OC4PreloadConfig  stm32f10x_tim.o
    0x08002756   0x08002756   0x00000002   PAD
    0x08002758   0x08002758   0x000000a4   Code   RO         2340    i.TIM_TimeBaseInit  stm32f10x_tim.o
    0x080027fc   0x080027fc   0x00000088   Code   RO         3389    i.USART1_IRQHandler  usart.o
    0x08002884   0x08002884   0x00000028   Code   RO         3460    i.USART3_IRQHandler  usart3.o
    0x080028ac   0x080028ac   0x00000018   Code   RO         2805    i.USART_Cmd         stm32f10x_usart.o
    0x080028c4   0x080028c4   0x0000009c   Code   RO         2807    i.USART_DeInit      stm32f10x_usart.o
    0x08002960   0x08002960   0x0000001a   Code   RO         2808    i.USART_GetFlagStatus  stm32f10x_usart.o
    0x0800297a   0x0800297a   0x00000054   Code   RO         2809    i.USART_GetITStatus  stm32f10x_usart.o
    0x080029ce   0x080029ce   0x0000004a   Code   RO         2811    i.USART_ITConfig    stm32f10x_usart.o
    0x08002a18   0x08002a18   0x000000d8   Code   RO         2812    i.USART_Init        stm32f10x_usart.o
    0x08002af0   0x08002af0   0x0000000a   Code   RO         2819    i.USART_ReceiveData  stm32f10x_usart.o
    0x08002afa   0x08002afa   0x00000008   Code   RO         2822    i.USART_SendData    stm32f10x_usart.o
    0x08002b02   0x08002b02   0x00000004   Code   RO         3268    i.UsageFault_Handler  stm32f10x_it.o
    0x08002b06   0x08002b06   0x0000000e   Code   RO         6121    i._is_digit         c_w.l(__printf_wp.o)
    0x08002b14   0x08002b14   0x00000004   Code   RO         3390    i._sys_exit         usart.o
    0x08002b18   0x08002b18   0x00000044   Code   RO         3347    i.delay_init        delay.o
    0x08002b5c   0x08002b5c   0x0000004c   Code   RO         3348    i.delay_ms          delay.o
    0x08002ba8   0x08002ba8   0x0000004c   Code   RO         3349    i.delay_us          delay.o
    0x08002bf4   0x08002bf4   0x0000001a   Code   RO         4290    i.exchangeBytes     common.o
    0x08002c0e   0x08002c0e   0x00000002   PAD
    0x08002c10   0x08002c10   0x0000001c   Code   RO         3391    i.fputc             usart.o
    0x08002c2c   0x08002c2c   0x0000000c   Code   RO         4224    i.gizGetTimerCount  gizwits_product.o
    0x08002c38   0x08002c38   0x00000050   Code   RO         4065    i.gizProtocolHeadInit  gizwits_protocol.o
    0x08002c88   0x08002c88   0x00000026   Code   RO         4293    i.gizProtocolSum    common.o
    0x08002cae   0x08002cae   0x00000002   PAD
    0x08002cb0   0x08002cb0   0x00000064   Code   RO         4073    i.gizProtocolWaitAck  gizwits_protocol.o
    0x08002d14   0x08002d14   0x00000074   Code   RO         4075    i.gizPutData        gizwits_protocol.o
    0x08002d88   0x08002d88   0x00000010   Code   RO         4225    i.gizTimerMs        gizwits_product.o
    0x08002d98   0x08002d98   0x00000064   Code   RO         4080    i.gizwitsInit       gizwits_protocol.o
    0x08002dfc   0x08002dfc   0x00000288   Code   RO         4082    i.gizwitsSetMode    gizwits_protocol.o
    0x08003084   0x08003084   0x0000000e   Code   RO         3778    i.i2c_Delay         bh1750.o
    0x08003092   0x08003092   0x00000002   PAD
    0x08003094   0x08003094   0x00000054   Code   RO         3781    i.i2c_SendByte      bh1750.o
    0x080030e8   0x080030e8   0x00000030   Code   RO         3782    i.i2c_Start         bh1750.o
    0x08003118   0x08003118   0x00000020   Code   RO         3783    i.i2c_Stop          bh1750.o
    0x08003138   0x08003138   0x0000003c   Code   RO         3784    i.i2c_WaitAck       bh1750.o
    0x08003174   0x08003174   0x00000058   Code   RO         3047    i.main              main.o
    0x080031cc   0x080031cc   0x00000074   Code   RO         3504    i.oled_first_show   oled.o
    0x08003240   0x08003240   0x00000024   Code   RO         5544    i.osAlarmHeapInfo   los_heap.o
    0x08003264   0x08003264   0x00000024   Code   RO         5709    i.osAtomicBitsetClearBit  los_slab.o
    0x08003288   0x08003288   0x00000050   Code   RO         5711    i.osAtomicBitsetFindClearAndSet  los_slab.o
    0x080032d8   0x080032d8   0x0000002a   Code   RO         5712    i.osAtomicBitsetGetBit  los_slab.o
    0x08003302   0x08003302   0x00000006   Code   RO         5820    i.osAtomicBitsetGetNumBits  los_slab.o
    0x08003308   0x08003308   0x0000002e   Code   RO         5714    i.osAtomicBitsetInit  los_slab.o
    0x08003336   0x08003336   0x00000002   PAD
    0x08003338   0x08003338   0x00000168   Code   RO         5545    i.osHeapAlloc       los_heap.o
    0x080034a0   0x080034a0   0x0000005a   Code   RO         5546    i.osHeapAllocAlign  los_heap.o
    0x080034fa   0x080034fa   0x00000002   PAD
    0x080034fc   0x080034fc   0x00000140   Code   RO         5547    i.osHeapFree        los_heap.o
    0x0800363c   0x0800363c   0x00000044   Code   RO         5550    i.osHeapInit        los_heap.o
    0x08003680   0x08003680   0x0000001a   Code   RO         5551    i.osHeapPrvGetNext  los_heap.o
    0x0800369a   0x0800369a   0x00000002   PAD
    0x0800369c   0x0800369c   0x00000064   Code   RO         5552    i.osHeapStatisticsGet  los_heap.o
    0x08003700   0x08003700   0x00000004   Code   RO         4870    i.osIdleTask        los_task.o
    0x08003704   0x08003704   0x0000004c   Code   RO         4871    i.osIdleTaskCreate  los_task.o
    0x08003750   0x08003750   0x00000008   Code   RO         6049    i.osIntNumGet       los_hwi.o
    0x08003758   0x08003758   0x0000001c   Code   RO         5615    i.osMemSystemInit   los_memory.o
    0x08003774   0x08003774   0x00000064   Code   RO         5268    i.osMuxInit         los_mux.o
    0x080037d8   0x080037d8   0x0000004c   Code   RO         4570    i.osPriqueueDequeue  los_priqueue.o
    0x08003824   0x08003824   0x00000048   Code   RO         4571    i.osPriqueueEnqueue  los_priqueue.o
    0x0800386c   0x0800386c   0x00000048   Code   RO         4572    i.osPriqueueInit    los_priqueue.o
    0x080038b4   0x080038b4   0x00000028   Code   RO         4573    i.osPriqueueSize    los_priqueue.o
    0x080038dc   0x080038dc   0x00000028   Code   RO         4574    i.osPriqueueTop     los_priqueue.o
    0x08003904   0x08003904   0x0000010c   Code   RO         5350    i.osQueueBufferOperate  los_queue.o
    0x08003a10   0x08003a10   0x00000070   Code   RO         5351    i.osQueueInit       los_queue.o
    0x08003a80   0x08003a80   0x00000188   Code   RO         5354    i.osQueueOperate    los_queue.o
    0x08003c08   0x08003c08   0x00000040   Code   RO         5355    i.osQueueReadParameterCheck  los_queue.o
    0x08003c48   0x08003c48   0x00000040   Code   RO         5356    i.osQueueWriteParameterCheck  los_queue.o
    0x08003c88   0x08003c88   0x0000000c   Code   RO         4492    i.osRegister        los_init.o
    0x08003c94   0x08003c94   0x00000008   Code   RO         5984    i.osSchedule        los_hw.o
    0x08003c9c   0x08003c9c   0x00000060   Code   RO         5481    i.osSemInit         los_sem.o
    0x08003cfc   0x08003cfc   0x0000001e   Code   RO         5715    i.osSlabAllocatorAlloc  los_slab.o
    0x08003d1a   0x08003d1a   0x00000048   Code   RO         5719    i.osSlabAllocatorFree  los_slab.o
    0x08003d62   0x08003d62   0x0000005c   Code   RO         5726    i.osSlabAllocatorNew  los_slab.o
    0x08003dbe   0x08003dbe   0x00000012   Code   RO         5831    i.osSlabBlockHeadFill  los_slabmem.o
    0x08003dd0   0x08003dd0   0x00000008   Code   RO         5616    i.osSlabCtrlHdrGet  los_memory.o
    0x08003dd8   0x08003dd8   0x000000a0   Code   RO         5833    i.osSlabMemAlloc    los_slabmem.o
    0x08003e78   0x08003e78   0x00000074   Code   RO         5836    i.osSlabMemFree     los_slabmem.o
    0x08003eec   0x08003eec   0x0000006c   Code   RO         5837    i.osSlabMemInit     los_slabmem.o
    0x08003f58   0x08003f58   0x000000a0   Code   RO         4665    i.osSwTmrInit       los_swtmr.o
    0x08003ff8   0x08003ff8   0x00000208   Code   RO         4666    i.osSwTmrStart      los_swtmr.o
    0x08004200   0x08004200   0x00000044   Code   RO         4667    i.osSwTmrTask       los_swtmr.o
    0x08004244   0x08004244   0x00000044   Code   RO         4668    i.osSwTmrTaskCreate  los_swtmr.o
    0x08004288   0x08004288   0x00000080   Code   RO         4669    i.osSwTmrTimeoutHandle  los_swtmr.o
    0x08004308   0x08004308   0x00000030   Code   RO         4671    i.osSwtmrDelete     los_swtmr.o
    0x08004338   0x08004338   0x00000024   Code   RO         4672    i.osSwtmrScan       los_swtmr.o
    0x0800435c   0x0800435c   0x000000c0   Code   RO         4872    i.osTaskAdd2TimerList  los_task.o
    0x0800441c   0x0800441c   0x00000030   Code   RO         4873    i.osTaskEntry       los_task.o
    0x0800444c   0x0800444c   0x00000006   Code   RO         5985    i.osTaskExit        los_hw.o
    0x08004452   0x08004452   0x00000002   PAD
    0x08004454   0x08004454   0x00000128   Code   RO         4874    i.osTaskInit        los_task.o
    0x0800457c   0x0800457c   0x00000030   Code   RO         4875    i.osTaskMonInit     los_task.o
    0x080045ac   0x080045ac   0x000000dc   Code   RO         4877    i.osTaskScan        los_task.o
    0x08004688   0x08004688   0x00000184   Code   RO         4878    i.osTaskSwitchCheck  los_task.o
    0x0800480c   0x0800480c   0x0000004c   Code   RO         4879    i.osTaskWait        los_task.o
    0x08004858   0x08004858   0x00000046   Code   RO         4880    i.osTaskWake        los_task.o
    0x0800489e   0x0800489e   0x00000002   PAD
    0x080048a0   0x080048a0   0x00000028   Code   RO         5131    i.osTickHandler     los_tick.o
    0x080048c8   0x080048c8   0x000000b4   Code   RO         6021    i.osTickStart       los_hw_tick.o
    0x0800497c   0x0800497c   0x00000048   Code   RO         4881    i.osTimerListDelete  los_task.o
    0x080049c4   0x080049c4   0x0000004c   Code   RO         5170    i.osTimesliceCheck  los_timeslice.o
    0x08004a10   0x08004a10   0x00000010   Code   RO         5171    i.osTimesliceInit   los_timeslice.o
    0x08004a20   0x08004a20   0x0000008c   Code   RO         5986    i.osTskStackInit    los_hw.o
    0x08004aac   0x08004aac   0x00000038   Code   RO         4433    i.rbCanRead         ringbuffer.o
    0x08004ae4   0x08004ae4   0x0000001e   Code   RO         4434    i.rbCanWrite        ringbuffer.o
    0x08004b02   0x08004b02   0x0000000e   Code   RO         4435    i.rbCapacity        ringbuffer.o
    0x08004b10   0x08004b10   0x00000016   Code   RO         4436    i.rbCreate          ringbuffer.o
    0x08004b26   0x08004b26   0x0000009a   Code   RO         4439    i.rbWrite           ringbuffer.o
    0x08004bc0   0x08004bc0   0x000000b4   Code   RO         4228    i.uartWrite         gizwits_product.o
    0x08004c74   0x08004c74   0x000000a8   Code   RO         3392    i.uart_init         usart.o
    0x08004d1c   0x08004d1c   0x000000b0   Code   RO         3461    i.usart3_init       usart3.o
    0x08004dcc   0x08004dcc   0x0000002c   Code   RO         4230    i.userInit          gizwits_product.o
    0x08004df8   0x08004df8   0x00000818   Data   RO         3507    .constdata          oled.o
    0x08005610   0x08005610   0x00000028   Data   RO         6103    .constdata          c_w.l(_printf_hex_int_ptr.o)
    0x08005638   0x08005638   0x00000011   Data   RO         6124    .constdata          c_w.l(__printf_flags_wp.o)
    0x08005649   0x08005649   0x00000003   PAD
    0x0800564c   0x0800564c   0x00000020   Data   RO         6423    Region$$Table       anon$$obj.o


    Execution Region RW_IRAM1 (Exec base: 0x20000000, Load base: 0x0800566c, Size: 0x00000bb8, Max: 0x00005000, ABSOLUTE, COMPRESSED[0x00000020])

    Exec Addr    Load Addr    Size         Type   Attr      Idx    E Section Name        Object

    0x20000000   COMPRESSED   0x00000014   Data   RW         1656    .data               stm32f10x_rcc.o
    0x20000014   COMPRESSED   0x00000038   Data   RW         3051    .data               main.o
    0x2000004c   COMPRESSED   0x00000014   Data   RW         3317    .data               system_stm32f10x.o
    0x20000060   COMPRESSED   0x00000004   Data   RW         3350    .data               delay.o
    0x20000064   COMPRESSED   0x00000006   Data   RW         3394    .data               usart.o
    0x2000006a   COMPRESSED   0x00000002   PAD
    0x2000006c   COMPRESSED   0x00000004   Data   RW         4015    .data               dma1.o
    0x20000070   COMPRESSED   0x00000005   Data   RW         4232    .data               gizwits_product.o
    0x20000075   COMPRESSED   0x00000003   PAD
    0x20000078   COMPRESSED   0x00000004   Data   RW         4493    .data               los_init.o
    0x2000007c   COMPRESSED   0x00000008   Data   RW         4576    .data               los_priqueue.o
    0x20000084   COMPRESSED   0x0000001c   Data   RW         4676    .data               los_swtmr.o
    0x200000a0   COMPRESSED   0x00000048   Data   RW         4884    .data               los_task.o
    0x200000e8   COMPRESSED   0x0000001c   Data   RW         5132    .data               los_tick.o
    0x20000104   COMPRESSED   0x00000008   Data   RW         5172    .data               los_timeslice.o
    0x2000010c   COMPRESSED   0x0000000c   Data   RW         5269    .data               los_mux.o
    0x20000118   COMPRESSED   0x0000000c   Data   RW         5357    .data               los_queue.o
    0x20000124   COMPRESSED   0x0000000c   Data   RW         5482    .data               los_sem.o
    0x20000130   COMPRESSED   0x00000010   Data   RW         5553    .data               los_heap.o
    0x20000140   COMPRESSED   0x00000004   Data   RW         5617    .data               los_memory.o
    0x20000144        -       0x00000028   Zero   RW         3050    .bss                main.o
    0x2000016c        -       0x000000c8   Zero   RW         3393    .bss                usart.o
    0x20000234        -       0x00000174   Zero   RW         4083    .bss                gizwits_protocol.o
    0x200003a8        -       0x00000013   Zero   RW         4231    .bss                gizwits_product.o
    0x200003bb   COMPRESSED   0x00000001   PAD
    0x200003bc        -       0x00000040   Zero   RW         4675    .bss                los_swtmr.o
    0x200003fc        -       0x00000156   Zero   RW         4882    .bss                los_task.o
    0x20000552   COMPRESSED   0x00000002   PAD
    0x20000554        -       0x00000060   Zero   RW         6281    .bss                c_w.l(libspace.o)
    0x200005b4   COMPRESSED   0x00000004   PAD
    0x200005b8        -       0x00000200   Zero   RW           18    HEAP                startup_stm32f10x_md.o
    0x200007b8        -       0x00000400   Zero   RW           17    STACK               startup_stm32f10x_md.o


==============================================================================

Image component sizes


      Code (inc. data)   RO Data    RW Data    ZI Data      Debug   Object Name

       148          8          0          0          0        575   adc.o
       364         24          0          0          0       4280   bh1750.o
         0          0          0          0          0      15087   bsp_systick.o
        64          0          0          0          0       1613   common.o
         0          0          0          0          0       4524   core_cm3.o
       220         26          0          4          0       1611   delay.o
       372         28          0          0          0       2881   dht11.o
        28          4          0          4          0       1098   dma1.o
       252         52          0          5         19       3185   gizwits_product.o
      1044        258          0          0        372       5586   gizwits_protocol.o
        52          6          0          0          0        463   led.o
       204         24          0          0          0        428   los_dispatch_keil.o
      1000        114          0         16          0       7182   los_heap.o
       218         18          0          0          0       2830   los_hw.o
       180         28          0          0          0        842   los_hw_tick.o
        52         10          0          0          0      16127   los_hwi.o
       360        140          0          4          0      13124   los_init.o
       418         70          0          4          0       4590   los_memory.o
        28          0          0          0          0        596   los_misc.o
       120         18          0         12          0      11960   los_mux.o
       316         38          0          8          0      15778   los_priqueue.o
      1268        100          0         12          0      20408   los_queue.o
       116         16          0         12          0       3272   los_sem.o
       404          0          0          0          0       6502   los_slab.o
       402          0          0          0          0       4043   los_slabmem.o
      1028         90          0         28         64      12850   los_swtmr.o
        12          6          0          0          0        491   los_sys.o
      2750        374          0         72        342      25640   los_task.o
        40          6          0         28          0        980   los_tick.o
        92         16          0          8          0       1249   los_timeslice.o
       748        306          0         56         40      25215   main.o
       172         22          0          0          0     256513   misc.o
      1336        102       2072          0          0      10166   oled.o
       176          6          0          0          0        715   pwm.o
       276          0          0          0          0       4895   ringbuffer.o
        64         26        236          0       1536        780   startup_stm32f10x_md.o
       254         24          0          0          0       5911   stm32f10x_adc.o
        72         18          0          0          0       1072   stm32f10x_dma.o
       448          6          0          0          0       4458   stm32f10x_gpio.o
        22          0          0          0          0       2823   stm32f10x_it.o
       364         50          0         20          0       6035   stm32f10x_rcc.o
       764         72          0          0          0       7233   stm32f10x_tim.o
       598         28          0          0          0       6660   stm32f10x_usart.o
       328         28          0         20          0       2157   system_stm32f10x.o
       128         12          0          0          0       1078   timer.o
       336         26          0          6        200       4044   usart.o
       216         16          0          0          0       1166   usart3.o

    ----------------------------------------------------------------------
     17894       2216       2340        324       2576     530716   Object Totals
         0          0         32          0          0          0   (incl. Generated)
        40          0          0          5          3          0   (incl. Padding)

    ----------------------------------------------------------------------

      Code (inc. data)   RO Data    RW Data    ZI Data      Debug   Library Member Name

        90          0          0          0          0          0   __dczerorl2.o
         8          0          0          0          0         68   __main.o
       312          4         17          0          0         92   __printf_flags_wp.o
        14          0          0          0          0         68   __printf_wp.o
         0          0          0          0          0          0   __rtentry.o
        12          0          0          0          0          0   __rtentry2.o
         6          0          0          0          0          0   __rtentry4.o
        52          8          0          0          0          0   __scatter.o
        28          0          0          0          0          0   __scatter_zi.o
        44          0          0          0          0        108   _printf_char.o
        48          6          0          0          0         96   _printf_char_common.o
        36          4          0          0          0         80   _printf_char_file.o
         6          0          0          0          0          0   _printf_d.o
       120         16          0          0          0         92   _printf_dec.o
       124          4         40          0          0        144   _printf_hex_int_ptr.o
       178          0          0          0          0         88   _printf_intcommon.o
         6          0          0          0          0          0   _printf_p.o
        78          0          0          0          0        108   _printf_pad.o
         0          0          0          0          0          0   _printf_percent.o
         4          0          0          0          0          0   _printf_percent_end.o
         6          0          0          0          0          0   _printf_s.o
        82          0          0          0          0         80   _printf_str.o
         6          0          0          0          0          0   _printf_x.o
        16          0          0          0          0         68   aeabi_memset.o
        18          0          0          0          0         80   exit.o
         8          0          0          0          0         68   ferror.o
         6          0          0          0          0        152   heapauxi.o
         2          0          0          0          0          0   libinit.o
         2          0          0          0          0          0   libinit2.o
         2          0          0          0          0          0   libshutdown.o
         2          0          0          0          0          0   libshutdown2.o
         8          4          0          0         96         68   libspace.o
        24          4          0          0          0         84   noretval__2printf.o
        68          0          0          0          0         68   rt_memclr.o
        78          0          0          0          0         80   rt_memclr_w.o
       138          0          0          0          0         68   rt_memcpy_v6.o
       100          0          0          0          0         80   rt_memcpy_w.o
         2          0          0          0          0          0   rtexit.o
        10          0          0          0          0          0   rtexit2.o
        74          0          0          0          0         80   sys_stackheap_outer.o
         2          0          0          0          0         68   use_no_semi.o
         2          0          0          0          0         68   use_no_semi_2.o

    ----------------------------------------------------------------------
      1830         50         60          0        100       2056   Library Totals
         8          0          3          0          4          0   (incl. Padding)

    ----------------------------------------------------------------------

      Code (inc. data)   RO Data    RW Data    ZI Data      Debug   Library Name

      1822         50         57          0         96       2056   c_w.l

    ----------------------------------------------------------------------
      1830         50         60          0        100       2056   Library Totals

    ----------------------------------------------------------------------

==============================================================================


      Code (inc. data)   RO Data    RW Data    ZI Data      Debug   

     19724       2266       2400        324       2676     521016   Grand Totals
     19724       2266       2400         32       2676     521016   ELF Image Totals (compressed)
     19724       2266       2400         32          0          0   ROM Totals

==============================================================================

    Total RO  Size (Code + RO Data)                22124 (  21.61kB)
    Total RW  Size (RW Data + ZI Data)              3000 (   2.93kB)
    Total ROM Size (Code + RO Data + RW Data)      22156 (  21.64kB)

==============================================================================

